Archive member included to satisfy reference by file (symbol)

C:/Program Files/ST/STM32CubeIDE_1.16.0/STM32CubeIDE/plugins/com.st.stm32cube.ide.mcu.externaltools.gnu-tools-for-stm32.12.3.rel1.win32_1.0.200.202406191623/tools/bin/../lib/gcc/arm-none-eabi/12.3.1/../../../../arm-none-eabi/lib/thumb/v7e-m+fp/hard\libstdc++_nano.a(class_type_info.o)
                              ./Core/Src/abstractL6470.o (vtable for __cxxabiv1::__class_type_info)
C:/Program Files/ST/STM32CubeIDE_1.16.0/STM32CubeIDE/plugins/com.st.stm32cube.ide.mcu.externaltools.gnu-tools-for-stm32.12.3.rel1.win32_1.0.200.202406191623/tools/bin/../lib/gcc/arm-none-eabi/12.3.1/../../../../arm-none-eabi/lib/thumb/v7e-m+fp/hard\libstdc++_nano.a(del_ops.o)
                              ./Core/Src/BlocMoteurs.o (operator delete(void*, unsigned int))
C:/Program Files/ST/STM32CubeIDE_1.16.0/STM32CubeIDE/plugins/com.st.stm32cube.ide.mcu.externaltools.gnu-tools-for-stm32.12.3.rel1.win32_1.0.200.202406191623/tools/bin/../lib/gcc/arm-none-eabi/12.3.1/../../../../arm-none-eabi/lib/thumb/v7e-m+fp/hard\libstdc++_nano.a(del_opv.o)
                              ./Core/Src/BlocMoteurs.o (operator delete[](void*))
C:/Program Files/ST/STM32CubeIDE_1.16.0/STM32CubeIDE/plugins/com.st.stm32cube.ide.mcu.externaltools.gnu-tools-for-stm32.12.3.rel1.win32_1.0.200.202406191623/tools/bin/../lib/gcc/arm-none-eabi/12.3.1/../../../../arm-none-eabi/lib/thumb/v7e-m+fp/hard\libstdc++_nano.a(eh_arm.o)
                              ./Core/Src/BlocMoteurs.o (__cxa_end_cleanup)
C:/Program Files/ST/STM32CubeIDE_1.16.0/STM32CubeIDE/plugins/com.st.stm32cube.ide.mcu.externaltools.gnu-tools-for-stm32.12.3.rel1.win32_1.0.200.202406191623/tools/bin/../lib/gcc/arm-none-eabi/12.3.1/../../../../arm-none-eabi/lib/thumb/v7e-m+fp/hard\libstdc++_nano.a(eh_exception.o)
                              C:/Program Files/ST/STM32CubeIDE_1.16.0/STM32CubeIDE/plugins/com.st.stm32cube.ide.mcu.externaltools.gnu-tools-for-stm32.12.3.rel1.win32_1.0.200.202406191623/tools/bin/../lib/gcc/arm-none-eabi/12.3.1/../../../../arm-none-eabi/lib/thumb/v7e-m+fp/hard\libstdc++_nano.a(eh_arm.o) (typeinfo for __cxxabiv1::__forced_unwind)
C:/Program Files/ST/STM32CubeIDE_1.16.0/STM32CubeIDE/plugins/com.st.stm32cube.ide.mcu.externaltools.gnu-tools-for-stm32.12.3.rel1.win32_1.0.200.202406191623/tools/bin/../lib/gcc/arm-none-eabi/12.3.1/../../../../arm-none-eabi/lib/thumb/v7e-m+fp/hard\libstdc++_nano.a(eh_globals.o)
                              C:/Program Files/ST/STM32CubeIDE_1.16.0/STM32CubeIDE/plugins/com.st.stm32cube.ide.mcu.externaltools.gnu-tools-for-stm32.12.3.rel1.win32_1.0.200.202406191623/tools/bin/../lib/gcc/arm-none-eabi/12.3.1/../../../../arm-none-eabi/lib/thumb/v7e-m+fp/hard\libstdc++_nano.a(eh_arm.o) (__cxa_get_globals)
C:/Program Files/ST/STM32CubeIDE_1.16.0/STM32CubeIDE/plugins/com.st.stm32cube.ide.mcu.externaltools.gnu-tools-for-stm32.12.3.rel1.win32_1.0.200.202406191623/tools/bin/../lib/gcc/arm-none-eabi/12.3.1/../../../../arm-none-eabi/lib/thumb/v7e-m+fp/hard\libstdc++_nano.a(eh_personality.o)
                              ./Core/Src/BlocMoteurs.o (__gxx_personality_v0)
C:/Program Files/ST/STM32CubeIDE_1.16.0/STM32CubeIDE/plugins/com.st.stm32cube.ide.mcu.externaltools.gnu-tools-for-stm32.12.3.rel1.win32_1.0.200.202406191623/tools/bin/../lib/gcc/arm-none-eabi/12.3.1/../../../../arm-none-eabi/lib/thumb/v7e-m+fp/hard\libstdc++_nano.a(eh_terminate.o)
                              C:/Program Files/ST/STM32CubeIDE_1.16.0/STM32CubeIDE/plugins/com.st.stm32cube.ide.mcu.externaltools.gnu-tools-for-stm32.12.3.rel1.win32_1.0.200.202406191623/tools/bin/../lib/gcc/arm-none-eabi/12.3.1/../../../../arm-none-eabi/lib/thumb/v7e-m+fp/hard\libstdc++_nano.a(eh_arm.o) (std::terminate())
C:/Program Files/ST/STM32CubeIDE_1.16.0/STM32CubeIDE/plugins/com.st.stm32cube.ide.mcu.externaltools.gnu-tools-for-stm32.12.3.rel1.win32_1.0.200.202406191623/tools/bin/../lib/gcc/arm-none-eabi/12.3.1/../../../../arm-none-eabi/lib/thumb/v7e-m+fp/hard\libstdc++_nano.a(eh_unex_handler.o)
                              C:/Program Files/ST/STM32CubeIDE_1.16.0/STM32CubeIDE/plugins/com.st.stm32cube.ide.mcu.externaltools.gnu-tools-for-stm32.12.3.rel1.win32_1.0.200.202406191623/tools/bin/../lib/gcc/arm-none-eabi/12.3.1/../../../../arm-none-eabi/lib/thumb/v7e-m+fp/hard\libstdc++_nano.a(eh_terminate.o) (__cxxabiv1::__unexpected_handler)
C:/Program Files/ST/STM32CubeIDE_1.16.0/STM32CubeIDE/plugins/com.st.stm32cube.ide.mcu.externaltools.gnu-tools-for-stm32.12.3.rel1.win32_1.0.200.202406191623/tools/bin/../lib/gcc/arm-none-eabi/12.3.1/../../../../arm-none-eabi/lib/thumb/v7e-m+fp/hard\libstdc++_nano.a(new_op.o)
                              ./Core/Src/BlocMoteurs.o (operator new(unsigned int))
[...]
Memory Configuration

Name             Origin             Length             Attributes
RAM              0x20000000         0x00020000         xrw
FLASH            0x08000000         0x00080000         xr
*default*        0x00000000         0xffffffff

Linker script and memory map

LOAD C:/Program Files/ST/STM32CubeIDE_1.16.0/STM32CubeIDE/plugins/com.st.stm32cube.ide.mcu.externaltools.gnu-tools-for-stm32.12.3.rel1.win32_1.0.200.202406191623/tools/bin/../lib/gcc/arm-none-eabi/12.3.1/thumb/v7e-m+fp/hard/crti.o
LOAD C:/Program Files/ST/STM32CubeIDE_1.16.0/STM32CubeIDE/plugins/com.st.stm32cube.ide.mcu.externaltools.gnu-tools-for-stm32.12.3.rel1.win32_1.0.200.202406191623/tools/bin/../lib/gcc/arm-none-eabi/12.3.1/thumb/v7e-m+fp/hard/crtbegin.o
LOAD C:/Program Files/ST/STM32CubeIDE_1.16.0/STM32CubeIDE/plugins/com.st.stm32cube.ide.mcu.externaltools.gnu-tools-for-stm32.12.3.rel1.win32_1.0.200.202406191623/tools/bin/../lib/gcc/arm-none-eabi/12.3.1/../../../../arm-none-eabi/lib/thumb/v7e-m+fp/hard/crt0.o
LOAD ./Core/Src/BlocMoteurs.o
LOAD ./Core/Src/Embase3Roues.o
LOAD ./Core/Src/abstractL6470.o
LOAD ./Core/Src/commandParser.o
LOAD ./Core/Src/main.o
LOAD ./Core/Src/stm32f4xx_hal_msp.o
LOAD ./Core/Src/stm32f4xx_it.o
LOAD ./Core/Src/syscalls.o
LOAD ./Core/Src/sysmem.o
LOAD ./Core/Src/system_stm32f4xx.o
LOAD ./Core/Startup/startup_stm32f446retx.o
LOAD ./Drivers/STM32F4xx_HAL_Driver/Src/stm32f4xx_hal.o
LOAD ./Drivers/STM32F4xx_HAL_Driver/Src/stm32f4xx_hal_cortex.o
LOAD ./Drivers/STM32F4xx_HAL_Driver/Src/stm32f4xx_hal_dma.o
LOAD ./Drivers/STM32F4xx_HAL_Driver/Src/stm32f4xx_hal_dma_ex.o
LOAD ./Drivers/STM32F4xx_HAL_Driver/Src/stm32f4xx_hal_exti.o
LOAD ./Drivers/STM32F4xx_HAL_Driver/Src/stm32f4xx_hal_flash.o
LOAD ./Drivers/STM32F4xx_HAL_Driver/Src/stm32f4xx_hal_flash_ex.o
LOAD ./Drivers/STM32F4xx_HAL_Driver/Src/stm32f4xx_hal_flash_ramfunc.o
LOAD ./Drivers/STM32F4xx_HAL_Driver/Src/stm32f4xx_hal_gpio.o
LOAD ./Drivers/STM32F4xx_HAL_Driver/Src/stm32f4xx_hal_pwr.o
LOAD ./Drivers/STM32F4xx_HAL_Driver/Src/stm32f4xx_hal_pwr_ex.o
LOAD ./Drivers/STM32F4xx_HAL_Driver/Src/stm32f4xx_hal_rcc.o
LOAD ./Drivers/STM32F4xx_HAL_Driver/Src/stm32f4xx_hal_rcc_ex.o
LOAD ./Drivers/STM32F4xx_HAL_Driver/Src/stm32f4xx_hal_spi.o
LOAD ./Drivers/STM32F4xx_HAL_Driver/Src/stm32f4xx_hal_tim.o
LOAD ./Drivers/STM32F4xx_HAL_Driver/Src/stm32f4xx_hal_tim_ex.o
LOAD ./Drivers/STM32F4xx_HAL_Driver/Src/stm32f4xx_hal_uart.o
START GROUP
LOAD C:/Program Files/ST/STM32CubeIDE_1.16.0/STM32CubeIDE/plugins/com.st.stm32cube.ide.mcu.externaltools.gnu-tools-for-stm32.12.3.rel1.win32_1.0.200.202406191623/tools/bin/../lib/gcc/arm-none-eabi/12.3.1/../../../../arm-none-eabi/lib/thumb/v7e-m+fp/hard\libstdc++_nano.a
LOAD C:/Program Files/ST/STM32CubeIDE_1.16.0/STM32CubeIDE/plugins/com.st.stm32cube.ide.mcu.externaltools.gnu-tools-for-stm32.12.3.rel1.win32_1.0.200.202406191623/tools/bin/../lib/gcc/arm-none-eabi/12.3.1/../../../../arm-none-eabi/lib/thumb/v7e-m+fp/hard\libsupc++_nano.a
END GROUP
LOAD C:/Program Files/ST/STM32CubeIDE_1.16.0/STM32CubeIDE/plugins/com.st.stm32cube.ide.mcu.externaltools.gnu-tools-for-stm32.12.3.rel1.win32_1.0.200.202406191623/tools/bin/../lib/gcc/arm-none-eabi/12.3.1/../../../../arm-none-eabi/lib/thumb/v7e-m+fp/hard\libstdc++_nano.a
LOAD C:/Program Files/ST/STM32CubeIDE_1.16.0/STM32CubeIDE/plugins/com.st.stm32cube.ide.mcu.externaltools.gnu-tools-for-stm32.12.3.rel1.win32_1.0.200.202406191623/tools/bin/../lib/gcc/arm-none-eabi/12.3.1/../../../../arm-none-eabi/lib/thumb/v7e-m+fp/hard\libm.a
LOAD C:/Program Files/ST/STM32CubeIDE_1.16.0/STM32CubeIDE/plugins/com.st.stm32cube.ide.mcu.externaltools.gnu-tools-for-stm32.12.3.rel1.win32_1.0.200.202406191623/tools/bin/../lib/gcc/arm-none-eabi/12.3.1/../../../../arm-none-eabi/lib/thumb/v7e-m+fp/hard\libc_nano.a
START GROUP
LOAD C:/Program Files/ST/STM32CubeIDE_1.16.0/STM32CubeIDE/plugins/com.st.stm32cube.ide.mcu.externaltools.gnu-tools-for-stm32.12.3.rel1.win32_1.0.200.202406191623/tools/bin/../lib/gcc/arm-none-eabi/12.3.1/thumb/v7e-m+fp/hard\libgcc.a
LOAD C:/Program Files/ST/STM32CubeIDE_1.16.0/STM32CubeIDE/plugins/com.st.stm32cube.ide.mcu.externaltools.gnu-tools-for-stm32.12.3.rel1.win32_1.0.200.202406191623/tools/bin/../lib/gcc/arm-none-eabi/12.3.1/../../../../arm-none-eabi/lib/thumb/v7e-m+fp/hard\libc_nano.a
END GROUP
START GROUP
LOAD C:/Program Files/ST/STM32CubeIDE_1.16.0/STM32CubeIDE/plugins/com.st.stm32cube.ide.mcu.externaltools.gnu-tools-for-stm32.12.3.rel1.win32_1.0.200.202406191623/tools/bin/../lib/gcc/arm-none-eabi/12.3.1/thumb/v7e-m+fp/hard\libgcc.a
LOAD C:/Program Files/ST/STM32CubeIDE_1.16.0/STM32CubeIDE/plugins/com.st.stm32cube.ide.mcu.externaltools.gnu-tools-for-stm32.12.3.rel1.win32_1.0.200.202406191623/tools/bin/../lib/gcc/arm-none-eabi/12.3.1/../../../../arm-none-eabi/lib/thumb/v7e-m+fp/hard\libc_nano.a
END GROUP
LOAD C:/Program Files/ST/STM32CubeIDE_1.16.0/STM32CubeIDE/plugins/com.st.stm32cube.ide.mcu.externaltools.gnu-tools-for-stm32.12.3.rel1.win32_1.0.200.202406191623/tools/bin/../lib/gcc/arm-none-eabi/12.3.1/thumb/v7e-m+fp/hard/crtend.o
LOAD C:/Program Files/ST/STM32CubeIDE_1.16.0/STM32CubeIDE/plugins/com.st.stm32cube.ide.mcu.externaltools.gnu-tools-for-stm32.12.3.rel1.win32_1.0.200.202406191623/tools/bin/../lib/gcc/arm-none-eabi/12.3.1/thumb/v7e-m+fp/hard/crtn.o
                0x20020000                        _estack = (ORIGIN (RAM) + LENGTH (RAM))
                0x00000200                        _Min_Heap_Size = 0x200
                0x00000400                        _Min_Stack_Size = 0x400

.isr_vector     0x08000000      0x1c4
                0x08000000                        . = ALIGN (0x4)
 *(.isr_vector)
 .isr_vector    0x08000000      0x1c4 ./Core/Startup/startup_stm32f446retx.o
                0x08000000                g_pfnVectors
                0x080001c4                        . = ALIGN (0x4)

.text           0x080001d0    0x16a88
                0x080001d0                        . = ALIGN (0x4)
 *(.text)
 .text          0x080001d0       0x40 C:/Program Files/ST/STM32CubeIDE_1.16.0/STM32CubeIDE/plugins/com.st.stm32cube.ide.mcu.externaltools.gnu-tools-for-stm32.12.3.rel1.win32_1.0.200.202406191623/tools/bin/../lib/gcc/arm-none-eabi/12.3.1/thumb/v7e-m+fp/hard/crtbegin.o
 .text          0x08000210       0x14 C:/Program Files/ST/STM32CubeIDE_1.16.0/STM32CubeIDE/plugins/com.st.stm32cube.ide.mcu.externaltools.gnu-tools-for-stm32.12.3.rel1.win32_1.0.200.202406191623/tools/bin/../lib/gcc/arm-none-eabi/12.3.1/../../../../arm-none-eabi/lib/thumb/v7e-m+fp/hard\libc_nano.a(libc_a-strcmp.o)
                0x08000210                strcmp
 *fill*         0x08000224        0xc 
 .text          0x08000230       0xa0 C:/Program Files/ST/STM32CubeIDE_1.16.0/STM32CubeIDE/plugins/com.st.stm32cube.ide.mcu.externaltools.gnu-tools-for-stm32.12.3.rel1.win32_1.0.200.202406191623/tools/bin/../lib/gcc/arm-none-eabi/12.3.1/../../../../arm-none-eabi/lib/thumb/v7e-m+fp/hard\libc_nano.a(libc_a-memchr.o)
                0x08000230                memchr
 .text          0x080002d0       0x10 C:/Program Files/ST/STM32CubeIDE_1.16.0/STM32CubeIDE/plugins/com.st.stm32cube.ide.mcu.externaltools.gnu-tools-for-stm32.12.3.rel1.win32_1.0.200.202406191623/tools/bin/../lib/gcc/arm-none-eabi/12.3.1/../../../../arm-none-eabi/lib/thumb/v7e-m+fp/hard\libc_nano.a(libc_a-strlen.o)
                0x080002d0                strlen
 .text          0x080002e0      0x378 C:/Program Files/ST/STM32CubeIDE_1.16.0/STM32CubeIDE/plugins/com.st.stm32cube.ide.mcu.externaltools.gnu-tools-for-stm32.12.3.rel1.win32_1.0.200.202406191623/tools/bin/../lib/gcc/arm-none-eabi/12.3.1/thumb/v7e-m+fp/hard\libgcc.a(_arm_addsubdf3.o)
                0x080002e0                __aeabi_drsub
                0x080002e8                __aeabi_dsub
                0x080002e8                __subdf3
                0x080002ec                __aeabi_dadd
                0x080002ec                __adddf3
                0x08000564                __floatunsidf
                0x08000564                __aeabi_ui2d
                0x08000584                __floatsidf
                0x08000584                __aeabi_i2d
                0x080005a8                __aeabi_f2d
                0x080005a8                __extendsfdf2
                0x080005ec                __floatundidf
                0x080005ec                __aeabi_ul2d
                0x080005fc                __floatdidf
                0x080005fc                __aeabi_l2d
 .text          0x08000658      0x424 C:/Program Files/ST/STM32CubeIDE_1.16.0/STM32CubeIDE/plugins/com.st.stm32cube.ide.mcu.externaltools.gnu-tools-for-stm32.12.3.rel1.win32_1.0.200.202406191623/tools/bin/../lib/gcc/arm-none-eabi/12.3.1/thumb/v7e-m+fp/hard\libgcc.a(_arm_muldivdf3.o)
                0x08000658                __aeabi_dmul
                0x08000658                __muldf3
                0x080008ac                __divdf3
                0x080008ac                __aeabi_ddiv
 .text          0x08000a7c      0x110 C:/Program Files/ST/STM32CubeIDE_1.16.0/STM32CubeIDE/plugins/com.st.stm32cube.ide.mcu.externaltools.gnu-tools-for-stm32.12.3.rel1.win32_1.0.200.202406191623/tools/bin/../lib/gcc/arm-none-eabi/12.3.1/thumb/v7e-m+fp/hard\libgcc.a(_arm_cmpdf2.o)
                0x08000a7c                __gtdf2
                0x08000a7c                __gedf2
                0x08000a84                __ltdf2
                0x08000a84                __ledf2
                0x08000a8c                __nedf2
                0x08000a8c                __eqdf2
                0x08000a8c                __cmpdf2
                0x08000b08                __aeabi_cdrcmple
                0x08000b18                __aeabi_cdcmpeq
                0x08000b18                __aeabi_cdcmple
                0x08000b28                __aeabi_dcmpeq
                0x08000b3c                __aeabi_dcmplt
                0x08000b50                __aeabi_dcmple
                0x08000b64                __aeabi_dcmpge
                0x08000b78                __aeabi_dcmpgt
 .text          0x08000b8c       0x2c C:/Program Files/ST/STM32CubeIDE_1.16.0/STM32CubeIDE/plugins/com.st.stm32cube.ide.mcu.externaltools.gnu-tools-for-stm32.12.3.rel1.win32_1.0.200.202406191623/tools/bin/../lib/gcc/arm-none-eabi/12.3.1/thumb/v7e-m+fp/hard\libgcc.a(_arm_unorddf2.o)
                0x08000b8c                __unorddf2
                0x08000b8c                __aeabi_dcmpun
 .text          0x08000bb8       0x50 C:/Program Files/ST/STM32CubeIDE_1.16.0/STM32CubeIDE/plugins/com.st.stm32cube.ide.mcu.externaltools.gnu-tools-for-stm32.12.3.rel1.win32_1.0.200.202406191623/tools/bin/../lib/gcc/arm-none-eabi/12.3.1/thumb/v7e-m+fp/hard\libgcc.a(_arm_fixdfsi.o)
                0x08000bb8                __aeabi_d2iz
                0x08000bb8                __fixdfsi
 .text          0x08000c08       0x40 C:/Program Files/ST/STM32CubeIDE_1.16.0/STM32CubeIDE/plugins/com.st.stm32cube.ide.mcu.externaltools.gnu-tools-for-stm32.12.3.rel1.win32_1.0.200.202406191623/tools/bin/../lib/gcc/arm-none-eabi/12.3.1/thumb/v7e-m+fp/hard\libgcc.a(_arm_fixunsdfsi.o)
                0x08000c08                __aeabi_d2uiz
                0x08000c08                __fixunsdfsi
 .text          0x08000c48       0xa0 C:/Program Files/ST/STM32CubeIDE_1.16.0/STM32CubeIDE/plugins/com.st.stm32cube.ide.mcu.externaltools.gnu-tools-for-stm32.12.3.rel1.win32_1.0.200.202406191623/tools/bin/../lib/gcc/arm-none-eabi/12.3.1/thumb/v7e-m+fp/hard\libgcc.a(_arm_truncdfsf2.o)
                0x08000c48                __truncdfsf2
                0x08000c48                __aeabi_d2f
 .text          0x08000ce8       0x30 C:/Program Files/ST/STM32CubeIDE_1.16.0/STM32CubeIDE/plugins/com.st.stm32cube.ide.mcu.externaltools.gnu-tools-for-stm32.12.3.rel1.win32_1.0.200.202406191623/tools/bin/../lib/gcc/arm-none-eabi/12.3.1/thumb/v7e-m+fp/hard\libgcc.a(_aeabi_uldivmod.o)
                0x08000ce8                __aeabi_uldivmod
 .text          0x08000d18      0x2bc C:/Program Files/ST/STM32CubeIDE_1.16.0/STM32CubeIDE/plugins/com.st.stm32cube.ide.mcu.externaltools.gnu-tools-for-stm32.12.3.rel1.win32_1.0.200.202406191623/tools/bin/../lib/gcc/arm-none-eabi/12.3.1/thumb/v7e-m+fp/hard\libgcc.a(_udivmoddi4.o)
                0x08000d18                __udivmoddi4
 .text          0x08000fd4      0x9f4 C:/Program Files/ST/STM32CubeIDE_1.16.0/STM32CubeIDE/plugins/com.st.stm32cube.ide.mcu.externaltools.gnu-tools-for-stm32.12.3.rel1.win32_1.0.200.202406191623/tools/bin/../lib/gcc/arm-none-eabi/12.3.1/thumb/v7e-m+fp/hard\libgcc.a(unwind-arm.o)
                0x08001284                _Unwind_GetCFA
                0x08001288                __gnu_Unwind_RaiseException
                0x080012f0                __gnu_Unwind_ForcedUnwind
                0x08001300                __gnu_Unwind_Resume
                0x08001344                __gnu_Unwind_Resume_or_Rethrow
                0x08001354                _Unwind_Complete
                0x08001358                _Unwind_DeleteException
                0x08001364                _Unwind_VRS_Get
                0x080013b0                _Unwind_VRS_Set
                0x080013f8                __gnu_Unwind_Backtrace
                0x08001714                __aeabi_unwind_cpp_pr0
                0x08001718                __aeabi_unwind_cpp_pr1
                0x0800171c                __aeabi_unwind_cpp_pr2
                0x08001720                _Unwind_VRS_Pop
 .text          0x080019c8      0x1ac C:/Program Files/ST/STM32CubeIDE_1.16.0/STM32CubeIDE/plugins/com.st.stm32cube.ide.mcu.externaltools.gnu-tools-for-stm32.12.3.rel1.win32_1.0.200.202406191623/tools/bin/../lib/gcc/arm-none-eabi/12.3.1/thumb/v7e-m+fp/hard\libgcc.a(libunwind.o)
                0x080019c8                __restore_core_regs
                0x080019c8                restore_core_regs
                0x080019e0                __gnu_Unwind_Restore_VFP
                0x080019e8                __gnu_Unwind_Save_VFP
                0x080019f0                __gnu_Unwind_Restore_VFP_D
                0x080019f8                __gnu_Unwind_Save_VFP_D
                0x08001a00                __gnu_Unwind_Restore_VFP_D_16_to_31
                0x08001a08                __gnu_Unwind_Save_VFP_D_16_to_31
                0x08001a10                __gnu_Unwind_Restore_WMMXD
                0x08001a54                __gnu_Unwind_Save_WMMXD
                0x08001a98                __gnu_Unwind_Restore_WMMXC
                0x08001aac                __gnu_Unwind_Save_WMMXC
                0x08001ac0                ___Unwind_RaiseException
                0x08001ac0                _Unwind_RaiseException
                0x08001ae4                _Unwind_Resume
                0x08001ae4                ___Unwind_Resume
                0x08001b08                _Unwind_Resume_or_Rethrow
                0x08001b08                ___Unwind_Resume_or_Rethrow
                0x08001b2c                _Unwind_ForcedUnwind
                0x08001b2c                ___Unwind_ForcedUnwind
                0x08001b50                ___Unwind_Backtrace
                0x08001b50                _Unwind_Backtrace
 .text          0x08001b74      0x378 C:/Program Files/ST/STM32CubeIDE_1.16.0/STM32CubeIDE/plugins/com.st.stm32cube.ide.mcu.externaltools.gnu-tools-for-stm32.12.3.rel1.win32_1.0.200.202406191623/tools/bin/../lib/gcc/arm-none-eabi/12.3.1/thumb/v7e-m+fp/hard\libgcc.a(pr-support.o)
                0x08001bcc                __gnu_unwind_execute
                0x08001ea0                __gnu_unwind_frame
                0x08001ecc                _Unwind_GetRegionStart
                0x08001ed8                _Unwind_GetLanguageSpecificData
 .text          0x08001eec        0x4 C:/Program Files/ST/STM32CubeIDE_1.16.0/STM32CubeIDE/plugins/com.st.stm32cube.ide.mcu.externaltools.gnu-tools-for-stm32.12.3.rel1.win32_1.0.200.202406191623/tools/bin/../lib/gcc/arm-none-eabi/12.3.1/thumb/v7e-m+fp/hard\libgcc.a(_dvmd_tls.o)
                0x08001eec                __aeabi_idiv0
                0x08001eec                __aeabi_ldiv0
 *(.text*)
 .text._ZN14XNucleoIHM02A1C2EP12L6470_init_tS1_P19__SPI_HandleTypeDefP12GPIO_TypeDeftS5_t
                0x08001ef0      0x188 ./Core/Src/BlocMoteurs.o
                0x08001ef0                XNucleoIHM02A1::XNucleoIHM02A1(L6470_init_t*, L6470_init_t*, __SPI_HandleTypeDef*, GPIO_TypeDef*, unsigned short, GPIO_TypeDef*, unsigned short)
                0x08001ef0                XNucleoIHM02A1::XNucleoIHM02A1(L6470_init_t*, L6470_init_t*, __SPI_HandleTypeDef*, GPIO_TypeDef*, unsigned short, GPIO_TypeDef*, unsigned short)
 .text._ZNK14XNucleoIHM02A14initEv
                0x08002078       0x44 ./Core/Src/BlocMoteurs.o
                0x08002078                XNucleoIHM02A1::init() const
 .text._ZNK14XNucleoIHM02A117get_motor_driversEv
                0x080020bc       0x18 ./Core/Src/BlocMoteurs.o
                0x080020bc                XNucleoIHM02A1::get_motor_drivers() const
 .text._ZN14XNucleoIHM02A124perform_prepared_actionsEv
                0x080020d4      0x102 ./Core/Src/BlocMoteurs.o
                0x080020d4                XNucleoIHM02A1::perform_prepared_actions()
 .text._ZNK14XNucleoIHM02A122init_all_motor_driversEv
                0x080021d6       0x64 ./Core/Src/BlocMoteurs.o
                0x080021d6                XNucleoIHM02A1::init_all_motor_drivers() const
 *fill*         0x0800223a        0x2 
 .text._ZN11BlocMoteursC2EP19__SPI_HandleTypeDefP12GPIO_TypeDeftS3_tS3_tS3_t
                0x0800223c      0x128 ./Core/Src/BlocMoteurs.o
                0x0800223c                BlocMoteurs::BlocMoteurs(__SPI_HandleTypeDef*, GPIO_TypeDef*, unsigned short, GPIO_TypeDef*, unsigned short, GPIO_TypeDef*, unsigned short, GPIO_TypeDef*, unsigned short)
                0x0800223c                BlocMoteurs::BlocMoteurs(__SPI_HandleTypeDef*, GPIO_TypeDef*, unsigned short, GPIO_TypeDef*, unsigned short, GPIO_TypeDef*, unsigned short, GPIO_TypeDef*, unsigned short)
 .text._ZN11BlocMoteurs11rad_to_stepEf
                0x08002364       0x30 ./Core/Src/BlocMoteurs.o
                0x08002364                BlocMoteurs::rad_to_step(float)
 .text._ZN11BlocMoteurs29commande_vitesses_normaliseesEffff
                0x08002394      0x238 ./Core/Src/BlocMoteurs.o
                0x08002394                BlocMoteurs::commande_vitesses_normalisees(float, float, float, float)
 .text._ZN11BlocMoteurs18set_vitesse_moteurEjN12StepperMotor11direction_tE11_id_moteurs
                0x080025cc       0x76 ./Core/Src/BlocMoteurs.o
                0x080025cc                BlocMoteurs::set_vitesse_moteur(unsigned int, StepperMotor::direction_t, _id_moteurs)
 .text._ZN11BlocMoteurs26commande_vitesses_absoluesEffff
                0x08002642       0xb6 ./Core/Src/BlocMoteurs.o
                0x08002642                BlocMoteurs::commande_vitesses_absolues(float, float, float, float)
 .text._ZN11BlocMoteurs19commande_step_indivEjN12StepperMotor11direction_tEjS1_jS1_jS1_
                0x080026f8       0x60 ./Core/Src/BlocMoteurs.o
                0x080026f8                BlocMoteurs::commande_step_indiv(unsigned int, StepperMotor::direction_t, unsigned int, StepperMotor::direction_t, unsigned int, StepperMotor::direction_t, unsigned int, StepperMotor::direction_t)
 .text._ZN11BlocMoteurs15set_step_moteurEjN12StepperMotor11direction_tE11_id_moteurs
                0x08002758       0x78 ./Core/Src/BlocMoteurs.o
                0x08002758                BlocMoteurs::set_step_moteur(unsigned int, StepperMotor::direction_t, _id_moteurs)
 .text._ZN11BlocMoteurs22set_microstepping_modeEN12StepperMotor11step_mode_tE
                0x080027d0       0x80 ./Core/Src/BlocMoteurs.o
                0x080027d0                BlocMoteurs::set_microstepping_mode(StepperMotor::step_mode_t)
 .text._ZN11BlocMoteurs9motors_onEv
                0x08002850       0x1a ./Core/Src/BlocMoteurs.o
                0x08002850                BlocMoteurs::motors_on()
 .text._ZN11BlocMoteurs16motors_stop_hardEv
                0x0800286a       0x60 ./Core/Src/BlocMoteurs.o
                0x0800286a                BlocMoteurs::motors_stop_hard()
 .text._ZN11BlocMoteurs21set_max_speed_moteursEf
                0x080028ca       0xba ./Core/Src/BlocMoteurs.o
                0x080028ca                BlocMoteurs::set_max_speed_moteurs(float)
 .text._ZN5L6470I8shield_1EC2EP12GPIO_TypeDeftS3_tP19__SPI_HandleTypeDef
                0x08002984       0xe4 ./Core/Src/BlocMoteurs.o
                0x08002984                L6470<shield_1>::L6470(GPIO_TypeDef*, unsigned short, GPIO_TypeDef*, unsigned short, __SPI_HandleTypeDef*)
                0x08002984                L6470<shield_1>::L6470(GPIO_TypeDef*, unsigned short, GPIO_TypeDef*, unsigned short, __SPI_HandleTypeDef*)
 .text._ZN5L6470I8shield_2EC2EP12GPIO_TypeDeftS3_tP19__SPI_HandleTypeDef
                0x08002a68       0xe4 ./Core/Src/BlocMoteurs.o
                0x08002a68                L6470<shield_2>::L6470(GPIO_TypeDef*, unsigned short, GPIO_TypeDef*, unsigned short, __SPI_HandleTypeDef*)
                0x08002a68                L6470<shield_2>::L6470(GPIO_TypeDef*, unsigned short, GPIO_TypeDef*, unsigned short, __SPI_HandleTypeDef*)
 .text._ZN5L6470I8shield_3EC2EP12GPIO_TypeDeftS3_tP19__SPI_HandleTypeDef
                0x08002b4c       0xe4 ./Core/Src/BlocMoteurs.o
                0x08002b4c                L6470<shield_3>::L6470(GPIO_TypeDef*, unsigned short, GPIO_TypeDef*, unsigned short, __SPI_HandleTypeDef*)
                0x08002b4c                L6470<shield_3>::L6470(GPIO_TypeDef*, unsigned short, GPIO_TypeDef*, unsigned short, __SPI_HandleTypeDef*)
 .text._ZSt3minIfERKT_S2_S2_
                0x08002c30       0x32 ./Core/Src/BlocMoteurs.o
                0x08002c30                float const& std::min<float>(float const&, float const&)
 .text._ZSt3maxIfERKT_S2_S2_
                0x08002c62       0x32 ./Core/Src/BlocMoteurs.o
                0x08002c62                float const& std::max<float>(float const&, float const&)
 .text._ZN5L6470I8shield_3ED2Ev
                0x08002c94       0x24 ./Core/Src/BlocMoteurs.o
                0x08002c94                L6470<shield_3>::~L6470()
                0x08002c94                L6470<shield_3>::~L6470()
 .text._ZN5L6470I8shield_3ED0Ev
                0x08002cb8       0x20 ./Core/Src/BlocMoteurs.o
                0x08002cb8                L6470<shield_3>::~L6470()
 .text._ZN5L6470I8shield_2ED2Ev
                0x08002cd8       0x24 ./Core/Src/BlocMoteurs.o
                0x08002cd8                L6470<shield_2>::~L6470()
                0x08002cd8                L6470<shield_2>::~L6470()
 .text._ZN5L6470I8shield_2ED0Ev
                0x08002cfc       0x20 ./Core/Src/BlocMoteurs.o
                0x08002cfc                L6470<shield_2>::~L6470()
 .text._ZN5L6470I8shield_1ED2Ev
                0x08002d1c       0x24 ./Core/Src/BlocMoteurs.o
                0x08002d1c                L6470<shield_1>::~L6470()
                0x08002d1c                L6470<shield_1>::~L6470()
 .text._ZN5L6470I8shield_1ED0Ev
                0x08002d40       0x20 ./Core/Src/BlocMoteurs.o
                0x08002d40                L6470<shield_1>::~L6470()
 .text._ZN5L6470I8shield_3E4initEPv
                0x08002d60       0x24 ./Core/Src/BlocMoteurs.o
                0x08002d60                L6470<shield_3>::init(void*)
 .text._ZN5L6470I8shield_3E10get_statusEv
                0x08002d84       0x20 ./Core/Src/BlocMoteurs.o
                0x08002d84                L6470<shield_3>::get_status()
 .text._ZN5L6470I8shield_3E13get_parameterEj
                0x08002da4       0x28 ./Core/Src/BlocMoteurs.o
                0x08002da4                L6470<shield_3>::get_parameter(unsigned int)
 .text._ZN5L6470I8shield_3E12get_positionEv
                0x08002dcc       0x34 ./Core/Src/BlocMoteurs.o
                0x08002dcc                L6470<shield_3>::get_position()
 .text._ZN5L6470I8shield_3E8get_markEv
                0x08002e00       0x34 ./Core/Src/BlocMoteurs.o
                0x08002e00                L6470<shield_3>::get_mark()
 .text._ZN5L6470I8shield_3E9get_speedEv
                0x08002e34       0x4a ./Core/Src/BlocMoteurs.o
                0x08002e34                L6470<shield_3>::get_speed()
 .text._ZN5L6470I8shield_3E13get_max_speedEv
                0x08002e7e       0x4c ./Core/Src/BlocMoteurs.o
                0x08002e7e                L6470<shield_3>::get_max_speed()
 .text._ZN5L6470I8shield_3E13get_min_speedEv
                0x08002eca       0x4c ./Core/Src/BlocMoteurs.o
                0x08002eca                L6470<shield_3>::get_min_speed()
 .text._ZN5L6470I8shield_3E16get_accelerationEv
                0x08002f16       0x4c ./Core/Src/BlocMoteurs.o
                0x08002f16                L6470<shield_3>::get_acceleration()
 .text._ZN5L6470I8shield_3E16get_decelerationEv
                0x08002f62       0x4c ./Core/Src/BlocMoteurs.o
                0x08002f62                L6470<shield_3>::get_deceleration()
 .text._ZN5L6470I8shield_3E13get_directionEv
                0x08002fae       0x2c ./Core/Src/BlocMoteurs.o
                0x08002fae                L6470<shield_3>::get_direction()
 .text._ZN5L6470I8shield_3E13set_parameterEjj
                0x08002fda       0x28 ./Core/Src/BlocMoteurs.o
                0x08002fda                L6470<shield_3>::set_parameter(unsigned int, unsigned int)
 .text._ZN5L6470I8shield_3E8set_homeEv
                0x08003002       0x1e ./Core/Src/BlocMoteurs.o
                0x08003002                L6470<shield_3>::set_home()
 .text._ZN5L6470I8shield_3E8set_markEv
                0x08003020       0x34 ./Core/Src/BlocMoteurs.o
                0x08003020                L6470<shield_3>::set_mark()
 .text._ZN5L6470I8shield_3E8set_markEi
                0x08003054       0x36 ./Core/Src/BlocMoteurs.o
                0x08003054                L6470<shield_3>::set_mark(int)
 .text._ZN5L6470I8shield_3E13set_max_speedEj
                0x0800308a       0x44 ./Core/Src/BlocMoteurs.o
                0x0800308a                L6470<shield_3>::set_max_speed(unsigned int)
 .text._ZN5L6470I8shield_3E13set_min_speedEj
                0x080030ce       0x44 ./Core/Src/BlocMoteurs.o
                0x080030ce                L6470<shield_3>::set_min_speed(unsigned int)
 .text._ZN5L6470I8shield_3E16set_accelerationEj
                0x08003112       0x44 ./Core/Src/BlocMoteurs.o
                0x08003112                L6470<shield_3>::set_acceleration(unsigned int)
 .text._ZN5L6470I8shield_3E16set_decelerationEj
                0x08003156       0x44 ./Core/Src/BlocMoteurs.o
                0x08003156                L6470<shield_3>::set_deceleration(unsigned int)
 .text._ZN5L6470I8shield_3E13set_step_modeEN12StepperMotor11step_mode_tE
                0x0800319a       0x3e ./Core/Src/BlocMoteurs.o
                0x0800319a                L6470<shield_3>::set_step_mode(StepperMotor::step_mode_t)
 .text._ZN5L6470I8shield_3E5go_toEi
                0x080031d8       0x34 ./Core/Src/BlocMoteurs.o
                0x080031d8                L6470<shield_3>::go_to(int)
 .text._ZN5L6470I8shield_3E5go_toEiN12StepperMotor11direction_tE
                0x0800320c       0x46 ./Core/Src/BlocMoteurs.o
                0x0800320c                L6470<shield_3>::go_to(int, StepperMotor::direction_t)
 .text._ZN5L6470I8shield_3E7go_homeEv
                0x08003252       0x1e ./Core/Src/BlocMoteurs.o
                0x08003252                L6470<shield_3>::go_home()
 .text._ZN5L6470I8shield_3E7go_markEv
                0x08003270       0x1e ./Core/Src/BlocMoteurs.o
                0x08003270                L6470<shield_3>::go_mark()
 .text._ZN5L6470I8shield_3E8go_untilE14eL6470_ActId_tN12StepperMotor11direction_tEj
                0x0800328e       0x56 ./Core/Src/BlocMoteurs.o
                0x0800328e                L6470<shield_3>::go_until(eL6470_ActId_t, StepperMotor::direction_t, unsigned int)
 .text._ZN5L6470I8shield_3E3runEN12StepperMotor11direction_tE
                0x080032e4       0x44 ./Core/Src/BlocMoteurs.o
                0x080032e4                L6470<shield_3>::run(StepperMotor::direction_t)
 .text._ZN5L6470I8shield_3E3runEN12StepperMotor11direction_tEj
                0x08003328       0x52 ./Core/Src/BlocMoteurs.o
                0x08003328                L6470<shield_3>::run(StepperMotor::direction_t, unsigned int)
 .text._ZN5L6470I8shield_3E4moveEN12StepperMotor11direction_tEj
                0x0800337a       0x32 ./Core/Src/BlocMoteurs.o
                0x0800337a                L6470<shield_3>::move(StepperMotor::direction_t, unsigned int)
 .text._ZN5L6470I8shield_3E9soft_stopEv
                0x080033ac       0x1e ./Core/Src/BlocMoteurs.o
                0x080033ac                L6470<shield_3>::soft_stop()
 .text._ZN5L6470I8shield_3E9hard_stopEv
                0x080033ca       0x1e ./Core/Src/BlocMoteurs.o
                0x080033ca                L6470<shield_3>::hard_stop()
 .text._ZN5L6470I8shield_3E8soft_hizEv
                0x080033e8       0x1e ./Core/Src/BlocMoteurs.o
                0x080033e8                L6470<shield_3>::soft_hiz()
 .text._ZN5L6470I8shield_3E8hard_hizEv
                0x08003406       0x1e ./Core/Src/BlocMoteurs.o
                0x08003406                L6470<shield_3>::hard_hiz()
 .text._ZN5L6470I8shield_3E17wait_while_activeEv
                0x08003424       0x34 ./Core/Src/BlocMoteurs.o
                0x08003424                L6470<shield_3>::wait_while_active()
 .text._ZN5L6470I8shield_3E10step_clockEN12StepperMotor11direction_tE
                0x08003458       0x3c ./Core/Src/BlocMoteurs.o
                0x08003458                L6470<shield_3>::step_clock(StepperMotor::direction_t)
 .text._ZN5L6470I8shield_3E10release_swE14eL6470_ActId_tN12StepperMotor11direction_tE
                0x08003494       0x34 ./Core/Src/BlocMoteurs.o
                0x08003494                L6470<shield_3>::release_sw(eL6470_ActId_t, StepperMotor::direction_t)
 .text._ZN5L6470I8shield_3E12reset_deviceEv
                0x080034c8       0x1e ./Core/Src/BlocMoteurs.o
                0x080034c8                L6470<shield_3>::reset_device()
 .text._ZN5L6470I8shield_3E18prepare_get_statusEv
                0x080034e6       0x26 ./Core/Src/BlocMoteurs.o
                0x080034e6                L6470<shield_3>::prepare_get_status()
 .text._ZN5L6470I8shield_3E21prepare_get_parameterEj
                0x0800350c       0x2e ./Core/Src/BlocMoteurs.o
                0x0800350c                L6470<shield_3>::prepare_get_parameter(unsigned int)
 .text._ZN5L6470I8shield_3E20prepare_get_positionEv
                0x0800353a       0x28 ./Core/Src/BlocMoteurs.o
                0x0800353a                L6470<shield_3>::prepare_get_position()
 .text._ZN5L6470I8shield_3E16prepare_get_markEv
                0x08003562       0x28 ./Core/Src/BlocMoteurs.o
                0x08003562                L6470<shield_3>::prepare_get_mark()
 .text._ZN5L6470I8shield_3E17prepare_get_speedEv
                0x0800358a       0x28 ./Core/Src/BlocMoteurs.o
                0x0800358a                L6470<shield_3>::prepare_get_speed()
 .text._ZN5L6470I8shield_3E21prepare_get_max_speedEv
                0x080035b2       0x28 ./Core/Src/BlocMoteurs.o
                0x080035b2                L6470<shield_3>::prepare_get_max_speed()
 .text._ZN5L6470I8shield_3E21prepare_get_min_speedEv
                0x080035da       0x28 ./Core/Src/BlocMoteurs.o
                0x080035da                L6470<shield_3>::prepare_get_min_speed()
 .text._ZN5L6470I8shield_3E24prepare_get_accelerationEv
                0x08003602       0x28 ./Core/Src/BlocMoteurs.o
                0x08003602                L6470<shield_3>::prepare_get_acceleration()
 .text._ZN5L6470I8shield_3E24prepare_get_decelerationEv
                0x0800362a       0x28 ./Core/Src/BlocMoteurs.o
                0x0800362a                L6470<shield_3>::prepare_get_deceleration()
 *fill*         0x08003652        0x2 
 .text._ZN5L6470I8shield_3E21prepare_get_directionEv
                0x08003654       0x40 ./Core/Src/BlocMoteurs.o
                0x08003654                L6470<shield_3>::prepare_get_direction()
 .text._ZN5L6470I8shield_3E21prepare_set_parameterEjj
                0x08003694       0x30 ./Core/Src/BlocMoteurs.o
                0x08003694                L6470<shield_3>::prepare_set_parameter(unsigned int, unsigned int)
 .text._ZN5L6470I8shield_3E16prepare_set_homeEv
                0x080036c4       0x26 ./Core/Src/BlocMoteurs.o
                0x080036c4                L6470<shield_3>::prepare_set_home()
 .text._ZN5L6470I8shield_3E16prepare_set_markEv
                0x080036ea       0x2a ./Core/Src/BlocMoteurs.o
                0x080036ea                L6470<shield_3>::prepare_set_mark()
 .text._ZN5L6470I8shield_3E16prepare_set_markEi
                0x08003714       0x3e ./Core/Src/BlocMoteurs.o
                0x08003714                L6470<shield_3>::prepare_set_mark(int)
 .text._ZN5L6470I8shield_3E17prepare_set_speedEj
                0x08003752       0x4a ./Core/Src/BlocMoteurs.o
                0x08003752                L6470<shield_3>::prepare_set_speed(unsigned int)
 .text._ZN5L6470I8shield_3E21prepare_set_max_speedEj
                0x0800379c       0x4a ./Core/Src/BlocMoteurs.o
                0x0800379c                L6470<shield_3>::prepare_set_max_speed(unsigned int)
 .text._ZN5L6470I8shield_3E21prepare_set_min_speedEj
                0x080037e6       0x4a ./Core/Src/BlocMoteurs.o
                0x080037e6                L6470<shield_3>::prepare_set_min_speed(unsigned int)
 .text._ZN5L6470I8shield_3E24prepare_set_accelerationEj
                0x08003830       0x4a ./Core/Src/BlocMoteurs.o
                0x08003830                L6470<shield_3>::prepare_set_acceleration(unsigned int)
 .text._ZN5L6470I8shield_3E24prepare_set_decelerationEj
                0x0800387a       0x4a ./Core/Src/BlocMoteurs.o
                0x0800387a                L6470<shield_3>::prepare_set_deceleration(unsigned int)
 .text._ZN5L6470I8shield_3E13prepare_go_toEi
                0x080038c4       0x3c ./Core/Src/BlocMoteurs.o
                0x080038c4                L6470<shield_3>::prepare_go_to(int)
 .text._ZN5L6470I8shield_3E13prepare_go_toEiN12StepperMotor11direction_tE
                0x08003900       0x4e ./Core/Src/BlocMoteurs.o
                0x08003900                L6470<shield_3>::prepare_go_to(int, StepperMotor::direction_t)
 .text._ZN5L6470I8shield_3E15prepare_go_homeEv
                0x0800394e       0x26 ./Core/Src/BlocMoteurs.o
                0x0800394e                L6470<shield_3>::prepare_go_home()
 .text._ZN5L6470I8shield_3E15prepare_go_markEv
                0x08003974       0x26 ./Core/Src/BlocMoteurs.o
                0x08003974                L6470<shield_3>::prepare_go_mark()
 .text._ZN5L6470I8shield_3E16prepare_go_untilE14eL6470_ActId_tN12StepperMotor11direction_tEj
                0x0800399a       0x5e ./Core/Src/BlocMoteurs.o
                0x0800399a                L6470<shield_3>::prepare_go_until(eL6470_ActId_t, StepperMotor::direction_t, unsigned int)
 .text._ZN5L6470I8shield_3E11prepare_runEN12StepperMotor11direction_tE
                0x080039f8       0x4c ./Core/Src/BlocMoteurs.o
                0x080039f8                L6470<shield_3>::prepare_run(StepperMotor::direction_t)
 .text._ZN5L6470I8shield_3E11prepare_runEN12StepperMotor11direction_tEj
                0x08003a44       0x5a ./Core/Src/BlocMoteurs.o
                0x08003a44                L6470<shield_3>::prepare_run(StepperMotor::direction_t, unsigned int)
 .text._ZN5L6470I8shield_3E12prepare_moveEN12StepperMotor11direction_tEj
                0x08003a9e       0x3a ./Core/Src/BlocMoteurs.o
                0x08003a9e                L6470<shield_3>::prepare_move(StepperMotor::direction_t, unsigned int)
 .text._ZN5L6470I8shield_3E17prepare_soft_stopEv
                0x08003ad8       0x26 ./Core/Src/BlocMoteurs.o
                0x08003ad8                L6470<shield_3>::prepare_soft_stop()
 .text._ZN5L6470I8shield_3E17prepare_hard_stopEv
                0x08003afe       0x26 ./Core/Src/BlocMoteurs.o
                0x08003afe                L6470<shield_3>::prepare_hard_stop()
 .text._ZN5L6470I8shield_3E16prepare_soft_hizEv
                0x08003b24       0x26 ./Core/Src/BlocMoteurs.o
                0x08003b24                L6470<shield_3>::prepare_soft_hiz()
 .text._ZN5L6470I8shield_3E16prepare_hard_hizEv
                0x08003b4a       0x26 ./Core/Src/BlocMoteurs.o
                0x08003b4a                L6470<shield_3>::prepare_hard_hiz()
 .text._ZN5L6470I8shield_3E18prepare_step_clockEN12StepperMotor11direction_tE
                0x08003b70       0x38 ./Core/Src/BlocMoteurs.o
                0x08003b70                L6470<shield_3>::prepare_step_clock(StepperMotor::direction_t)
 .text._ZN5L6470I8shield_3E18prepare_release_swE14eL6470_ActId_tN12StepperMotor11direction_tE
                0x08003ba8       0x3c ./Core/Src/BlocMoteurs.o
                0x08003ba8                L6470<shield_3>::prepare_release_sw(eL6470_ActId_t, StepperMotor::direction_t)
 .text._ZN5L6470I8shield_3E20prepare_reset_deviceEv
                0x08003be4       0x26 ./Core/Src/BlocMoteurs.o
                0x08003be4                L6470<shield_3>::prepare_reset_device()
 .text._ZN5L6470I8shield_3E24perform_prepared_actionsEv
                0x08003c0a       0x20 ./Core/Src/BlocMoteurs.o
                0x08003c0a                L6470<shield_3>::perform_prepared_actions()
 .text._ZN5L6470I8shield_3E19get_prepared_actionEv
                0x08003c2a       0x1a ./Core/Src/BlocMoteurs.o
                0x08003c2a                L6470<shield_3>::get_prepared_action()
 .text._ZN5L6470I8shield_3E10get_resultEPh
                0x08003c44      0x220 ./Core/Src/BlocMoteurs.o
                0x08003c44                L6470<shield_3>::get_result(unsigned char*)
 .text._ZN5L6470I8shield_3E13L6470_DISABLEEv
                0x08003e64       0x20 ./Core/Src/BlocMoteurs.o
                0x08003e64                L6470<shield_3>::L6470_DISABLE()
 .text._ZN5L6470I8shield_3E23L6470_AbsPos_2_PositionEm
                0x08003e84       0x28 ./Core/Src/BlocMoteurs.o
                0x08003e84                L6470<shield_3>::L6470_AbsPos_2_Position(unsigned long)
 .text._ZN5L6470I8shield_3E23L6470_Position_2_AbsPosEl
                0x08003eac       0x42 ./Core/Src/BlocMoteurs.o
                0x08003eac                L6470<shield_3>::L6470_Position_2_AbsPos(long)
 *fill*         0x08003eee        0x2 
 .text._ZN5L6470I8shield_3E20L6470_Speed_2_Step_sEm
                0x08003ef0       0x30 ./Core/Src/BlocMoteurs.o
                0x08003ef0                L6470<shield_3>::L6470_Speed_2_Step_s(unsigned long)
 .text._ZN5L6470I8shield_3E20L6470_Step_s_2_SpeedEf
                0x08003f20       0x4c ./Core/Src/BlocMoteurs.o
                0x08003f20                L6470<shield_3>::L6470_Step_s_2_Speed(float)
 .text._ZN5L6470I8shield_3E19L6470_Acc_2_Step_s2Et
                0x08003f6c       0x44 ./Core/Src/BlocMoteurs.o
                0x08003f6c                L6470<shield_3>::L6470_Acc_2_Step_s2(unsigned short)
 .text._ZN5L6470I8shield_3E19L6470_Step_s2_2_AccEf
                0x08003fb0       0x4c ./Core/Src/BlocMoteurs.o
                0x08003fb0                L6470<shield_3>::L6470_Step_s2_2_Acc(float)
 .text._ZN5L6470I8shield_3E19L6470_Dec_2_Step_s2Et
                0x08003ffc       0x44 ./Core/Src/BlocMoteurs.o
                0x08003ffc                L6470<shield_3>::L6470_Dec_2_Step_s2(unsigned short)
 .text._ZN5L6470I8shield_3E19L6470_Step_s2_2_DecEf
                0x08004040       0x4c ./Core/Src/BlocMoteurs.o
                0x08004040                L6470<shield_3>::L6470_Step_s2_2_Dec(float)
 .text._ZN5L6470I8shield_3E23L6470_MaxSpeed_2_Step_sEt
                0x0800408c       0x44 ./Core/Src/BlocMoteurs.o
                0x0800408c                L6470<shield_3>::L6470_MaxSpeed_2_Step_s(unsigned short)
 .text._ZN5L6470I8shield_3E23L6470_Step_s_2_MaxSpeedEf
                0x080040d0       0x4c ./Core/Src/BlocMoteurs.o
                0x080040d0                L6470<shield_3>::L6470_Step_s_2_MaxSpeed(float)
 .text._ZN5L6470I8shield_3E23L6470_MinSpeed_2_Step_sEt
                0x0800411c       0x44 ./Core/Src/BlocMoteurs.o
                0x0800411c                L6470<shield_3>::L6470_MinSpeed_2_Step_s(unsigned short)
 .text._ZN5L6470I8shield_3E23L6470_Step_s_2_MinSpeedEf
                0x08004160       0x4c ./Core/Src/BlocMoteurs.o
                0x08004160                L6470<shield_3>::L6470_Step_s_2_MinSpeed(float)
 .text._ZN5L6470I8shield_3E20L6470_FsSpd_2_Step_sEt
                0x080041ac       0x64 ./Core/Src/BlocMoteurs.o
                0x080041ac                L6470<shield_3>::L6470_FsSpd_2_Step_s(unsigned short)
 .text._ZN5L6470I8shield_3E20L6470_Step_s_2_FsSpdEf
                0x08004210       0x54 ./Core/Src/BlocMoteurs.o
                0x08004210                L6470<shield_3>::L6470_Step_s_2_FsSpd(float)
 .text._ZN5L6470I8shield_3E23L6470_IntSpeed_2_Step_sEt
                0x08004264       0x44 ./Core/Src/BlocMoteurs.o
                0x08004264                L6470<shield_3>::L6470_IntSpeed_2_Step_s(unsigned short)
 .text._ZN5L6470I8shield_3E23L6470_Step_s_2_IntSpeedEf
                0x080042a8       0x4c ./Core/Src/BlocMoteurs.o
                0x080042a8                L6470<shield_3>::L6470_Step_s_2_IntSpeed(float)
 .text._ZN5L6470I8shield_3E20L6470_StSlp_2_s_StepEh
                0x080042f4       0x30 ./Core/Src/BlocMoteurs.o
                0x080042f4                L6470<shield_3>::L6470_StSlp_2_s_Step(unsigned char)
 .text._ZN5L6470I8shield_3E20L6470_s_Step_2_StSlpEf
                0x08004324       0x50 ./Core/Src/BlocMoteurs.o
                0x08004324                L6470<shield_3>::L6470_s_Step_2_StSlp(float)
 .text._ZN5L6470I8shield_3E23L6470_FnSlpAcc_2_s_StepEh
                0x08004374       0x30 ./Core/Src/BlocMoteurs.o
                0x08004374                L6470<shield_3>::L6470_FnSlpAcc_2_s_Step(unsigned char)
 .text._ZN5L6470I8shield_3E23L6470_s_Step_2_FnSlpAccEf
                0x080043a4       0x50 ./Core/Src/BlocMoteurs.o
                0x080043a4                L6470<shield_3>::L6470_s_Step_2_FnSlpAcc(float)
 .text._ZN5L6470I8shield_3E23L6470_FnSlpDec_2_s_StepEh
                0x080043f4       0x30 ./Core/Src/BlocMoteurs.o
                0x080043f4                L6470<shield_3>::L6470_FnSlpDec_2_s_Step(unsigned char)
 .text._ZN5L6470I8shield_3E23L6470_s_Step_2_FnSlpDecEf
                0x08004424       0x50 ./Core/Src/BlocMoteurs.o
                0x08004424                L6470<shield_3>::L6470_s_Step_2_FnSlpDec(float)
 .text._ZN5L6470I8shield_3E16L6470_OcdTh_2_mAEh
                0x08004474       0x44 ./Core/Src/BlocMoteurs.o
                0x08004474                L6470<shield_3>::L6470_OcdTh_2_mA(unsigned char)
 .text._ZN5L6470I8shield_3E16L6470_mA_2_OcdThEf
                0x080044b8       0xa4 ./Core/Src/BlocMoteurs.o
                0x080044b8                L6470<shield_3>::L6470_mA_2_OcdTh(float)
 .text._ZN5L6470I8shield_3E18L6470_StallTh_2_mAEh
                0x0800455c       0x44 ./Core/Src/BlocMoteurs.o
                0x0800455c                L6470<shield_3>::L6470_StallTh_2_mA(unsigned char)
 .text._ZN5L6470I8shield_3E18L6470_mA_2_StallThEf
                0x080045a0       0xa4 ./Core/Src/BlocMoteurs.o
                0x080045a0                L6470<shield_3>::L6470_mA_2_StallTh(float)
 .text._ZN5L6470I8shield_3E12L6470_ConfigEPv
                0x08004644      0x434 ./Core/Src/BlocMoteurs.o
                0x08004644                L6470<shield_3>::L6470_Config(void*)
 .text._ZN5L6470I8shield_3E14L6470_SetParamE14eL6470_RegId_tm
                0x08004a78       0x64 ./Core/Src/BlocMoteurs.o
                0x08004a78                L6470<shield_3>::L6470_SetParam(eL6470_RegId_t, unsigned long)
 .text._ZN5L6470I8shield_3E14L6470_GetParamE14eL6470_RegId_t
                0x08004adc       0x8c ./Core/Src/BlocMoteurs.o
                0x08004adc                L6470<shield_3>::L6470_GetParam(eL6470_RegId_t)
 .text._ZN5L6470I8shield_3E9L6470_RunE14eL6470_DirId_tm
                0x08004b68       0x64 ./Core/Src/BlocMoteurs.o
                0x08004b68                L6470<shield_3>::L6470_Run(eL6470_DirId_t, unsigned long)
 .text._ZN5L6470I8shield_3E15L6470_StepClockE14eL6470_DirId_t
                0x08004bcc       0x60 ./Core/Src/BlocMoteurs.o
                0x08004bcc                L6470<shield_3>::L6470_StepClock(eL6470_DirId_t)
 .text._ZN5L6470I8shield_3E10L6470_MoveE14eL6470_DirId_tm
                0x08004c2c       0x64 ./Core/Src/BlocMoteurs.o
                0x08004c2c                L6470<shield_3>::L6470_Move(eL6470_DirId_t, unsigned long)
 .text._ZN5L6470I8shield_3E10L6470_GoToEm
                0x08004c90       0x68 ./Core/Src/BlocMoteurs.o
                0x08004c90                L6470<shield_3>::L6470_GoTo(unsigned long)
 .text._ZN5L6470I8shield_3E13L6470_GoToDirE14eL6470_DirId_tm
                0x08004cf8       0x6c ./Core/Src/BlocMoteurs.o
                0x08004cf8                L6470<shield_3>::L6470_GoToDir(eL6470_DirId_t, unsigned long)
 .text._ZN5L6470I8shield_3E13L6470_GoUntilE14eL6470_ActId_t14eL6470_DirId_tm
                0x08004d64       0x68 ./Core/Src/BlocMoteurs.o
                0x08004d64                L6470<shield_3>::L6470_GoUntil(eL6470_ActId_t, eL6470_DirId_t, unsigned long)
 .text._ZN5L6470I8shield_3E15L6470_ReleaseSWE14eL6470_ActId_t14eL6470_DirId_t
                0x08004dcc       0x68 ./Core/Src/BlocMoteurs.o
                0x08004dcc                L6470<shield_3>::L6470_ReleaseSW(eL6470_ActId_t, eL6470_DirId_t)
 .text._ZN5L6470I8shield_3E12L6470_GoHomeEv
                0x08004e34       0x5c ./Core/Src/BlocMoteurs.o
                0x08004e34                L6470<shield_3>::L6470_GoHome()
 .text._ZN5L6470I8shield_3E12L6470_GoMarkEv
                0x08004e90       0x5c ./Core/Src/BlocMoteurs.o
                0x08004e90                L6470<shield_3>::L6470_GoMark()
 .text._ZN5L6470I8shield_3E14L6470_ResetPosEv
                0x08004eec       0x5c ./Core/Src/BlocMoteurs.o
                0x08004eec                L6470<shield_3>::L6470_ResetPos()
 .text._ZN5L6470I8shield_3E17L6470_ResetDeviceEv
                0x08004f48       0x5c ./Core/Src/BlocMoteurs.o
                0x08004f48                L6470<shield_3>::L6470_ResetDevice()
 .text._ZN5L6470I8shield_3E14L6470_SoftStopEv
                0x08004fa4       0x5c ./Core/Src/BlocMoteurs.o
                0x08004fa4                L6470<shield_3>::L6470_SoftStop()
 .text._ZN5L6470I8shield_3E14L6470_HardStopEv
                0x08005000       0x5c ./Core/Src/BlocMoteurs.o
                0x08005000                L6470<shield_3>::L6470_HardStop()
 .text._ZN5L6470I8shield_3E13L6470_SoftHiZEv
                0x0800505c       0x5c ./Core/Src/BlocMoteurs.o
                0x0800505c                L6470<shield_3>::L6470_SoftHiZ()
 .text._ZN5L6470I8shield_3E13L6470_HardHiZEv
                0x080050b8       0x5c ./Core/Src/BlocMoteurs.o
                0x080050b8                L6470<shield_3>::L6470_HardHiZ()
 .text._ZN5L6470I8shield_3E15L6470_GetStatusEv
                0x08005114       0x74 ./Core/Src/BlocMoteurs.o
                0x08005114                L6470<shield_3>::L6470_GetStatus()
 .text._ZN5L6470I8shield_3E21L6470_PrepareSetParamE14eL6470_RegId_tm
                0x08005188       0x38 ./Core/Src/BlocMoteurs.o
                0x08005188                L6470<shield_3>::L6470_PrepareSetParam(eL6470_RegId_t, unsigned long)
 .text._ZN5L6470I8shield_3E21L6470_PrepareGetParamE14eL6470_RegId_t
                0x080051c0       0x34 ./Core/Src/BlocMoteurs.o
                0x080051c0                L6470<shield_3>::L6470_PrepareGetParam(eL6470_RegId_t)
 .text._ZN5L6470I8shield_3E16L6470_PrepareRunE14eL6470_DirId_tm
                0x080051f4       0x38 ./Core/Src/BlocMoteurs.o
                0x080051f4                L6470<shield_3>::L6470_PrepareRun(eL6470_DirId_t, unsigned long)
 .text._ZN5L6470I8shield_3E22L6470_PrepareStepClockE14eL6470_DirId_t
                0x0800522c       0x34 ./Core/Src/BlocMoteurs.o
                0x0800522c                L6470<shield_3>::L6470_PrepareStepClock(eL6470_DirId_t)
 .text._ZN5L6470I8shield_3E17L6470_PrepareMoveE14eL6470_DirId_tm
                0x08005260       0x38 ./Core/Src/BlocMoteurs.o
                0x08005260                L6470<shield_3>::L6470_PrepareMove(eL6470_DirId_t, unsigned long)
 .text._ZN5L6470I8shield_3E17L6470_PrepareGoToEm
                0x08005298       0x34 ./Core/Src/BlocMoteurs.o
                0x08005298                L6470<shield_3>::L6470_PrepareGoTo(unsigned long)
 .text._ZN5L6470I8shield_3E20L6470_PrepareGoToDirE14eL6470_DirId_tm
                0x080052cc       0x38 ./Core/Src/BlocMoteurs.o
                0x080052cc                L6470<shield_3>::L6470_PrepareGoToDir(eL6470_DirId_t, unsigned long)
 .text._ZN5L6470I8shield_3E20L6470_PrepareGoUntilE14eL6470_ActId_t14eL6470_DirId_tm
                0x08005304       0x3c ./Core/Src/BlocMoteurs.o
                0x08005304                L6470<shield_3>::L6470_PrepareGoUntil(eL6470_ActId_t, eL6470_DirId_t, unsigned long)
 .text._ZN5L6470I8shield_3E22L6470_PrepareReleaseSWE14eL6470_ActId_t14eL6470_DirId_t
                0x08005340       0x3c ./Core/Src/BlocMoteurs.o
                0x08005340                L6470<shield_3>::L6470_PrepareReleaseSW(eL6470_ActId_t, eL6470_DirId_t)
 .text._ZN5L6470I8shield_3E19L6470_PrepareGoHomeEv
                0x0800537c       0x30 ./Core/Src/BlocMoteurs.o
                0x0800537c                L6470<shield_3>::L6470_PrepareGoHome()
 .text._ZN5L6470I8shield_3E19L6470_PrepareGoMarkEv
                0x080053ac       0x30 ./Core/Src/BlocMoteurs.o
                0x080053ac                L6470<shield_3>::L6470_PrepareGoMark()
 .text._ZN5L6470I8shield_3E21L6470_PrepareResetPosEv
                0x080053dc       0x30 ./Core/Src/BlocMoteurs.o
                0x080053dc                L6470<shield_3>::L6470_PrepareResetPos()
 .text._ZN5L6470I8shield_3E24L6470_PrepareResetDeviceEv
                0x0800540c       0x30 ./Core/Src/BlocMoteurs.o
                0x0800540c                L6470<shield_3>::L6470_PrepareResetDevice()
 .text._ZN5L6470I8shield_3E21L6470_PrepareSoftStopEv
                0x0800543c       0x30 ./Core/Src/BlocMoteurs.o
                0x0800543c                L6470<shield_3>::L6470_PrepareSoftStop()
 .text._ZN5L6470I8shield_3E21L6470_PrepareHardStopEv
                0x0800546c       0x30 ./Core/Src/BlocMoteurs.o
                0x0800546c                L6470<shield_3>::L6470_PrepareHardStop()
 .text._ZN5L6470I8shield_3E20L6470_PrepareSoftHiZEv
                0x0800549c       0x30 ./Core/Src/BlocMoteurs.o
                0x0800549c                L6470<shield_3>::L6470_PrepareSoftHiZ()
 .text._ZN5L6470I8shield_3E20L6470_PrepareHardHiZEv
                0x080054cc       0x30 ./Core/Src/BlocMoteurs.o
                0x080054cc                L6470<shield_3>::L6470_PrepareHardHiZ()
 .text._ZN5L6470I8shield_3E22L6470_PrepareGetStatusEv
                0x080054fc       0x30 ./Core/Src/BlocMoteurs.o
                0x080054fc                L6470<shield_3>::L6470_PrepareGetStatus()
 .text._ZN5L6470I8shield_3E39L6470_PerformPreparedApplicationCommandEv
                0x0800552c       0x44 ./Core/Src/BlocMoteurs.o
                0x0800552c                L6470<shield_3>::L6470_PerformPreparedApplicationCommand()
 .text._ZN5L6470I8shield_3E23L6470_DaisyChainCommandEPhS2_
                0x08005570       0x70 ./Core/Src/BlocMoteurs.o
                0x08005570                L6470<shield_3>::L6470_DaisyChainCommand(unsigned char*, unsigned char*)
 .text._ZN5L6470I8shield_3E25L6470_ExtractReturnedDataEPhh
                0x080055e0       0x5a ./Core/Src/BlocMoteurs.o
                0x080055e0                L6470<shield_3>::L6470_ExtractReturnedData(unsigned char*, unsigned char)
 *fill*         0x0800563a        0x2 
 .text._ZN5L6470I8shield_3E29L6470_CheckStatusRegisterFlagEh
                0x0800563c      0x170 ./Core/Src/BlocMoteurs.o
                0x0800563c                L6470<shield_3>::L6470_CheckStatusRegisterFlag(unsigned char)
 .text._ZN5L6470I8shield_3E21L6470_GetRegisterNameEh
                0x080057ac       0x34 ./Core/Src/BlocMoteurs.o
                0x080057ac                L6470<shield_3>::L6470_GetRegisterName(unsigned char)
 .text._ZN5L6470I8shield_3E20L6470_ResetAppCmdPkgEP18sL6470_AppCmdPkg_t
                0x080057e0       0x5a ./Core/Src/BlocMoteurs.o
                0x080057e0                L6470<shield_3>::L6470_ResetAppCmdPkg(sL6470_AppCmdPkg_t*)
 .text._ZN5L6470I8shield_3E19L6470_FillAppCmdPkgEP18sL6470_AppCmdPkg_t17eL6470_AppCmdId_tmmm
                0x0800583a       0x54 ./Core/Src/BlocMoteurs.o
                0x0800583a                L6470<shield_3>::L6470_FillAppCmdPkg(sL6470_AppCmdPkg_t*, eL6470_AppCmdId_t, unsigned long, unsigned long, unsigned long)
 *fill*         0x0800588e        0x2 
 .text._ZN5L6470I8shield_3E22L6470_PrepareAppCmdPkgEP18sL6470_AppCmdPkg_t17eL6470_AppCmdId_tmmm
                0x08005890       0x58 ./Core/Src/BlocMoteurs.o
                0x08005890                L6470<shield_3>::L6470_PrepareAppCmdPkg(sL6470_AppCmdPkg_t*, eL6470_AppCmdId_t, unsigned long, unsigned long, unsigned long)
 .text._ZN5L6470I8shield_3E30L6470_PrepareDaisyChainCommandEP18sL6470_AppCmdPkg_tPh
                0x080058e8      0x444 ./Core/Src/BlocMoteurs.o
                0x080058e8                L6470<shield_3>::L6470_PrepareDaisyChainCommand(sL6470_AppCmdPkg_t*, unsigned char*)
 .text._ZN5L6470I8shield_3E11L6470_roundEf
                0x08005d2c       0x9a ./Core/Src/BlocMoteurs.o
                0x08005d2c                L6470<shield_3>::L6470_round(float)
 .text._ZN5L6470I8shield_3E4ReadEPht
                0x08005dc6       0x54 ./Core/Src/BlocMoteurs.o
                0x08005dc6                L6470<shield_3>::Read(unsigned char*, unsigned short)
 .text._ZN5L6470I8shield_3E5WriteEPht
                0x08005e1a       0x54 ./Core/Src/BlocMoteurs.o
                0x08005e1a                L6470<shield_3>::Write(unsigned char*, unsigned short)
 .text._ZN5L6470I8shield_3E9ReadWriteEPhS2_t
                0x08005e6e       0x6a ./Core/Src/BlocMoteurs.o
                0x08005e6e                L6470<shield_3>::ReadWrite(unsigned char*, unsigned char*, unsigned short)
 .text._ZN5L6470I8shield_3E23L6470_SPI_CommunicationEPhS2_tm
                0x08005ed8       0x2a ./Core/Src/BlocMoteurs.o
                0x08005ed8                L6470<shield_3>::L6470_SPI_Communication(unsigned char*, unsigned char*, unsigned short, unsigned long)
 .text._ZN5L6470I8shield_2E4initEPv
                0x08005f02       0x24 ./Core/Src/BlocMoteurs.o
                0x08005f02                L6470<shield_2>::init(void*)
 .text._ZN5L6470I8shield_2E10get_statusEv
                0x08005f26       0x20 ./Core/Src/BlocMoteurs.o
                0x08005f26                L6470<shield_2>::get_status()
 .text._ZN5L6470I8shield_2E13get_parameterEj
                0x08005f46       0x28 ./Core/Src/BlocMoteurs.o
                0x08005f46                L6470<shield_2>::get_parameter(unsigned int)
 .text._ZN5L6470I8shield_2E12get_positionEv
                0x08005f6e       0x34 ./Core/Src/BlocMoteurs.o
                0x08005f6e                L6470<shield_2>::get_position()
 .text._ZN5L6470I8shield_2E8get_markEv
                0x08005fa2       0x34 ./Core/Src/BlocMoteurs.o
                0x08005fa2                L6470<shield_2>::get_mark()
 .text._ZN5L6470I8shield_2E9get_speedEv
                0x08005fd6       0x4a ./Core/Src/BlocMoteurs.o
                0x08005fd6                L6470<shield_2>::get_speed()
 .text._ZN5L6470I8shield_2E13get_max_speedEv
                0x08006020       0x4c ./Core/Src/BlocMoteurs.o
                0x08006020                L6470<shield_2>::get_max_speed()
 .text._ZN5L6470I8shield_2E13get_min_speedEv
                0x0800606c       0x4c ./Core/Src/BlocMoteurs.o
                0x0800606c                L6470<shield_2>::get_min_speed()
 .text._ZN5L6470I8shield_2E16get_accelerationEv
                0x080060b8       0x4c ./Core/Src/BlocMoteurs.o
                0x080060b8                L6470<shield_2>::get_acceleration()
 .text._ZN5L6470I8shield_2E16get_decelerationEv
                0x08006104       0x4c ./Core/Src/BlocMoteurs.o
                0x08006104                L6470<shield_2>::get_deceleration()
 .text._ZN5L6470I8shield_2E13get_directionEv
                0x08006150       0x2c ./Core/Src/BlocMoteurs.o
                0x08006150                L6470<shield_2>::get_direction()
 .text._ZN5L6470I8shield_2E13set_parameterEjj
                0x0800617c       0x28 ./Core/Src/BlocMoteurs.o
                0x0800617c                L6470<shield_2>::set_parameter(unsigned int, unsigned int)
 .text._ZN5L6470I8shield_2E8set_homeEv
                0x080061a4       0x1e ./Core/Src/BlocMoteurs.o
                0x080061a4                L6470<shield_2>::set_home()
 .text._ZN5L6470I8shield_2E8set_markEv
                0x080061c2       0x34 ./Core/Src/BlocMoteurs.o
                0x080061c2                L6470<shield_2>::set_mark()
 .text._ZN5L6470I8shield_2E8set_markEi
                0x080061f6       0x36 ./Core/Src/BlocMoteurs.o
                0x080061f6                L6470<shield_2>::set_mark(int)
 .text._ZN5L6470I8shield_2E13set_max_speedEj
                0x0800622c       0x44 ./Core/Src/BlocMoteurs.o
                0x0800622c                L6470<shield_2>::set_max_speed(unsigned int)
 .text._ZN5L6470I8shield_2E13set_min_speedEj
                0x08006270       0x44 ./Core/Src/BlocMoteurs.o
                0x08006270                L6470<shield_2>::set_min_speed(unsigned int)
 .text._ZN5L6470I8shield_2E16set_accelerationEj
                0x080062b4       0x44 ./Core/Src/BlocMoteurs.o
                0x080062b4                L6470<shield_2>::set_acceleration(unsigned int)
 .text._ZN5L6470I8shield_2E16set_decelerationEj
                0x080062f8       0x44 ./Core/Src/BlocMoteurs.o
                0x080062f8                L6470<shield_2>::set_deceleration(unsigned int)
 .text._ZN5L6470I8shield_2E13set_step_modeEN12StepperMotor11step_mode_tE
                0x0800633c       0x3e ./Core/Src/BlocMoteurs.o
                0x0800633c                L6470<shield_2>::set_step_mode(StepperMotor::step_mode_t)
 .text._ZN5L6470I8shield_2E5go_toEi
                0x0800637a       0x34 ./Core/Src/BlocMoteurs.o
                0x0800637a                L6470<shield_2>::go_to(int)
 .text._ZN5L6470I8shield_2E5go_toEiN12StepperMotor11direction_tE
                0x080063ae       0x46 ./Core/Src/BlocMoteurs.o
                0x080063ae                L6470<shield_2>::go_to(int, StepperMotor::direction_t)
 .text._ZN5L6470I8shield_2E7go_homeEv
                0x080063f4       0x1e ./Core/Src/BlocMoteurs.o
                0x080063f4                L6470<shield_2>::go_home()
 .text._ZN5L6470I8shield_2E7go_markEv
                0x08006412       0x1e ./Core/Src/BlocMoteurs.o
                0x08006412                L6470<shield_2>::go_mark()
 .text._ZN5L6470I8shield_2E8go_untilE14eL6470_ActId_tN12StepperMotor11direction_tEj
                0x08006430       0x56 ./Core/Src/BlocMoteurs.o
                0x08006430                L6470<shield_2>::go_until(eL6470_ActId_t, StepperMotor::direction_t, unsigned int)
 .text._ZN5L6470I8shield_2E3runEN12StepperMotor11direction_tE
                0x08006486       0x44 ./Core/Src/BlocMoteurs.o
                0x08006486                L6470<shield_2>::run(StepperMotor::direction_t)
 .text._ZN5L6470I8shield_2E3runEN12StepperMotor11direction_tEj
                0x080064ca       0x52 ./Core/Src/BlocMoteurs.o
                0x080064ca                L6470<shield_2>::run(StepperMotor::direction_t, unsigned int)
 .text._ZN5L6470I8shield_2E4moveEN12StepperMotor11direction_tEj
                0x0800651c       0x32 ./Core/Src/BlocMoteurs.o
                0x0800651c                L6470<shield_2>::move(StepperMotor::direction_t, unsigned int)
 .text._ZN5L6470I8shield_2E9soft_stopEv
                0x0800654e       0x1e ./Core/Src/BlocMoteurs.o
                0x0800654e                L6470<shield_2>::soft_stop()
 .text._ZN5L6470I8shield_2E9hard_stopEv
                0x0800656c       0x1e ./Core/Src/BlocMoteurs.o
                0x0800656c                L6470<shield_2>::hard_stop()
 .text._ZN5L6470I8shield_2E8soft_hizEv
                0x0800658a       0x1e ./Core/Src/BlocMoteurs.o
                0x0800658a                L6470<shield_2>::soft_hiz()
 .text._ZN5L6470I8shield_2E8hard_hizEv
                0x080065a8       0x1e ./Core/Src/BlocMoteurs.o
                0x080065a8                L6470<shield_2>::hard_hiz()
 .text._ZN5L6470I8shield_2E17wait_while_activeEv
                0x080065c6       0x34 ./Core/Src/BlocMoteurs.o
                0x080065c6                L6470<shield_2>::wait_while_active()
 .text._ZN5L6470I8shield_2E10step_clockEN12StepperMotor11direction_tE
                0x080065fa       0x3c ./Core/Src/BlocMoteurs.o
                0x080065fa                L6470<shield_2>::step_clock(StepperMotor::direction_t)
 .text._ZN5L6470I8shield_2E10release_swE14eL6470_ActId_tN12StepperMotor11direction_tE
                0x08006636       0x34 ./Core/Src/BlocMoteurs.o
                0x08006636                L6470<shield_2>::release_sw(eL6470_ActId_t, StepperMotor::direction_t)
 .text._ZN5L6470I8shield_2E12reset_deviceEv
                0x0800666a       0x1e ./Core/Src/BlocMoteurs.o
                0x0800666a                L6470<shield_2>::reset_device()
 .text._ZN5L6470I8shield_2E18prepare_get_statusEv
                0x08006688       0x26 ./Core/Src/BlocMoteurs.o
                0x08006688                L6470<shield_2>::prepare_get_status()
 .text._ZN5L6470I8shield_2E21prepare_get_parameterEj
                0x080066ae       0x2e ./Core/Src/BlocMoteurs.o
                0x080066ae                L6470<shield_2>::prepare_get_parameter(unsigned int)
 .text._ZN5L6470I8shield_2E20prepare_get_positionEv
                0x080066dc       0x28 ./Core/Src/BlocMoteurs.o
                0x080066dc                L6470<shield_2>::prepare_get_position()
 .text._ZN5L6470I8shield_2E16prepare_get_markEv
                0x08006704       0x28 ./Core/Src/BlocMoteurs.o
                0x08006704                L6470<shield_2>::prepare_get_mark()
 .text._ZN5L6470I8shield_2E17prepare_get_speedEv
                0x0800672c       0x28 ./Core/Src/BlocMoteurs.o
                0x0800672c                L6470<shield_2>::prepare_get_speed()
 .text._ZN5L6470I8shield_2E21prepare_get_max_speedEv
                0x08006754       0x28 ./Core/Src/BlocMoteurs.o
                0x08006754                L6470<shield_2>::prepare_get_max_speed()
 .text._ZN5L6470I8shield_2E21prepare_get_min_speedEv
                0x0800677c       0x28 ./Core/Src/BlocMoteurs.o
                0x0800677c                L6470<shield_2>::prepare_get_min_speed()
 .text._ZN5L6470I8shield_2E24prepare_get_accelerationEv
                0x080067a4       0x28 ./Core/Src/BlocMoteurs.o
                0x080067a4                L6470<shield_2>::prepare_get_acceleration()
 .text._ZN5L6470I8shield_2E24prepare_get_decelerationEv
                0x080067cc       0x28 ./Core/Src/BlocMoteurs.o
                0x080067cc                L6470<shield_2>::prepare_get_deceleration()
 .text._ZN5L6470I8shield_2E21prepare_get_directionEv
                0x080067f4       0x40 ./Core/Src/BlocMoteurs.o
                0x080067f4                L6470<shield_2>::prepare_get_direction()
 .text._ZN5L6470I8shield_2E21prepare_set_parameterEjj
                0x08006834       0x30 ./Core/Src/BlocMoteurs.o
                0x08006834                L6470<shield_2>::prepare_set_parameter(unsigned int, unsigned int)
 .text._ZN5L6470I8shield_2E16prepare_set_homeEv
                0x08006864       0x26 ./Core/Src/BlocMoteurs.o
                0x08006864                L6470<shield_2>::prepare_set_home()
 .text._ZN5L6470I8shield_2E16prepare_set_markEv
                0x0800688a       0x2a ./Core/Src/BlocMoteurs.o
                0x0800688a                L6470<shield_2>::prepare_set_mark()
 .text._ZN5L6470I8shield_2E16prepare_set_markEi
                0x080068b4       0x3e ./Core/Src/BlocMoteurs.o
                0x080068b4                L6470<shield_2>::prepare_set_mark(int)
 .text._ZN5L6470I8shield_2E17prepare_set_speedEj
                0x080068f2       0x4a ./Core/Src/BlocMoteurs.o
                0x080068f2                L6470<shield_2>::prepare_set_speed(unsigned int)
 .text._ZN5L6470I8shield_2E21prepare_set_max_speedEj
                0x0800693c       0x4a ./Core/Src/BlocMoteurs.o
                0x0800693c                L6470<shield_2>::prepare_set_max_speed(unsigned int)
 .text._ZN5L6470I8shield_2E21prepare_set_min_speedEj
                0x08006986       0x4a ./Core/Src/BlocMoteurs.o
                0x08006986                L6470<shield_2>::prepare_set_min_speed(unsigned int)
 .text._ZN5L6470I8shield_2E24prepare_set_accelerationEj
                0x080069d0       0x4a ./Core/Src/BlocMoteurs.o
                0x080069d0                L6470<shield_2>::prepare_set_acceleration(unsigned int)
 .text._ZN5L6470I8shield_2E24prepare_set_decelerationEj
                0x08006a1a       0x4a ./Core/Src/BlocMoteurs.o
                0x08006a1a                L6470<shield_2>::prepare_set_deceleration(unsigned int)
 .text._ZN5L6470I8shield_2E13prepare_go_toEi
                0x08006a64       0x3c ./Core/Src/BlocMoteurs.o
                0x08006a64                L6470<shield_2>::prepare_go_to(int)
 .text._ZN5L6470I8shield_2E13prepare_go_toEiN12StepperMotor11direction_tE
                0x08006aa0       0x4e ./Core/Src/BlocMoteurs.o
                0x08006aa0                L6470<shield_2>::prepare_go_to(int, StepperMotor::direction_t)
 .text._ZN5L6470I8shield_2E15prepare_go_homeEv
                0x08006aee       0x26 ./Core/Src/BlocMoteurs.o
                0x08006aee                L6470<shield_2>::prepare_go_home()
 .text._ZN5L6470I8shield_2E15prepare_go_markEv
                0x08006b14       0x26 ./Core/Src/BlocMoteurs.o
                0x08006b14                L6470<shield_2>::prepare_go_mark()
 .text._ZN5L6470I8shield_2E16prepare_go_untilE14eL6470_ActId_tN12StepperMotor11direction_tEj
                0x08006b3a       0x5e ./Core/Src/BlocMoteurs.o
                0x08006b3a                L6470<shield_2>::prepare_go_until(eL6470_ActId_t, StepperMotor::direction_t, unsigned int)
 .text._ZN5L6470I8shield_2E11prepare_runEN12StepperMotor11direction_tE
                0x08006b98       0x4c ./Core/Src/BlocMoteurs.o
                0x08006b98                L6470<shield_2>::prepare_run(StepperMotor::direction_t)
 .text._ZN5L6470I8shield_2E11prepare_runEN12StepperMotor11direction_tEj
                0x08006be4       0x5a ./Core/Src/BlocMoteurs.o
                0x08006be4                L6470<shield_2>::prepare_run(StepperMotor::direction_t, unsigned int)
 .text._ZN5L6470I8shield_2E12prepare_moveEN12StepperMotor11direction_tEj
                0x08006c3e       0x3a ./Core/Src/BlocMoteurs.o
                0x08006c3e                L6470<shield_2>::prepare_move(StepperMotor::direction_t, unsigned int)
 .text._ZN5L6470I8shield_2E17prepare_soft_stopEv
                0x08006c78       0x26 ./Core/Src/BlocMoteurs.o
                0x08006c78                L6470<shield_2>::prepare_soft_stop()
 .text._ZN5L6470I8shield_2E17prepare_hard_stopEv
                0x08006c9e       0x26 ./Core/Src/BlocMoteurs.o
                0x08006c9e                L6470<shield_2>::prepare_hard_stop()
 .text._ZN5L6470I8shield_2E16prepare_soft_hizEv
                0x08006cc4       0x26 ./Core/Src/BlocMoteurs.o
                0x08006cc4                L6470<shield_2>::prepare_soft_hiz()
 .text._ZN5L6470I8shield_2E16prepare_hard_hizEv
                0x08006cea       0x26 ./Core/Src/BlocMoteurs.o
                0x08006cea                L6470<shield_2>::prepare_hard_hiz()
 .text._ZN5L6470I8shield_2E18prepare_step_clockEN12StepperMotor11direction_tE
                0x08006d10       0x38 ./Core/Src/BlocMoteurs.o
                0x08006d10                L6470<shield_2>::prepare_step_clock(StepperMotor::direction_t)
 .text._ZN5L6470I8shield_2E18prepare_release_swE14eL6470_ActId_tN12StepperMotor11direction_tE
                0x08006d48       0x3c ./Core/Src/BlocMoteurs.o
                0x08006d48                L6470<shield_2>::prepare_release_sw(eL6470_ActId_t, StepperMotor::direction_t)
 .text._ZN5L6470I8shield_2E20prepare_reset_deviceEv
                0x08006d84       0x26 ./Core/Src/BlocMoteurs.o
                0x08006d84                L6470<shield_2>::prepare_reset_device()
 .text._ZN5L6470I8shield_2E24perform_prepared_actionsEv
                0x08006daa       0x20 ./Core/Src/BlocMoteurs.o
                0x08006daa                L6470<shield_2>::perform_prepared_actions()
 .text._ZN5L6470I8shield_2E19get_prepared_actionEv
                0x08006dca       0x1a ./Core/Src/BlocMoteurs.o
                0x08006dca                L6470<shield_2>::get_prepared_action()
 .text._ZN5L6470I8shield_2E10get_resultEPh
                0x08006de4      0x220 ./Core/Src/BlocMoteurs.o
                0x08006de4                L6470<shield_2>::get_result(unsigned char*)
 .text._ZN5L6470I8shield_2E13L6470_DISABLEEv
                0x08007004       0x20 ./Core/Src/BlocMoteurs.o
                0x08007004                L6470<shield_2>::L6470_DISABLE()
 .text._ZN5L6470I8shield_2E23L6470_AbsPos_2_PositionEm
                0x08007024       0x28 ./Core/Src/BlocMoteurs.o
                0x08007024                L6470<shield_2>::L6470_AbsPos_2_Position(unsigned long)
 .text._ZN5L6470I8shield_2E23L6470_Position_2_AbsPosEl
                0x0800704c       0x42 ./Core/Src/BlocMoteurs.o
                0x0800704c                L6470<shield_2>::L6470_Position_2_AbsPos(long)
 *fill*         0x0800708e        0x2 
 .text._ZN5L6470I8shield_2E20L6470_Speed_2_Step_sEm
                0x08007090       0x30 ./Core/Src/BlocMoteurs.o
                0x08007090                L6470<shield_2>::L6470_Speed_2_Step_s(unsigned long)
 .text._ZN5L6470I8shield_2E20L6470_Step_s_2_SpeedEf
                0x080070c0       0x4c ./Core/Src/BlocMoteurs.o
                0x080070c0                L6470<shield_2>::L6470_Step_s_2_Speed(float)
 .text._ZN5L6470I8shield_2E19L6470_Acc_2_Step_s2Et
                0x0800710c       0x44 ./Core/Src/BlocMoteurs.o
                0x0800710c                L6470<shield_2>::L6470_Acc_2_Step_s2(unsigned short)
 .text._ZN5L6470I8shield_2E19L6470_Step_s2_2_AccEf
                0x08007150       0x4c ./Core/Src/BlocMoteurs.o
                0x08007150                L6470<shield_2>::L6470_Step_s2_2_Acc(float)
 .text._ZN5L6470I8shield_2E19L6470_Dec_2_Step_s2Et
                0x0800719c       0x44 ./Core/Src/BlocMoteurs.o
                0x0800719c                L6470<shield_2>::L6470_Dec_2_Step_s2(unsigned short)
 .text._ZN5L6470I8shield_2E19L6470_Step_s2_2_DecEf
                0x080071e0       0x4c ./Core/Src/BlocMoteurs.o
                0x080071e0                L6470<shield_2>::L6470_Step_s2_2_Dec(float)
 .text._ZN5L6470I8shield_2E23L6470_MaxSpeed_2_Step_sEt
                0x0800722c       0x44 ./Core/Src/BlocMoteurs.o
                0x0800722c                L6470<shield_2>::L6470_MaxSpeed_2_Step_s(unsigned short)
 .text._ZN5L6470I8shield_2E23L6470_Step_s_2_MaxSpeedEf
                0x08007270       0x4c ./Core/Src/BlocMoteurs.o
                0x08007270                L6470<shield_2>::L6470_Step_s_2_MaxSpeed(float)
 .text._ZN5L6470I8shield_2E23L6470_MinSpeed_2_Step_sEt
                0x080072bc       0x44 ./Core/Src/BlocMoteurs.o
                0x080072bc                L6470<shield_2>::L6470_MinSpeed_2_Step_s(unsigned short)
 .text._ZN5L6470I8shield_2E23L6470_Step_s_2_MinSpeedEf
                0x08007300       0x4c ./Core/Src/BlocMoteurs.o
                0x08007300                L6470<shield_2>::L6470_Step_s_2_MinSpeed(float)
 .text._ZN5L6470I8shield_2E20L6470_FsSpd_2_Step_sEt
                0x0800734c       0x64 ./Core/Src/BlocMoteurs.o
                0x0800734c                L6470<shield_2>::L6470_FsSpd_2_Step_s(unsigned short)
 .text._ZN5L6470I8shield_2E20L6470_Step_s_2_FsSpdEf
                0x080073b0       0x54 ./Core/Src/BlocMoteurs.o
                0x080073b0                L6470<shield_2>::L6470_Step_s_2_FsSpd(float)
 .text._ZN5L6470I8shield_2E23L6470_IntSpeed_2_Step_sEt
                0x08007404       0x44 ./Core/Src/BlocMoteurs.o
                0x08007404                L6470<shield_2>::L6470_IntSpeed_2_Step_s(unsigned short)
 .text._ZN5L6470I8shield_2E23L6470_Step_s_2_IntSpeedEf
                0x08007448       0x4c ./Core/Src/BlocMoteurs.o
                0x08007448                L6470<shield_2>::L6470_Step_s_2_IntSpeed(float)
 .text._ZN5L6470I8shield_2E20L6470_StSlp_2_s_StepEh
                0x08007494       0x30 ./Core/Src/BlocMoteurs.o
                0x08007494                L6470<shield_2>::L6470_StSlp_2_s_Step(unsigned char)
 .text._ZN5L6470I8shield_2E20L6470_s_Step_2_StSlpEf
                0x080074c4       0x50 ./Core/Src/BlocMoteurs.o
                0x080074c4                L6470<shield_2>::L6470_s_Step_2_StSlp(float)
 .text._ZN5L6470I8shield_2E23L6470_FnSlpAcc_2_s_StepEh
                0x08007514       0x30 ./Core/Src/BlocMoteurs.o
                0x08007514                L6470<shield_2>::L6470_FnSlpAcc_2_s_Step(unsigned char)
 .text._ZN5L6470I8shield_2E23L6470_s_Step_2_FnSlpAccEf
                0x08007544       0x50 ./Core/Src/BlocMoteurs.o
                0x08007544                L6470<shield_2>::L6470_s_Step_2_FnSlpAcc(float)
 .text._ZN5L6470I8shield_2E23L6470_FnSlpDec_2_s_StepEh
                0x08007594       0x30 ./Core/Src/BlocMoteurs.o
                0x08007594                L6470<shield_2>::L6470_FnSlpDec_2_s_Step(unsigned char)
 .text._ZN5L6470I8shield_2E23L6470_s_Step_2_FnSlpDecEf
                0x080075c4       0x50 ./Core/Src/BlocMoteurs.o
                0x080075c4                L6470<shield_2>::L6470_s_Step_2_FnSlpDec(float)
 .text._ZN5L6470I8shield_2E16L6470_OcdTh_2_mAEh
                0x08007614       0x44 ./Core/Src/BlocMoteurs.o
                0x08007614                L6470<shield_2>::L6470_OcdTh_2_mA(unsigned char)
 .text._ZN5L6470I8shield_2E16L6470_mA_2_OcdThEf
                0x08007658       0xa4 ./Core/Src/BlocMoteurs.o
                0x08007658                L6470<shield_2>::L6470_mA_2_OcdTh(float)
 .text._ZN5L6470I8shield_2E18L6470_StallTh_2_mAEh
                0x080076fc       0x44 ./Core/Src/BlocMoteurs.o
                0x080076fc                L6470<shield_2>::L6470_StallTh_2_mA(unsigned char)
 .text._ZN5L6470I8shield_2E18L6470_mA_2_StallThEf
                0x08007740       0xa4 ./Core/Src/BlocMoteurs.o
                0x08007740                L6470<shield_2>::L6470_mA_2_StallTh(float)
 .text._ZN5L6470I8shield_2E12L6470_ConfigEPv
                0x080077e4      0x434 ./Core/Src/BlocMoteurs.o
                0x080077e4                L6470<shield_2>::L6470_Config(void*)
 .text._ZN5L6470I8shield_2E14L6470_SetParamE14eL6470_RegId_tm
                0x08007c18       0x64 ./Core/Src/BlocMoteurs.o
                0x08007c18                L6470<shield_2>::L6470_SetParam(eL6470_RegId_t, unsigned long)
 .text._ZN5L6470I8shield_2E14L6470_GetParamE14eL6470_RegId_t
                0x08007c7c       0x8c ./Core/Src/BlocMoteurs.o
                0x08007c7c                L6470<shield_2>::L6470_GetParam(eL6470_RegId_t)
 .text._ZN5L6470I8shield_2E9L6470_RunE14eL6470_DirId_tm
                0x08007d08       0x64 ./Core/Src/BlocMoteurs.o
                0x08007d08                L6470<shield_2>::L6470_Run(eL6470_DirId_t, unsigned long)
 .text._ZN5L6470I8shield_2E15L6470_StepClockE14eL6470_DirId_t
                0x08007d6c       0x60 ./Core/Src/BlocMoteurs.o
                0x08007d6c                L6470<shield_2>::L6470_StepClock(eL6470_DirId_t)
 .text._ZN5L6470I8shield_2E10L6470_MoveE14eL6470_DirId_tm
                0x08007dcc       0x64 ./Core/Src/BlocMoteurs.o
                0x08007dcc                L6470<shield_2>::L6470_Move(eL6470_DirId_t, unsigned long)
 .text._ZN5L6470I8shield_2E10L6470_GoToEm
                0x08007e30       0x68 ./Core/Src/BlocMoteurs.o
                0x08007e30                L6470<shield_2>::L6470_GoTo(unsigned long)
 .text._ZN5L6470I8shield_2E13L6470_GoToDirE14eL6470_DirId_tm
                0x08007e98       0x6c ./Core/Src/BlocMoteurs.o
                0x08007e98                L6470<shield_2>::L6470_GoToDir(eL6470_DirId_t, unsigned long)
 .text._ZN5L6470I8shield_2E13L6470_GoUntilE14eL6470_ActId_t14eL6470_DirId_tm
                0x08007f04       0x68 ./Core/Src/BlocMoteurs.o
                0x08007f04                L6470<shield_2>::L6470_GoUntil(eL6470_ActId_t, eL6470_DirId_t, unsigned long)
 .text._ZN5L6470I8shield_2E15L6470_ReleaseSWE14eL6470_ActId_t14eL6470_DirId_t
                0x08007f6c       0x68 ./Core/Src/BlocMoteurs.o
                0x08007f6c                L6470<shield_2>::L6470_ReleaseSW(eL6470_ActId_t, eL6470_DirId_t)
 .text._ZN5L6470I8shield_2E12L6470_GoHomeEv
                0x08007fd4       0x5c ./Core/Src/BlocMoteurs.o
                0x08007fd4                L6470<shield_2>::L6470_GoHome()
 .text._ZN5L6470I8shield_2E12L6470_GoMarkEv
                0x08008030       0x5c ./Core/Src/BlocMoteurs.o
                0x08008030                L6470<shield_2>::L6470_GoMark()
 .text._ZN5L6470I8shield_2E14L6470_ResetPosEv
                0x0800808c       0x5c ./Core/Src/BlocMoteurs.o
                0x0800808c                L6470<shield_2>::L6470_ResetPos()
 .text._ZN5L6470I8shield_2E17L6470_ResetDeviceEv
                0x080080e8       0x5c ./Core/Src/BlocMoteurs.o
                0x080080e8                L6470<shield_2>::L6470_ResetDevice()
 .text._ZN5L6470I8shield_2E14L6470_SoftStopEv
                0x08008144       0x5c ./Core/Src/BlocMoteurs.o
                0x08008144                L6470<shield_2>::L6470_SoftStop()
 .text._ZN5L6470I8shield_2E14L6470_HardStopEv
                0x080081a0       0x5c ./Core/Src/BlocMoteurs.o
                0x080081a0                L6470<shield_2>::L6470_HardStop()
 .text._ZN5L6470I8shield_2E13L6470_SoftHiZEv
                0x080081fc       0x5c ./Core/Src/BlocMoteurs.o
                0x080081fc                L6470<shield_2>::L6470_SoftHiZ()
 .text._ZN5L6470I8shield_2E13L6470_HardHiZEv
                0x08008258       0x5c ./Core/Src/BlocMoteurs.o
                0x08008258                L6470<shield_2>::L6470_HardHiZ()
 .text._ZN5L6470I8shield_2E15L6470_GetStatusEv
                0x080082b4       0x74 ./Core/Src/BlocMoteurs.o
                0x080082b4                L6470<shield_2>::L6470_GetStatus()
 .text._ZN5L6470I8shield_2E21L6470_PrepareSetParamE14eL6470_RegId_tm
                0x08008328       0x38 ./Core/Src/BlocMoteurs.o
                0x08008328                L6470<shield_2>::L6470_PrepareSetParam(eL6470_RegId_t, unsigned long)
 .text._ZN5L6470I8shield_2E21L6470_PrepareGetParamE14eL6470_RegId_t
                0x08008360       0x34 ./Core/Src/BlocMoteurs.o
                0x08008360                L6470<shield_2>::L6470_PrepareGetParam(eL6470_RegId_t)
 .text._ZN5L6470I8shield_2E16L6470_PrepareRunE14eL6470_DirId_tm
                0x08008394       0x38 ./Core/Src/BlocMoteurs.o
                0x08008394                L6470<shield_2>::L6470_PrepareRun(eL6470_DirId_t, unsigned long)
 .text._ZN5L6470I8shield_2E22L6470_PrepareStepClockE14eL6470_DirId_t
                0x080083cc       0x34 ./Core/Src/BlocMoteurs.o
                0x080083cc                L6470<shield_2>::L6470_PrepareStepClock(eL6470_DirId_t)
 .text._ZN5L6470I8shield_2E17L6470_PrepareMoveE14eL6470_DirId_tm
                0x08008400       0x38 ./Core/Src/BlocMoteurs.o
                0x08008400                L6470<shield_2>::L6470_PrepareMove(eL6470_DirId_t, unsigned long)
 .text._ZN5L6470I8shield_2E17L6470_PrepareGoToEm
                0x08008438       0x34 ./Core/Src/BlocMoteurs.o
                0x08008438                L6470<shield_2>::L6470_PrepareGoTo(unsigned long)
 .text._ZN5L6470I8shield_2E20L6470_PrepareGoToDirE14eL6470_DirId_tm
                0x0800846c       0x38 ./Core/Src/BlocMoteurs.o
                0x0800846c                L6470<shield_2>::L6470_PrepareGoToDir(eL6470_DirId_t, unsigned long)
 .text._ZN5L6470I8shield_2E20L6470_PrepareGoUntilE14eL6470_ActId_t14eL6470_DirId_tm
                0x080084a4       0x3c ./Core/Src/BlocMoteurs.o
                0x080084a4                L6470<shield_2>::L6470_PrepareGoUntil(eL6470_ActId_t, eL6470_DirId_t, unsigned long)
 .text._ZN5L6470I8shield_2E22L6470_PrepareReleaseSWE14eL6470_ActId_t14eL6470_DirId_t
                0x080084e0       0x3c ./Core/Src/BlocMoteurs.o
                0x080084e0                L6470<shield_2>::L6470_PrepareReleaseSW(eL6470_ActId_t, eL6470_DirId_t)
 .text._ZN5L6470I8shield_2E19L6470_PrepareGoHomeEv
                0x0800851c       0x30 ./Core/Src/BlocMoteurs.o
                0x0800851c                L6470<shield_2>::L6470_PrepareGoHome()
 .text._ZN5L6470I8shield_2E19L6470_PrepareGoMarkEv
                0x0800854c       0x30 ./Core/Src/BlocMoteurs.o
                0x0800854c                L6470<shield_2>::L6470_PrepareGoMark()
 .text._ZN5L6470I8shield_2E21L6470_PrepareResetPosEv
                0x0800857c       0x30 ./Core/Src/BlocMoteurs.o
                0x0800857c                L6470<shield_2>::L6470_PrepareResetPos()
 .text._ZN5L6470I8shield_2E24L6470_PrepareResetDeviceEv
                0x080085ac       0x30 ./Core/Src/BlocMoteurs.o
                0x080085ac                L6470<shield_2>::L6470_PrepareResetDevice()
 .text._ZN5L6470I8shield_2E21L6470_PrepareSoftStopEv
                0x080085dc       0x30 ./Core/Src/BlocMoteurs.o
                0x080085dc                L6470<shield_2>::L6470_PrepareSoftStop()
 .text._ZN5L6470I8shield_2E21L6470_PrepareHardStopEv
                0x0800860c       0x30 ./Core/Src/BlocMoteurs.o
                0x0800860c                L6470<shield_2>::L6470_PrepareHardStop()
 .text._ZN5L6470I8shield_2E20L6470_PrepareSoftHiZEv
                0x0800863c       0x30 ./Core/Src/BlocMoteurs.o
                0x0800863c                L6470<shield_2>::L6470_PrepareSoftHiZ()
 .text._ZN5L6470I8shield_2E20L6470_PrepareHardHiZEv
                0x0800866c       0x30 ./Core/Src/BlocMoteurs.o
                0x0800866c                L6470<shield_2>::L6470_PrepareHardHiZ()
 .text._ZN5L6470I8shield_2E22L6470_PrepareGetStatusEv
                0x0800869c       0x30 ./Core/Src/BlocMoteurs.o
                0x0800869c                L6470<shield_2>::L6470_PrepareGetStatus()
 .text._ZN5L6470I8shield_2E39L6470_PerformPreparedApplicationCommandEv
                0x080086cc       0x44 ./Core/Src/BlocMoteurs.o
                0x080086cc                L6470<shield_2>::L6470_PerformPreparedApplicationCommand()
 .text._ZN5L6470I8shield_2E23L6470_DaisyChainCommandEPhS2_
                0x08008710       0x70 ./Core/Src/BlocMoteurs.o
                0x08008710                L6470<shield_2>::L6470_DaisyChainCommand(unsigned char*, unsigned char*)
 .text._ZN5L6470I8shield_2E25L6470_ExtractReturnedDataEPhh
                0x08008780       0x5a ./Core/Src/BlocMoteurs.o
                0x08008780                L6470<shield_2>::L6470_ExtractReturnedData(unsigned char*, unsigned char)
 *fill*         0x080087da        0x2 
 .text._ZN5L6470I8shield_2E29L6470_CheckStatusRegisterFlagEh
                0x080087dc      0x170 ./Core/Src/BlocMoteurs.o
                0x080087dc                L6470<shield_2>::L6470_CheckStatusRegisterFlag(unsigned char)
 .text._ZN5L6470I8shield_2E21L6470_GetRegisterNameEh
                0x0800894c       0x34 ./Core/Src/BlocMoteurs.o
                0x0800894c                L6470<shield_2>::L6470_GetRegisterName(unsigned char)
 .text._ZN5L6470I8shield_2E20L6470_ResetAppCmdPkgEP18sL6470_AppCmdPkg_t
                0x08008980       0x5a ./Core/Src/BlocMoteurs.o
                0x08008980                L6470<shield_2>::L6470_ResetAppCmdPkg(sL6470_AppCmdPkg_t*)
 .text._ZN5L6470I8shield_2E19L6470_FillAppCmdPkgEP18sL6470_AppCmdPkg_t17eL6470_AppCmdId_tmmm
                0x080089da       0x54 ./Core/Src/BlocMoteurs.o
                0x080089da                L6470<shield_2>::L6470_FillAppCmdPkg(sL6470_AppCmdPkg_t*, eL6470_AppCmdId_t, unsigned long, unsigned long, unsigned long)
 *fill*         0x08008a2e        0x2 
 .text._ZN5L6470I8shield_2E22L6470_PrepareAppCmdPkgEP18sL6470_AppCmdPkg_t17eL6470_AppCmdId_tmmm
                0x08008a30       0x58 ./Core/Src/BlocMoteurs.o
                0x08008a30                L6470<shield_2>::L6470_PrepareAppCmdPkg(sL6470_AppCmdPkg_t*, eL6470_AppCmdId_t, unsigned long, unsigned long, unsigned long)
 .text._ZN5L6470I8shield_2E30L6470_PrepareDaisyChainCommandEP18sL6470_AppCmdPkg_tPh
                0x08008a88      0x444 ./Core/Src/BlocMoteurs.o
                0x08008a88                L6470<shield_2>::L6470_PrepareDaisyChainCommand(sL6470_AppCmdPkg_t*, unsigned char*)
 .text._ZN5L6470I8shield_2E11L6470_roundEf
                0x08008ecc       0x9a ./Core/Src/BlocMoteurs.o
                0x08008ecc                L6470<shield_2>::L6470_round(float)
 .text._ZN5L6470I8shield_2E4ReadEPht
                0x08008f66       0x54 ./Core/Src/BlocMoteurs.o
                0x08008f66                L6470<shield_2>::Read(unsigned char*, unsigned short)
 .text._ZN5L6470I8shield_2E5WriteEPht
                0x08008fba       0x54 ./Core/Src/BlocMoteurs.o
                0x08008fba                L6470<shield_2>::Write(unsigned char*, unsigned short)
 .text._ZN5L6470I8shield_2E9ReadWriteEPhS2_t
                0x0800900e       0x6a ./Core/Src/BlocMoteurs.o
                0x0800900e                L6470<shield_2>::ReadWrite(unsigned char*, unsigned char*, unsigned short)
 .text._ZN5L6470I8shield_2E23L6470_SPI_CommunicationEPhS2_tm
                0x08009078       0x2a ./Core/Src/BlocMoteurs.o
                0x08009078                L6470<shield_2>::L6470_SPI_Communication(unsigned char*, unsigned char*, unsigned short, unsigned long)
 .text._ZN5L6470I8shield_1E4initEPv
                0x080090a2       0x24 ./Core/Src/BlocMoteurs.o
                0x080090a2                L6470<shield_1>::init(void*)
 .text._ZN5L6470I8shield_1E10get_statusEv
                0x080090c6       0x20 ./Core/Src/BlocMoteurs.o
                0x080090c6                L6470<shield_1>::get_status()
 .text._ZN5L6470I8shield_1E13get_parameterEj
                0x080090e6       0x28 ./Core/Src/BlocMoteurs.o
                0x080090e6                L6470<shield_1>::get_parameter(unsigned int)
 .text._ZN5L6470I8shield_1E12get_positionEv
                0x0800910e       0x34 ./Core/Src/BlocMoteurs.o
                0x0800910e                L6470<shield_1>::get_position()
 .text._ZN5L6470I8shield_1E8get_markEv
                0x08009142       0x34 ./Core/Src/BlocMoteurs.o
                0x08009142                L6470<shield_1>::get_mark()
 .text._ZN5L6470I8shield_1E9get_speedEv
                0x08009176       0x4a ./Core/Src/BlocMoteurs.o
                0x08009176                L6470<shield_1>::get_speed()
 .text._ZN5L6470I8shield_1E13get_max_speedEv
                0x080091c0       0x4c ./Core/Src/BlocMoteurs.o
                0x080091c0                L6470<shield_1>::get_max_speed()
 .text._ZN5L6470I8shield_1E13get_min_speedEv
                0x0800920c       0x4c ./Core/Src/BlocMoteurs.o
                0x0800920c                L6470<shield_1>::get_min_speed()
 .text._ZN5L6470I8shield_1E16get_accelerationEv
                0x08009258       0x4c ./Core/Src/BlocMoteurs.o
                0x08009258                L6470<shield_1>::get_acceleration()
 .text._ZN5L6470I8shield_1E16get_decelerationEv
                0x080092a4       0x4c ./Core/Src/BlocMoteurs.o
                0x080092a4                L6470<shield_1>::get_deceleration()
 .text._ZN5L6470I8shield_1E13get_directionEv
                0x080092f0       0x2c ./Core/Src/BlocMoteurs.o
                0x080092f0                L6470<shield_1>::get_direction()
 .text._ZN5L6470I8shield_1E13set_parameterEjj
                0x0800931c       0x28 ./Core/Src/BlocMoteurs.o
                0x0800931c                L6470<shield_1>::set_parameter(unsigned int, unsigned int)
 .text._ZN5L6470I8shield_1E8set_homeEv
                0x08009344       0x1e ./Core/Src/BlocMoteurs.o
                0x08009344                L6470<shield_1>::set_home()
 .text._ZN5L6470I8shield_1E8set_markEv
                0x08009362       0x34 ./Core/Src/BlocMoteurs.o
                0x08009362                L6470<shield_1>::set_mark()
 .text._ZN5L6470I8shield_1E8set_markEi
                0x08009396       0x36 ./Core/Src/BlocMoteurs.o
                0x08009396                L6470<shield_1>::set_mark(int)
 .text._ZN5L6470I8shield_1E13set_max_speedEj
                0x080093cc       0x44 ./Core/Src/BlocMoteurs.o
                0x080093cc                L6470<shield_1>::set_max_speed(unsigned int)
 .text._ZN5L6470I8shield_1E13set_min_speedEj
                0x08009410       0x44 ./Core/Src/BlocMoteurs.o
                0x08009410                L6470<shield_1>::set_min_speed(unsigned int)
 .text._ZN5L6470I8shield_1E16set_accelerationEj
                0x08009454       0x44 ./Core/Src/BlocMoteurs.o
                0x08009454                L6470<shield_1>::set_acceleration(unsigned int)
 .text._ZN5L6470I8shield_1E16set_decelerationEj
                0x08009498       0x44 ./Core/Src/BlocMoteurs.o
                0x08009498                L6470<shield_1>::set_deceleration(unsigned int)
 .text._ZN5L6470I8shield_1E13set_step_modeEN12StepperMotor11step_mode_tE
                0x080094dc       0x3e ./Core/Src/BlocMoteurs.o
                0x080094dc                L6470<shield_1>::set_step_mode(StepperMotor::step_mode_t)
 .text._ZN5L6470I8shield_1E5go_toEi
                0x0800951a       0x34 ./Core/Src/BlocMoteurs.o
                0x0800951a                L6470<shield_1>::go_to(int)
 .text._ZN5L6470I8shield_1E5go_toEiN12StepperMotor11direction_tE
                0x0800954e       0x46 ./Core/Src/BlocMoteurs.o
                0x0800954e                L6470<shield_1>::go_to(int, StepperMotor::direction_t)
 .text._ZN5L6470I8shield_1E7go_homeEv
                0x08009594       0x1e ./Core/Src/BlocMoteurs.o
                0x08009594                L6470<shield_1>::go_home()
 .text._ZN5L6470I8shield_1E7go_markEv
                0x080095b2       0x1e ./Core/Src/BlocMoteurs.o
                0x080095b2                L6470<shield_1>::go_mark()
 .text._ZN5L6470I8shield_1E8go_untilE14eL6470_ActId_tN12StepperMotor11direction_tEj
                0x080095d0       0x56 ./Core/Src/BlocMoteurs.o
                0x080095d0                L6470<shield_1>::go_until(eL6470_ActId_t, StepperMotor::direction_t, unsigned int)
 .text._ZN5L6470I8shield_1E3runEN12StepperMotor11direction_tE
                0x08009626       0x44 ./Core/Src/BlocMoteurs.o
                0x08009626                L6470<shield_1>::run(StepperMotor::direction_t)
 .text._ZN5L6470I8shield_1E3runEN12StepperMotor11direction_tEj
                0x0800966a       0x52 ./Core/Src/BlocMoteurs.o
                0x0800966a                L6470<shield_1>::run(StepperMotor::direction_t, unsigned int)
 .text._ZN5L6470I8shield_1E4moveEN12StepperMotor11direction_tEj
                0x080096bc       0x32 ./Core/Src/BlocMoteurs.o
                0x080096bc                L6470<shield_1>::move(StepperMotor::direction_t, unsigned int)
 .text._ZN5L6470I8shield_1E9soft_stopEv
                0x080096ee       0x1e ./Core/Src/BlocMoteurs.o
                0x080096ee                L6470<shield_1>::soft_stop()
 .text._ZN5L6470I8shield_1E9hard_stopEv
                0x0800970c       0x1e ./Core/Src/BlocMoteurs.o
                0x0800970c                L6470<shield_1>::hard_stop()
 .text._ZN5L6470I8shield_1E8soft_hizEv
                0x0800972a       0x1e ./Core/Src/BlocMoteurs.o
                0x0800972a                L6470<shield_1>::soft_hiz()
 .text._ZN5L6470I8shield_1E8hard_hizEv
                0x08009748       0x1e ./Core/Src/BlocMoteurs.o
                0x08009748                L6470<shield_1>::hard_hiz()
 .text._ZN5L6470I8shield_1E17wait_while_activeEv
                0x08009766       0x34 ./Core/Src/BlocMoteurs.o
                0x08009766                L6470<shield_1>::wait_while_active()
 .text._ZN5L6470I8shield_1E10step_clockEN12StepperMotor11direction_tE
                0x0800979a       0x3c ./Core/Src/BlocMoteurs.o
                0x0800979a                L6470<shield_1>::step_clock(StepperMotor::direction_t)
 .text._ZN5L6470I8shield_1E10release_swE14eL6470_ActId_tN12StepperMotor11direction_tE
                0x080097d6       0x34 ./Core/Src/BlocMoteurs.o
                0x080097d6                L6470<shield_1>::release_sw(eL6470_ActId_t, StepperMotor::direction_t)
 .text._ZN5L6470I8shield_1E12reset_deviceEv
                0x0800980a       0x1e ./Core/Src/BlocMoteurs.o
                0x0800980a                L6470<shield_1>::reset_device()
 .text._ZN5L6470I8shield_1E18prepare_get_statusEv
                0x08009828       0x26 ./Core/Src/BlocMoteurs.o
                0x08009828                L6470<shield_1>::prepare_get_status()
 .text._ZN5L6470I8shield_1E21prepare_get_parameterEj
                0x0800984e       0x2e ./Core/Src/BlocMoteurs.o
                0x0800984e                L6470<shield_1>::prepare_get_parameter(unsigned int)
 .text._ZN5L6470I8shield_1E20prepare_get_positionEv
                0x0800987c       0x28 ./Core/Src/BlocMoteurs.o
                0x0800987c                L6470<shield_1>::prepare_get_position()
 .text._ZN5L6470I8shield_1E16prepare_get_markEv
                0x080098a4       0x28 ./Core/Src/BlocMoteurs.o
                0x080098a4                L6470<shield_1>::prepare_get_mark()
 .text._ZN5L6470I8shield_1E17prepare_get_speedEv
                0x080098cc       0x28 ./Core/Src/BlocMoteurs.o
                0x080098cc                L6470<shield_1>::prepare_get_speed()
 .text._ZN5L6470I8shield_1E21prepare_get_max_speedEv
                0x080098f4       0x28 ./Core/Src/BlocMoteurs.o
                0x080098f4                L6470<shield_1>::prepare_get_max_speed()
 .text._ZN5L6470I8shield_1E21prepare_get_min_speedEv
                0x0800991c       0x28 ./Core/Src/BlocMoteurs.o
                0x0800991c                L6470<shield_1>::prepare_get_min_speed()
 .text._ZN5L6470I8shield_1E24prepare_get_accelerationEv