../Core/Src/main.cpp:115:5:int main()	184	static
../Core/Src/main.cpp:210:6:void SystemClock_Config()	88	static
../Core/Src/main.cpp:261:13:void MX_SPI1_Init()	8	static
../Core/Src/main.cpp:297:13:void MX_SPI2_Init()	8	static
../Core/Src/main.cpp:333:13:void MX_TIM1_Init()	80	static
../Core/Src/main.cpp:400:13:void MX_TIM2_Init()	64	static
../Core/Src/main.cpp:455:13:void MX_TIM4_Init()	48	static
../Core/Src/main.cpp:502:13:void MX_TIM6_Init()	16	static
../Core/Src/main.cpp:540:13:void MX_TIM8_Init()	80	static
../Core/Src/main.cpp:603:13:void MX_USART2_UART_Init()	8	static
../Core/Src/main.cpp:634:13:void MX_USART3_UART_Init()	8	static
../Core/Src/main.cpp:665:13:void MX_GPIO_Init()	48	static
../Core/Src/main.cpp:734:6:void movePos(double, double, double)	112	static
C:\ST\STM32CubeIDE_1.17.0\STM32CubeIDE\plugins\com.st.stm32cube.ide.mcu.externaltools.gnu-tools-for-stm32.12.3.rel1.win32_1.1.0.202410251130\tools\bin/../lib/gcc/arm-none-eabi/12.3.1/../../../../arm-none-eabi/include/c++/12.3.1/cmath:475:5:constexpr typename __gnu_cxx::__enable_if<std::__is_integer<_Tp>::__value, double>::__type std::sqrt(_Tp) [with _Tp = int]	16	static
../Core/Src/main.cpp:769:6:void moveSpeed(double, double, double)	88	static
../Core/Src/main.cpp:784:6:void stop()	8	static
../Core/Src/main.cpp:791:6:void HAL_GPIO_EXTI_Callback(uint16_t)	16	static
../Core/Src/main.cpp:799:6:void HAL_UART_RxCpltCallback(UART_HandleTypeDef*)	16	static
../Core/Src/main.cpp:888:6:void HAL_TIM_PeriodElapsedCallback(TIM_HandleTypeDef*)	16	static
../Core/Src/main.cpp:900:6:void Error_Handler()	4	static,ignoring_inline_asm
