../Core/Src/main.cpp:99:5:int main()	64	static
../Core/Src/main.cpp:187:6:void SystemClock_Config()	88	static
../Core/Src/main.cpp:238:13:void MX_SPI1_Init()	8	static
../Core/Src/main.cpp:274:13:void MX_SPI2_Init()	8	static
../Core/Src/main.cpp:310:13:void MX_TIM1_Init()	80	static
../Core/Src/main.cpp:377:13:void MX_TIM2_Init()	64	static
../Core/Src/main.cpp:432:13:void MX_TIM4_Init()	48	static
../Core/Src/main.cpp:479:13:void MX_TIM6_Init()	16	static
../Core/Src/main.cpp:517:13:void MX_TIM8_Init()	80	static
../Core/Src/main.cpp:580:13:void MX_USART2_UART_Init()	8	static
../Core/Src/main.cpp:611:13:void MX_USART3_UART_Init()	8	static
../Core/Src/main.cpp:642:13:void MX_GPIO_Init()	48	static
C:\Program Files\ST\STM32CubeIDE_1.16.0\STM32CubeIDE\plugins\com.st.stm32cube.ide.mcu.externaltools.gnu-tools-for-stm32.12.3.rel1.win32_1.0.200.202406191623\tools\arm-none-eabi\include\c++\12.3.1\cmath:475:5:constexpr typename __gnu_cxx::__enable_if<std::__is_integer<_Tp>::__value, double>::__type std::sqrt(_Tp) [with _Tp = int]	16	static
../Core/Src/main.cpp:699:6:void moveSpeed(double, double, double)	88	static
../Core/Src/main.cpp:713:6:void stop()	8	static
../Core/Src/main.cpp:720:6:void HAL_GPIO_EXTI_Callback(uint16_t)	16	static
../Core/Src/main.cpp:728:6:void HAL_UART_RxCpltCallback(UART_HandleTypeDef*)	16	static
../Core/Src/main.cpp:779:6:void HAL_TIM_PeriodElapsedCallback(TIM_HandleTypeDef*)	16	static
../Core/Src/main.cpp:791:6:void Error_Handler()	4	static,ignoring_inline_asm
