../Core/Inc/Embase3Roues.hpp:55:21:Embase3Roues::Embase3Roues(SPI_HandleTypeDef*, GPIO_TypeDef*, uint16_t, GPIO_TypeDef*, uint16_t, GPIO_TypeDef*, uint16_t, GPIO_TypeDef*, uint16_t) [inherited from BlocMoteurs]	72	static
../Core/Src/main.cpp:118:5:int main()	40	static
../Core/Src/main.cpp:210:6:void SystemClock_Config()	88	static
../Core/Src/main.cpp:261:13:void MX_SPI1_Init()	8	static
../Core/Src/main.cpp:297:13:void MX_SPI2_Init()	8	static
../Core/Src/main.cpp:333:13:void MX_TIM1_Init()	80	static
../Core/Src/main.cpp:400:13:void MX_TIM2_Init()	64	static
../Core/Src/main.cpp:455:13:void MX_TIM4_Init()	48	static
../Core/Src/main.cpp:502:13:void MX_TIM6_Init()	16	static
../Core/Src/main.cpp:540:13:void MX_TIM8_Init()	80	static
../Core/Src/main.cpp:603:13:void MX_USART2_UART_Init()	8	static
../Core/Src/main.cpp:634:13:void MX_USART3_UART_Init()	8	static
../Core/Src/main.cpp:665:13:void MX_GPIO_Init()	48	static
../Core/Src/main.cpp:722:6:void setDefaultInstructions(Embase3Roues*)	16	static
../Core/Src/main.cpp:935:6:void HAL_GPIO_EXTI_Callback(uint16_t)	16	static
../Core/Src/main.cpp:943:6:void HAL_UART_TxCpltCallback(UART_HandleTypeDef*)	16	static
../Core/Src/main.cpp:948:6:void HAL_UART_RxCpltCallback(UART_HandleTypeDef*)	16	static
../Core/Src/main.cpp:994:6:void HAL_TIM_PeriodElapsedCallback(TIM_HandleTypeDef*)	16	static
../Core/Src/main.cpp:1024:6:void Error_Handler()	4	static,ignoring_inline_asm
