Archive member included to satisfy reference by file (symbol)

C:/Program Files/ST/STM32CubeIDE_1.16.0/STM32CubeIDE/plugins/com.st.stm32cube.ide.mcu.externaltools.gnu-tools-for-stm32.12.3.rel1.win32_1.0.200.202406191623/tools/bin/../lib/gcc/arm-none-eabi/12.3.1/../../../../arm-none-eabi/lib/thumb/v7e-m+fp/hard\libstdc++_nano.a(class_type_info.o)
                              ./Core/Src/abstractL6470.o (vtable for __cxxabiv1::__class_type_info)
C:/Program Files/ST/STM32CubeIDE_1.16.0/STM32CubeIDE/plugins/com.st.stm32cube.ide.mcu.externaltools.gnu-tools-for-stm32.12.3.rel1.win32_1.0.200.202406191623/tools/bin/../lib/gcc/arm-none-eabi/12.3.1/../../../../arm-none-eabi/lib/thumb/v7e-m+fp/hard\libstdc++_nano.a(del_ops.o)
                              ./Core/Src/BlocMoteurs.o (operator delete(void*, unsigned int))
C:/Program Files/ST/STM32CubeIDE_1.16.0/STM32CubeIDE/plugins/com.st.stm32cube.ide.mcu.externaltools.gnu-tools-for-stm32.12.3.rel1.win32_1.0.200.202406191623/tools/bin/../lib/gcc/arm-none-eabi/12.3.1/../../../../arm-none-eabi/lib/thumb/v7e-m+fp/hard\libstdc++_nano.a(del_opv.o)
                              ./Core/Src/BlocMoteurs.o (operator delete[](void*))
C:/Program Files/ST/STM32CubeIDE_1.16.0/STM32CubeIDE/plugins/com.st.stm32cube.ide.mcu.externaltools.gnu-tools-for-stm32.12.3.rel1.win32_1.0.200.202406191623/tools/bin/../lib/gcc/arm-none-eabi/12.3.1/../../../../arm-none-eabi/lib/thumb/v7e-m+fp/hard\libstdc++_nano.a(eh_arm.o)
                              ./Core/Src/BlocMoteurs.o (__cxa_end_cleanup)
C:/Program Files/ST/STM32CubeIDE_1.16.0/STM32CubeIDE/plugins/com.st.stm32cube.ide.mcu.externaltools.gnu-tools-for-stm32.12.3.rel1.win32_1.0.200.202406191623/tools/bin/../lib/gcc/arm-none-eabi/12.3.1/../../../../arm-none-eabi/lib/thumb/v7e-m+fp/hard\libstdc++_nano.a(eh_exception.o)
                              C:/Program Files/ST/STM32CubeIDE_1.16.0/STM32CubeIDE/plugins/com.st.stm32cube.ide.mcu.externaltools.gnu-tools-for-stm32.12.3.rel1.win32_1.0.200.202406191623/tools/bin/../lib/gcc/arm-none-eabi/12.3.1/../../../../arm-none-eabi/lib/thumb/v7e-m+fp/hard\libstdc++_nano.a(eh_arm.o) (typeinfo for __cxxabiv1::__forced_unwind)
C:/Program Files/ST/STM32CubeIDE_1.16.0/STM32CubeIDE/plugins/com.st.stm32cube.ide.mcu.externaltools.gnu-tools-for-stm32.12.3.rel1.win32_1.0.200.202406191623/tools/bin/../lib/gcc/arm-none-eabi/12.3.1/../../../../arm-none-eabi/lib/thumb/v7e-m+fp/hard\libstdc++_nano.a(eh_globals.o)
                              C:/Program Files/ST/STM32CubeIDE_1.16.0/STM32CubeIDE/plugins/com.st.stm32cube.ide.mcu.externaltools.gnu-tools-for-stm32.12.3.rel1.win32_1.0.200.202406191623/tools/bin/../lib/gcc/arm-none-eabi/12.3.1/../../../../arm-none-eabi/lib/thumb/v7e-m+fp/hard\libstdc++_nano.a(eh_arm.o) (__cxa_get_globals)
C:/Program Files/ST/STM32CubeIDE_1.16.0/STM32CubeIDE/plugins/com.st.stm32cube.ide.mcu.externaltools.gnu-tools-for-stm32.12.3.rel1.win32_1.0.200.202406191623/tools/bin/../lib/gcc/arm-none-eabi/12.3.1/../../../../arm-none-eabi/lib/thumb/v7e-m+fp/hard\libstdc++_nano.a(eh_personality.o)
                              ./Core/Src/BlocMoteurs.o (__gxx_personality_v0)
C:/Program Files/ST/STM32CubeIDE_1.16.0/STM32CubeIDE/plugins/com.st.stm32cube.ide.mcu.externaltools.gnu-tools-for-stm32.12.3.rel1.win32_1.0.200.202406191623/tools/bin/../lib/gcc/arm-none-eabi/12.3.1/../../../../arm-none-eabi/lib/thumb/v7e-m+fp/hard\libstdc++_nano.a(eh_terminate.o)
                              C:/Program Files/ST/STM32CubeIDE_1.16.0/STM32CubeIDE/plugins/com.st.stm32cube.ide.mcu.externaltools.gnu-tools-for-stm32.12.3.rel1.win32_1.0.200.202406191623/tools/bin/../lib/gcc/arm-none-eabi/12.3.1/../../../../arm-none-eabi/lib/thumb/v7e-m+fp/hard\libstdc++_nano.a(eh_arm.o) (std::terminate())
C:/Program Files/ST/STM32CubeIDE_1.16.0/STM32CubeIDE/plugins/com.st.stm32cube.ide.mcu.externaltools.gnu-tools-for-stm32.12.3.rel1.win32_1.0.200.202406191623/tools/bin/../lib/gcc/arm-none-eabi/12.3.1/../../../../arm-none-eabi/lib/thumb/v7e-m+fp/hard\libstdc++_nano.a(eh_unex_handler.o)
                              C:/Program Files/ST/STM32CubeIDE_1.16.0/STM32CubeIDE/plugins/com.st.stm32cube.ide.mcu.externaltools.gnu-tools-for-stm32.12.3.rel1.win32_1.0.200.202406191623/tools/bin/../lib/gcc/arm-none-eabi/12.3.1/../../../../arm-none-eabi/lib/thumb/v7e-m+fp/hard\libstdc++_nano.a(eh_terminate.o) (__cxxabiv1::__unexpected_handler)
C:/Program Files/ST/STM32CubeIDE_1.16.0/STM32CubeIDE/plugins/com.st.stm32cube.ide.mcu.externaltools.gnu-tools-for-stm32.12.3.rel1.win32_1.0.200.202406191623/tools/bin/../lib/gcc/arm-none-eabi/12.3.1/../../../../arm-none-eabi/lib/thumb/v7e-m+fp/hard\libstdc++_nano.a(new_op.o)
                              ./Core/Src/BlocMoteurs.o (operator new(unsigned int))
[...]
Memory Configuration

Name             Origin             Length             Attributes
RAM              0x20000000         0x00020000         xrw
FLASH            0x08000000         0x00080000         xr
*default*        0x00000000         0xffffffff

Linker script and memory map

LOAD C:/Program Files/ST/STM32CubeIDE_1.16.0/STM32CubeIDE/plugins/com.st.stm32cube.ide.mcu.externaltools.gnu-tools-for-stm32.12.3.rel1.win32_1.0.200.202406191623/tools/bin/../lib/gcc/arm-none-eabi/12.3.1/thumb/v7e-m+fp/hard/crti.o
LOAD C:/Program Files/ST/STM32CubeIDE_1.16.0/STM32CubeIDE/plugins/com.st.stm32cube.ide.mcu.externaltools.gnu-tools-for-stm32.12.3.rel1.win32_1.0.200.202406191623/tools/bin/../lib/gcc/arm-none-eabi/12.3.1/thumb/v7e-m+fp/hard/crtbegin.o
LOAD C:/Program Files/ST/STM32CubeIDE_1.16.0/STM32CubeIDE/plugins/com.st.stm32cube.ide.mcu.externaltools.gnu-tools-for-stm32.12.3.rel1.win32_1.0.200.202406191623/tools/bin/../lib/gcc/arm-none-eabi/12.3.1/../../../../arm-none-eabi/lib/thumb/v7e-m+fp/hard/crt0.o
LOAD ./Core/Src/BlocMoteurs.o
LOAD ./Core/Src/Embase3Roues.o
LOAD ./Core/Src/abstractL6470.o
LOAD ./Core/Src/commandParser.o
LOAD ./Core/Src/main.o
LOAD ./Core/Src/stm32f4xx_hal_msp.o
LOAD ./Core/Src/stm32f4xx_it.o
LOAD ./Core/Src/syscalls.o
LOAD ./Core/Src/sysmem.o
LOAD ./Core/Src/system_stm32f4xx.o
LOAD ./Core/Startup/startup_stm32f446retx.o
LOAD ./Drivers/STM32F4xx_HAL_Driver/Src/stm32f4xx_hal.o
LOAD ./Drivers/STM32F4xx_HAL_Driver/Src/stm32f4xx_hal_cortex.o
LOAD ./Drivers/STM32F4xx_HAL_Driver/Src/stm32f4xx_hal_dma.o
LOAD ./Drivers/STM32F4xx_HAL_Driver/Src/stm32f4xx_hal_dma_ex.o
LOAD ./Drivers/STM32F4xx_HAL_Driver/Src/stm32f4xx_hal_exti.o
LOAD ./Drivers/STM32F4xx_HAL_Driver/Src/stm32f4xx_hal_flash.o
LOAD ./Drivers/STM32F4xx_HAL_Driver/Src/stm32f4xx_hal_flash_ex.o
LOAD ./Drivers/STM32F4xx_HAL_Driver/Src/stm32f4xx_hal_flash_ramfunc.o
LOAD ./Drivers/STM32F4xx_HAL_Driver/Src/stm32f4xx_hal_gpio.o
LOAD ./Drivers/STM32F4xx_HAL_Driver/Src/stm32f4xx_hal_pwr.o
LOAD ./Drivers/STM32F4xx_HAL_Driver/Src/stm32f4xx_hal_pwr_ex.o
LOAD ./Drivers/STM32F4xx_HAL_Driver/Src/stm32f4xx_hal_rcc.o
LOAD ./Drivers/STM32F4xx_HAL_Driver/Src/stm32f4xx_hal_rcc_ex.o
LOAD ./Drivers/STM32F4xx_HAL_Driver/Src/stm32f4xx_hal_spi.o
LOAD ./Drivers/STM32F4xx_HAL_Driver/Src/stm32f4xx_hal_tim.o
LOAD ./Drivers/STM32F4xx_HAL_Driver/Src/stm32f4xx_hal_tim_ex.o
LOAD ./Drivers/STM32F4xx_HAL_Driver/Src/stm32f4xx_hal_uart.o
START GROUP
LOAD C:/Program Files/ST/STM32CubeIDE_1.16.0/STM32CubeIDE/plugins/com.st.stm32cube.ide.mcu.externaltools.gnu-tools-for-stm32.12.3.rel1.win32_1.0.200.202406191623/tools/bin/../lib/gcc/arm-none-eabi/12.3.1/../../../../arm-none-eabi/lib/thumb/v7e-m+fp/hard\libstdc++_nano.a
LOAD C:/Program Files/ST/STM32CubeIDE_1.16.0/STM32CubeIDE/plugins/com.st.stm32cube.ide.mcu.externaltools.gnu-tools-for-stm32.12.3.rel1.win32_1.0.200.202406191623/tools/bin/../lib/gcc/arm-none-eabi/12.3.1/../../../../arm-none-eabi/lib/thumb/v7e-m+fp/hard\libsupc++_nano.a
END GROUP
LOAD C:/Program Files/ST/STM32CubeIDE_1.16.0/STM32CubeIDE/plugins/com.st.stm32cube.ide.mcu.externaltools.gnu-tools-for-stm32.12.3.rel1.win32_1.0.200.202406191623/tools/bin/../lib/gcc/arm-none-eabi/12.3.1/../../../../arm-none-eabi/lib/thumb/v7e-m+fp/hard\libstdc++_nano.a
LOAD C:/Program Files/ST/STM32CubeIDE_1.16.0/STM32CubeIDE/plugins/com.st.stm32cube.ide.mcu.externaltools.gnu-tools-for-stm32.12.3.rel1.win32_1.0.200.202406191623/tools/bin/../lib/gcc/arm-none-eabi/12.3.1/../../../../arm-none-eabi/lib/thumb/v7e-m+fp/hard\libm.a
LOAD C:/Program Files/ST/STM32CubeIDE_1.16.0/STM32CubeIDE/plugins/com.st.stm32cube.ide.mcu.externaltools.gnu-tools-for-stm32.12.3.rel1.win32_1.0.200.202406191623/tools/bin/../lib/gcc/arm-none-eabi/12.3.1/../../../../arm-none-eabi/lib/thumb/v7e-m+fp/hard\libc_nano.a
START GROUP
LOAD C:/Program Files/ST/STM32CubeIDE_1.16.0/STM32CubeIDE/plugins/com.st.stm32cube.ide.mcu.externaltools.gnu-tools-for-stm32.12.3.rel1.win32_1.0.200.202406191623/tools/bin/../lib/gcc/arm-none-eabi/12.3.1/thumb/v7e-m+fp/hard\libgcc.a
LOAD C:/Program Files/ST/STM32CubeIDE_1.16.0/STM32CubeIDE/plugins/com.st.stm32cube.ide.mcu.externaltools.gnu-tools-for-stm32.12.3.rel1.win32_1.0.200.202406191623/tools/bin/../lib/gcc/arm-none-eabi/12.3.1/../../../../arm-none-eabi/lib/thumb/v7e-m+fp/hard\libc_nano.a
END GROUP
START GROUP
LOAD C:/Program Files/ST/STM32CubeIDE_1.16.0/STM32CubeIDE/plugins/com.st.stm32cube.ide.mcu.externaltools.gnu-tools-for-stm32.12.3.rel1.win32_1.0.200.202406191623/tools/bin/../lib/gcc/arm-none-eabi/12.3.1/thumb/v7e-m+fp/hard\libgcc.a
LOAD C:/Program Files/ST/STM32CubeIDE_1.16.0/STM32CubeIDE/plugins/com.st.stm32cube.ide.mcu.externaltools.gnu-tools-for-stm32.12.3.rel1.win32_1.0.200.202406191623/tools/bin/../lib/gcc/arm-none-eabi/12.3.1/../../../../arm-none-eabi/lib/thumb/v7e-m+fp/hard\libc_nano.a
END GROUP
LOAD C:/Program Files/ST/STM32CubeIDE_1.16.0/STM32CubeIDE/plugins/com.st.stm32cube.ide.mcu.externaltools.gnu-tools-for-stm32.12.3.rel1.win32_1.0.200.202406191623/tools/bin/../lib/gcc/arm-none-eabi/12.3.1/thumb/v7e-m+fp/hard/crtend.o
LOAD C:/Program Files/ST/STM32CubeIDE_1.16.0/STM32CubeIDE/plugins/com.st.stm32cube.ide.mcu.externaltools.gnu-tools-for-stm32.12.3.rel1.win32_1.0.200.202406191623/tools/bin/../lib/gcc/arm-none-eabi/12.3.1/thumb/v7e-m+fp/hard/crtn.o
                0x20020000                        _estack = (ORIGIN (RAM) + LENGTH (RAM))
                0x00000200                        _Min_Heap_Size = 0x200
                0x00000400                        _Min_Stack_Size = 0x400

.isr_vector     0x08000000      0x1c4
                0x08000000                        . = ALIGN (0x4)
 *(.isr_vector)
 .isr_vector    0x08000000      0x1c4 ./Core/Startup/startup_stm32f446retx.o
                0x08000000                g_pfnVectors
                0x080001c4                        . = ALIGN (0x4)

.text           0x080001d0    0x14a50
                0x080001d0                        . = ALIGN (0x4)
 *(.text)
 .text          0x080001d0       0x40 C:/Program Files/ST/STM32CubeIDE_1.16.0/STM32CubeIDE/plugins/com.st.stm32cube.ide.mcu.externaltools.gnu-tools-for-stm32.12.3.rel1.win32_1.0.200.202406191623/tools/bin/../lib/gcc/arm-none-eabi/12.3.1/thumb/v7e-m+fp/hard/crtbegin.o
 .text          0x08000210       0x14 C:/Program Files/ST/STM32CubeIDE_1.16.0/STM32CubeIDE/plugins/com.st.stm32cube.ide.mcu.externaltools.gnu-tools-for-stm32.12.3.rel1.win32_1.0.200.202406191623/tools/bin/../lib/gcc/arm-none-eabi/12.3.1/../../../../arm-none-eabi/lib/thumb/v7e-m+fp/hard\libc_nano.a(libc_a-strcmp.o)
                0x08000210                strcmp
 *fill*         0x08000224        0xc 
 .text          0x08000230       0xa0 C:/Program Files/ST/STM32CubeIDE_1.16.0/STM32CubeIDE/plugins/com.st.stm32cube.ide.mcu.externaltools.gnu-tools-for-stm32.12.3.rel1.win32_1.0.200.202406191623/tools/bin/../lib/gcc/arm-none-eabi/12.3.1/../../../../arm-none-eabi/lib/thumb/v7e-m+fp/hard\libc_nano.a(libc_a-memchr.o)
                0x08000230                memchr
 .text          0x080002d0       0x10 C:/Program Files/ST/STM32CubeIDE_1.16.0/STM32CubeIDE/plugins/com.st.stm32cube.ide.mcu.externaltools.gnu-tools-for-stm32.12.3.rel1.win32_1.0.200.202406191623/tools/bin/../lib/gcc/arm-none-eabi/12.3.1/../../../../arm-none-eabi/lib/thumb/v7e-m+fp/hard\libc_nano.a(libc_a-strlen.o)
                0x080002d0                strlen
 .text          0x080002e0      0x378 C:/Program Files/ST/STM32CubeIDE_1.16.0/STM32CubeIDE/plugins/com.st.stm32cube.ide.mcu.externaltools.gnu-tools-for-stm32.12.3.rel1.win32_1.0.200.202406191623/tools/bin/../lib/gcc/arm-none-eabi/12.3.1/thumb/v7e-m+fp/hard\libgcc.a(_arm_addsubdf3.o)
                0x080002e0                __aeabi_drsub
                0x080002e8                __aeabi_dsub
                0x080002e8                __subdf3
                0x080002ec                __aeabi_dadd
                0x080002ec                __adddf3
                0x08000564                __floatunsidf
                0x08000564                __aeabi_ui2d
                0x08000584                __floatsidf
                0x08000584                __aeabi_i2d
                0x080005a8                __aeabi_f2d
                0x080005a8                __extendsfdf2
                0x080005ec                __floatundidf
                0x080005ec                __aeabi_ul2d
                0x080005fc                __floatdidf
                0x080005fc                __aeabi_l2d
 .text          0x08000658      0x424 C:/Program Files/ST/STM32CubeIDE_1.16.0/STM32CubeIDE/plugins/com.st.stm32cube.ide.mcu.externaltools.gnu-tools-for-stm32.12.3.rel1.win32_1.0.200.202406191623/tools/bin/../lib/gcc/arm-none-eabi/12.3.1/thumb/v7e-m+fp/hard\libgcc.a(_arm_muldivdf3.o)
                0x08000658                __aeabi_dmul
                0x08000658                __muldf3
                0x080008ac                __divdf3
                0x080008ac                __aeabi_ddiv
 .text          0x08000a7c      0x110 C:/Program Files/ST/STM32CubeIDE_1.16.0/STM32CubeIDE/plugins/com.st.stm32cube.ide.mcu.externaltools.gnu-tools-for-stm32.12.3.rel1.win32_1.0.200.202406191623/tools/bin/../lib/gcc/arm-none-eabi/12.3.1/thumb/v7e-m+fp/hard\libgcc.a(_arm_cmpdf2.o)
                0x08000a7c                __gtdf2
                0x08000a7c                __gedf2
                0x08000a84                __ltdf2
                0x08000a84                __ledf2
                0x08000a8c                __nedf2
                0x08000a8c                __eqdf2
                0x08000a8c                __cmpdf2
                0x08000b08                __aeabi_cdrcmple
                0x08000b18                __aeabi_cdcmpeq
                0x08000b18                __aeabi_cdcmple
                0x08000b28                __aeabi_dcmpeq
                0x08000b3c                __aeabi_dcmplt
                0x08000b50                __aeabi_dcmple
                0x08000b64                __aeabi_dcmpge
                0x08000b78                __aeabi_dcmpgt
 .text          0x08000b8c       0x2c C:/Program Files/ST/STM32CubeIDE_1.16.0/STM32CubeIDE/plugins/com.st.stm32cube.ide.mcu.externaltools.gnu-tools-for-stm32.12.3.rel1.win32_1.0.200.202406191623/tools/bin/../lib/gcc/arm-none-eabi/12.3.1/thumb/v7e-m+fp/hard\libgcc.a(_arm_unorddf2.o)
                0x08000b8c                __unorddf2
                0x08000b8c                __aeabi_dcmpun
 .text          0x08000bb8       0x50 C:/Program Files/ST/STM32CubeIDE_1.16.0/STM32CubeIDE/plugins/com.st.stm32cube.ide.mcu.externaltools.gnu-tools-for-stm32.12.3.rel1.win32_1.0.200.202406191623/tools/bin/../lib/gcc/arm-none-eabi/12.3.1/thumb/v7e-m+fp/hard\libgcc.a(_arm_fixdfsi.o)
                0x08000bb8                __aeabi_d2iz
                0x08000bb8                __fixdfsi
 .text          0x08000c08       0xa0 C:/Program Files/ST/STM32CubeIDE_1.16.0/STM32CubeIDE/plugins/com.st.stm32cube.ide.mcu.externaltools.gnu-tools-for-stm32.12.3.rel1.win32_1.0.200.202406191623/tools/bin/../lib/gcc/arm-none-eabi/12.3.1/thumb/v7e-m+fp/hard\libgcc.a(_arm_truncdfsf2.o)
                0x08000c08                __truncdfsf2
                0x08000c08                __aeabi_d2f
 .text          0x08000ca8       0x30 C:/Program Files/ST/STM32CubeIDE_1.16.0/STM32CubeIDE/plugins/com.st.stm32cube.ide.mcu.externaltools.gnu-tools-for-stm32.12.3.rel1.win32_1.0.200.202406191623/tools/bin/../lib/gcc/arm-none-eabi/12.3.1/thumb/v7e-m+fp/hard\libgcc.a(_aeabi_uldivmod.o)
                0x08000ca8                __aeabi_uldivmod
 .text          0x08000cd8      0x2bc C:/Program Files/ST/STM32CubeIDE_1.16.0/STM32CubeIDE/plugins/com.st.stm32cube.ide.mcu.externaltools.gnu-tools-for-stm32.12.3.rel1.win32_1.0.200.202406191623/tools/bin/../lib/gcc/arm-none-eabi/12.3.1/thumb/v7e-m+fp/hard\libgcc.a(_udivmoddi4.o)
                0x08000cd8                __udivmoddi4
 .text          0x08000f94      0x9f4 C:/Program Files/ST/STM32CubeIDE_1.16.0/STM32CubeIDE/plugins/com.st.stm32cube.ide.mcu.externaltools.gnu-tools-for-stm32.12.3.rel1.win32_1.0.200.202406191623/tools/bin/../lib/gcc/arm-none-eabi/12.3.1/thumb/v7e-m+fp/hard\libgcc.a(unwind-arm.o)
                0x08001244                _Unwind_GetCFA
                0x08001248                __gnu_Unwind_RaiseException
                0x080012b0                __gnu_Unwind_ForcedUnwind
                0x080012c0                __gnu_Unwind_Resume
                0x08001304                __gnu_Unwind_Resume_or_Rethrow
                0x08001314                _Unwind_Complete
                0x08001318                _Unwind_DeleteException
                0x08001324                _Unwind_VRS_Get
                0x08001370                _Unwind_VRS_Set
                0x080013b8                __gnu_Unwind_Backtrace
                0x080016d4                __aeabi_unwind_cpp_pr0
                0x080016d8                __aeabi_unwind_cpp_pr1
                0x080016dc                __aeabi_unwind_cpp_pr2
                0x080016e0                _Unwind_VRS_Pop
 .text          0x08001988      0x1ac C:/Program Files/ST/STM32CubeIDE_1.16.0/STM32CubeIDE/plugins/com.st.stm32cube.ide.mcu.externaltools.gnu-tools-for-stm32.12.3.rel1.win32_1.0.200.202406191623/tools/bin/../lib/gcc/arm-none-eabi/12.3.1/thumb/v7e-m+fp/hard\libgcc.a(libunwind.o)
                0x08001988                __restore_core_regs
                0x08001988                restore_core_regs
                0x080019a0                __gnu_Unwind_Restore_VFP
                0x080019a8                __gnu_Unwind_Save_VFP
                0x080019b0                __gnu_Unwind_Restore_VFP_D
                0x080019b8                __gnu_Unwind_Save_VFP_D
                0x080019c0                __gnu_Unwind_Restore_VFP_D_16_to_31
                0x080019c8                __gnu_Unwind_Save_VFP_D_16_to_31
                0x080019d0                __gnu_Unwind_Restore_WMMXD
                0x08001a14                __gnu_Unwind_Save_WMMXD
                0x08001a58                __gnu_Unwind_Restore_WMMXC
                0x08001a6c                __gnu_Unwind_Save_WMMXC
                0x08001a80                ___Unwind_RaiseException
                0x08001a80                _Unwind_RaiseException
                0x08001aa4                _Unwind_Resume
                0x08001aa4                ___Unwind_Resume
                0x08001ac8                _Unwind_Resume_or_Rethrow
                0x08001ac8                ___Unwind_Resume_or_Rethrow
                0x08001aec                _Unwind_ForcedUnwind
                0x08001aec                ___Unwind_ForcedUnwind
                0x08001b10                ___Unwind_Backtrace
                0x08001b10                _Unwind_Backtrace
 .text          0x08001b34      0x378 C:/Program Files/ST/STM32CubeIDE_1.16.0/STM32CubeIDE/plugins/com.st.stm32cube.ide.mcu.externaltools.gnu-tools-for-stm32.12.3.rel1.win32_1.0.200.202406191623/tools/bin/../lib/gcc/arm-none-eabi/12.3.1/thumb/v7e-m+fp/hard\libgcc.a(pr-support.o)
                0x08001b8c                __gnu_unwind_execute
                0x08001e60                __gnu_unwind_frame
                0x08001e8c                _Unwind_GetRegionStart
                0x08001e98                _Unwind_GetLanguageSpecificData
 .text          0x08001eac        0x4 C:/Program Files/ST/STM32CubeIDE_1.16.0/STM32CubeIDE/plugins/com.st.stm32cube.ide.mcu.externaltools.gnu-tools-for-stm32.12.3.rel1.win32_1.0.200.202406191623/tools/bin/../lib/gcc/arm-none-eabi/12.3.1/thumb/v7e-m+fp/hard\libgcc.a(_dvmd_tls.o)
                0x08001eac                __aeabi_idiv0
                0x08001eac                __aeabi_ldiv0
 *(.text*)
 .text._ZN14XNucleoIHM02A1C2EP12L6470_init_tS1_P19__SPI_HandleTypeDefP12GPIO_TypeDeftS5_t
                0x08001eb0      0x188 ./Core/Src/BlocMoteurs.o
                0x08001eb0                XNucleoIHM02A1::XNucleoIHM02A1(L6470_init_t*, L6470_init_t*, __SPI_HandleTypeDef*, GPIO_TypeDef*, unsigned short, GPIO_TypeDef*, unsigned short)
                0x08001eb0                XNucleoIHM02A1::XNucleoIHM02A1(L6470_init_t*, L6470_init_t*, __SPI_HandleTypeDef*, GPIO_TypeDef*, unsigned short, GPIO_TypeDef*, unsigned short)
 .text._ZNK14XNucleoIHM02A14initEv
                0x08002038       0x44 ./Core/Src/BlocMoteurs.o
                0x08002038                XNucleoIHM02A1::init() const
 .text._ZNK14XNucleoIHM02A117get_motor_driversEv
                0x0800207c       0x18 ./Core/Src/BlocMoteurs.o
                0x0800207c                XNucleoIHM02A1::get_motor_drivers() const
 .text._ZN14XNucleoIHM02A124perform_prepared_actionsEv
                0x08002094      0x102 ./Core/Src/BlocMoteurs.o
                0x08002094                XNucleoIHM02A1::perform_prepared_actions()
 .text._ZNK14XNucleoIHM02A122init_all_motor_driversEv
                0x08002196       0x64 ./Core/Src/BlocMoteurs.o
                0x08002196                XNucleoIHM02A1::init_all_motor_drivers() const
 *fill*         0x080021fa        0x2 
 .text._ZN11BlocMoteursC2EP19__SPI_HandleTypeDefP12GPIO_TypeDeftS3_tS3_tS3_t
                0x080021fc      0x128 ./Core/Src/BlocMoteurs.o
                0x080021fc                BlocMoteurs::BlocMoteurs(__SPI_HandleTypeDef*, GPIO_TypeDef*, unsigned short, GPIO_TypeDef*, unsigned short, GPIO_TypeDef*, unsigned short, GPIO_TypeDef*, unsigned short)
                0x080021fc                BlocMoteurs::BlocMoteurs(__SPI_HandleTypeDef*, GPIO_TypeDef*, unsigned short, GPIO_TypeDef*, unsigned short, GPIO_TypeDef*, unsigned short, GPIO_TypeDef*, unsigned short)
 .text._ZN11BlocMoteurs11rad_to_stepEf
                0x08002324       0x30 ./Core/Src/BlocMoteurs.o
                0x08002324                BlocMoteurs::rad_to_step(float)
 .text._ZN11BlocMoteurs29commande_vitesses_normaliseesEffff
                0x08002354      0x238 ./Core/Src/BlocMoteurs.o
                0x08002354                BlocMoteurs::commande_vitesses_normalisees(float, float, float, float)
 .text._ZN11BlocMoteurs18set_vitesse_moteurEjN12StepperMotor11direction_tE11_id_moteurs
                0x0800258c       0x76 ./Core/Src/BlocMoteurs.o
                0x0800258c                BlocMoteurs::set_vitesse_moteur(unsigned int, StepperMotor::direction_t, _id_moteurs)
 .text._ZN11BlocMoteurs26commande_vitesses_absoluesEffff
                0x08002602       0xb6 ./Core/Src/BlocMoteurs.o
                0x08002602                BlocMoteurs::commande_vitesses_absolues(float, float, float, float)
 .text._ZN11BlocMoteurs22set_microstepping_modeEN12StepperMotor11step_mode_tE
                0x080026b8       0x80 ./Core/Src/BlocMoteurs.o
                0x080026b8                BlocMoteurs::set_microstepping_mode(StepperMotor::step_mode_t)
 .text._ZN11BlocMoteurs9motors_onEv
                0x08002738       0x1a ./Core/Src/BlocMoteurs.o
                0x08002738                BlocMoteurs::motors_on()
 .text._ZN11BlocMoteurs16motors_stop_hardEv
                0x08002752       0x60 ./Core/Src/BlocMoteurs.o
                0x08002752                BlocMoteurs::motors_stop_hard()
 .text._ZN11BlocMoteurs21set_max_speed_moteursEf
                0x080027b2       0xba ./Core/Src/BlocMoteurs.o
                0x080027b2                BlocMoteurs::set_max_speed_moteurs(float)
 .text._ZN5L6470I8shield_1EC2EP12GPIO_TypeDeftS3_tP19__SPI_HandleTypeDef
                0x0800286c       0xe4 ./Core/Src/BlocMoteurs.o
                0x0800286c                L6470<shield_1>::L6470(GPIO_TypeDef*, unsigned short, GPIO_TypeDef*, unsigned short, __SPI_HandleTypeDef*)
                0x0800286c                L6470<shield_1>::L6470(GPIO_TypeDef*, unsigned short, GPIO_TypeDef*, unsigned short, __SPI_HandleTypeDef*)
 .text._ZN5L6470I8shield_2EC2EP12GPIO_TypeDeftS3_tP19__SPI_HandleTypeDef
                0x08002950       0xe4 ./Core/Src/BlocMoteurs.o
                0x08002950                L6470<shield_2>::L6470(GPIO_TypeDef*, unsigned short, GPIO_TypeDef*, unsigned short, __SPI_HandleTypeDef*)
                0x08002950                L6470<shield_2>::L6470(GPIO_TypeDef*, unsigned short, GPIO_TypeDef*, unsigned short, __SPI_HandleTypeDef*)
 .text._ZN5L6470I8shield_3EC2EP12GPIO_TypeDeftS3_tP19__SPI_HandleTypeDef
                0x08002a34       0xe4 ./Core/Src/BlocMoteurs.o
                0x08002a34                L6470<shield_3>::L6470(GPIO_TypeDef*, unsigned short, GPIO_TypeDef*, unsigned short, __SPI_HandleTypeDef*)
                0x08002a34                L6470<shield_3>::L6470(GPIO_TypeDef*, unsigned short, GPIO_TypeDef*, unsigned short, __SPI_HandleTypeDef*)
 .text._ZSt3minIfERKT_S2_S2_
                0x08002b18       0x32 ./Core/Src/BlocMoteurs.o
                0x08002b18                float const& std::min<float>(float const&, float const&)
 .text._ZSt3maxIfERKT_S2_S2_
                0x08002b4a       0x32 ./Core/Src/BlocMoteurs.o
                0x08002b4a                float const& std::max<float>(float const&, float const&)
 .text._ZN5L6470I8shield_3ED2Ev
                0x08002b7c       0x24 ./Core/Src/BlocMoteurs.o
                0x08002b7c                L6470<shield_3>::~L6470()
                0x08002b7c                L6470<shield_3>::~L6470()
 .text._ZN5L6470I8shield_3ED0Ev
                0x08002ba0       0x20 ./Core/Src/BlocMoteurs.o
                0x08002ba0                L6470<shield_3>::~L6470()
 .text._ZN5L6470I8shield_2ED2Ev
                0x08002bc0       0x24 ./Core/Src/BlocMoteurs.o
                0x08002bc0                L6470<shield_2>::~L6470()
                0x08002bc0                L6470<shield_2>::~L6470()
 .text._ZN5L6470I8shield_2ED0Ev
                0x08002be4       0x20 ./Core/Src/BlocMoteurs.o
                0x08002be4                L6470<shield_2>::~L6470()
 .text._ZN5L6470I8shield_1ED2Ev
                0x08002c04       0x24 ./Core/Src/BlocMoteurs.o
                0x08002c04                L6470<shield_1>::~L6470()
                0x08002c04                L6470<shield_1>::~L6470()
 .text._ZN5L6470I8shield_1ED0Ev
                0x08002c28       0x20 ./Core/Src/BlocMoteurs.o
                0x08002c28                L6470<shield_1>::~L6470()
 .text._ZN5L6470I8shield_3E4initEPv
                0x08002c48       0x24 ./Core/Src/BlocMoteurs.o
                0x08002c48                L6470<shield_3>::init(void*)
 .text._ZN5L6470I8shield_3E10get_statusEv
                0x08002c6c       0x20 ./Core/Src/BlocMoteurs.o
                0x08002c6c                L6470<shield_3>::get_status()
 .text._ZN5L6470I8shield_3E13get_parameterEj
                0x08002c8c       0x28 ./Core/Src/BlocMoteurs.o
                0x08002c8c                L6470<shield_3>::get_parameter(unsigned int)
 .text._ZN5L6470I8shield_3E12get_positionEv
                0x08002cb4       0x34 ./Core/Src/BlocMoteurs.o
                0x08002cb4                L6470<shield_3>::get_position()
 .text._ZN5L6470I8shield_3E8get_markEv
                0x08002ce8       0x34 ./Core/Src/BlocMoteurs.o
                0x08002ce8                L6470<shield_3>::get_mark()
 .text._ZN5L6470I8shield_3E9get_speedEv
                0x08002d1c       0x4a ./Core/Src/BlocMoteurs.o
                0x08002d1c                L6470<shield_3>::get_speed()
 .text._ZN5L6470I8shield_3E13get_max_speedEv
                0x08002d66       0x4c ./Core/Src/BlocMoteurs.o
                0x08002d66                L6470<shield_3>::get_max_speed()
 .text._ZN5L6470I8shield_3E13get_min_speedEv
                0x08002db2       0x4c ./Core/Src/BlocMoteurs.o
                0x08002db2                L6470<shield_3>::get_min_speed()
 .text._ZN5L6470I8shield_3E16get_accelerationEv
                0x08002dfe       0x4c ./Core/Src/BlocMoteurs.o
                0x08002dfe                L6470<shield_3>::get_acceleration()
 .text._ZN5L6470I8shield_3E16get_decelerationEv
                0x08002e4a       0x4c ./Core/Src/BlocMoteurs.o
                0x08002e4a                L6470<shield_3>::get_deceleration()
 .text._ZN5L6470I8shield_3E13get_directionEv
                0x08002e96       0x2c ./Core/Src/BlocMoteurs.o
                0x08002e96                L6470<shield_3>::get_direction()
 .text._ZN5L6470I8shield_3E13set_parameterEjj
                0x08002ec2       0x28 ./Core/Src/BlocMoteurs.o
                0x08002ec2                L6470<shield_3>::set_parameter(unsigned int, unsigned int)
 .text._ZN5L6470I8shield_3E8set_homeEv
                0x08002eea       0x1e ./Core/Src/BlocMoteurs.o
                0x08002eea                L6470<shield_3>::set_home()
 .text._ZN5L6470I8shield_3E8set_markEv
                0x08002f08       0x34 ./Core/Src/BlocMoteurs.o
                0x08002f08                L6470<shield_3>::set_mark()
 .text._ZN5L6470I8shield_3E8set_markEi
                0x08002f3c       0x36 ./Core/Src/BlocMoteurs.o
                0x08002f3c                L6470<shield_3>::set_mark(int)
 .text._ZN5L6470I8shield_3E13set_max_speedEj
                0x08002f72       0x44 ./Core/Src/BlocMoteurs.o
                0x08002f72                L6470<shield_3>::set_max_speed(unsigned int)
 .text._ZN5L6470I8shield_3E13set_min_speedEj
                0x08002fb6       0x44 ./Core/Src/BlocMoteurs.o
                0x08002fb6                L6470<shield_3>::set_min_speed(unsigned int)
 .text._ZN5L6470I8shield_3E16set_accelerationEj
                0x08002ffa       0x44 ./Core/Src/BlocMoteurs.o
                0x08002ffa                L6470<shield_3>::set_acceleration(unsigned int)
 .text._ZN5L6470I8shield_3E16set_decelerationEj
                0x0800303e       0x44 ./Core/Src/BlocMoteurs.o
                0x0800303e                L6470<shield_3>::set_deceleration(unsigned int)
 .text._ZN5L6470I8shield_3E13set_step_modeEN12StepperMotor11step_mode_tE
                0x08003082       0x3e ./Core/Src/BlocMoteurs.o
                0x08003082                L6470<shield_3>::set_step_mode(StepperMotor::step_mode_t)
 .text._ZN5L6470I8shield_3E5go_toEi
                0x080030c0       0x34 ./Core/Src/BlocMoteurs.o
                0x080030c0                L6470<shield_3>::go_to(int)
 .text._ZN5L6470I8shield_3E5go_toEiN12StepperMotor11direction_tE
                0x080030f4       0x46 ./Core/Src/BlocMoteurs.o
                0x080030f4                L6470<shield_3>::go_to(int, StepperMotor::direction_t)
 .text._ZN5L6470I8shield_3E7go_homeEv
                0x0800313a       0x1e ./Core/Src/BlocMoteurs.o
                0x0800313a                L6470<shield_3>::go_home()
 .text._ZN5L6470I8shield_3E7go_markEv
                0x08003158       0x1e ./Core/Src/BlocMoteurs.o
                0x08003158                L6470<shield_3>::go_mark()
 .text._ZN5L6470I8shield_3E8go_untilE14eL6470_ActId_tN12StepperMotor11direction_tEj
                0x08003176       0x56 ./Core/Src/BlocMoteurs.o
                0x08003176                L6470<shield_3>::go_until(eL6470_ActId_t, StepperMotor::direction_t, unsigned int)
 .text._ZN5L6470I8shield_3E3runEN12StepperMotor11direction_tE
                0x080031cc       0x44 ./Core/Src/BlocMoteurs.o
                0x080031cc                L6470<shield_3>::run(StepperMotor::direction_t)
 .text._ZN5L6470I8shield_3E3runEN12StepperMotor11direction_tEj
                0x08003210       0x52 ./Core/Src/BlocMoteurs.o
                0x08003210                L6470<shield_3>::run(StepperMotor::direction_t, unsigned int)
 .text._ZN5L6470I8shield_3E4moveEN12StepperMotor11direction_tEj
                0x08003262       0x32 ./Core/Src/BlocMoteurs.o
                0x08003262                L6470<shield_3>::move(StepperMotor::direction_t, unsigned int)
 .text._ZN5L6470I8shield_3E9soft_stopEv
                0x08003294       0x1e ./Core/Src/BlocMoteurs.o
                0x08003294                L6470<shield_3>::soft_stop()
 .text._ZN5L6470I8shield_3E9hard_stopEv
                0x080032b2       0x1e ./Core/Src/BlocMoteurs.o
                0x080032b2                L6470<shield_3>::hard_stop()
 .text._ZN5L6470I8shield_3E8soft_hizEv
                0x080032d0       0x1e ./Core/Src/BlocMoteurs.o
                0x080032d0                L6470<shield_3>::soft_hiz()
 .text._ZN5L6470I8shield_3E8hard_hizEv
                0x080032ee       0x1e ./Core/Src/BlocMoteurs.o
                0x080032ee                L6470<shield_3>::hard_hiz()
 .text._ZN5L6470I8shield_3E17wait_while_activeEv
                0x0800330c       0x34 ./Core/Src/BlocMoteurs.o
                0x0800330c                L6470<shield_3>::wait_while_active()
 .text._ZN5L6470I8shield_3E10step_clockEN12StepperMotor11direction_tE
                0x08003340       0x3c ./Core/Src/BlocMoteurs.o
                0x08003340                L6470<shield_3>::step_clock(StepperMotor::direction_t)
 .text._ZN5L6470I8shield_3E10release_swE14eL6470_ActId_tN12StepperMotor11direction_tE
                0x0800337c       0x34 ./Core/Src/BlocMoteurs.o
                0x0800337c                L6470<shield_3>::release_sw(eL6470_ActId_t, StepperMotor::direction_t)
 .text._ZN5L6470I8shield_3E12reset_deviceEv
                0x080033b0       0x1e ./Core/Src/BlocMoteurs.o
                0x080033b0                L6470<shield_3>::reset_device()
 .text._ZN5L6470I8shield_3E18prepare_get_statusEv
                0x080033ce       0x26 ./Core/Src/BlocMoteurs.o
                0x080033ce                L6470<shield_3>::prepare_get_status()
 .text._ZN5L6470I8shield_3E21prepare_get_parameterEj
                0x080033f4       0x2e ./Core/Src/BlocMoteurs.o
                0x080033f4                L6470<shield_3>::prepare_get_parameter(unsigned int)
 .text._ZN5L6470I8shield_3E20prepare_get_positionEv
                0x08003422       0x28 ./Core/Src/BlocMoteurs.o
                0x08003422                L6470<shield_3>::prepare_get_position()
 .text._ZN5L6470I8shield_3E16prepare_get_markEv
                0x0800344a       0x28 ./Core/Src/BlocMoteurs.o
                0x0800344a                L6470<shield_3>::prepare_get_mark()
 .text._ZN5L6470I8shield_3E17prepare_get_speedEv
                0x08003472       0x28 ./Core/Src/BlocMoteurs.o
                0x08003472                L6470<shield_3>::prepare_get_speed()
 .text._ZN5L6470I8shield_3E21prepare_get_max_speedEv
                0x0800349a       0x28 ./Core/Src/BlocMoteurs.o
                0x0800349a                L6470<shield_3>::prepare_get_max_speed()
 .text._ZN5L6470I8shield_3E21prepare_get_min_speedEv
                0x080034c2       0x28 ./Core/Src/BlocMoteurs.o
                0x080034c2                L6470<shield_3>::prepare_get_min_speed()
 .text._ZN5L6470I8shield_3E24prepare_get_accelerationEv
                0x080034ea       0x28 ./Core/Src/BlocMoteurs.o
                0x080034ea                L6470<shield_3>::prepare_get_acceleration()
 .text._ZN5L6470I8shield_3E24prepare_get_decelerationEv
                0x08003512       0x28 ./Core/Src/BlocMoteurs.o
                0x08003512                L6470<shield_3>::prepare_get_deceleration()
 *fill*         0x0800353a        0x2 
 .text._ZN5L6470I8shield_3E21prepare_get_directionEv
                0x0800353c       0x40 ./Core/Src/BlocMoteurs.o
                0x0800353c                L6470<shield_3>::prepare_get_direction()
 .text._ZN5L6470I8shield_3E21prepare_set_parameterEjj
                0x0800357c       0x30 ./Core/Src/BlocMoteurs.o
                0x0800357c                L6470<shield_3>::prepare_set_parameter(unsigned int, unsigned int)
 .text._ZN5L6470I8shield_3E16prepare_set_homeEv
                0x080035ac       0x26 ./Core/Src/BlocMoteurs.o
                0x080035ac                L6470<shield_3>::prepare_set_home()
 .text._ZN5L6470I8shield_3E16prepare_set_markEv
                0x080035d2       0x2a ./Core/Src/BlocMoteurs.o
                0x080035d2                L6470<shield_3>::prepare_set_mark()
 .text._ZN5L6470I8shield_3E16prepare_set_markEi
                0x080035fc       0x3e ./Core/Src/BlocMoteurs.o
                0x080035fc                L6470<shield_3>::prepare_set_mark(int)
 .text._ZN5L6470I8shield_3E17prepare_set_speedEj
                0x0800363a       0x4a ./Core/Src/BlocMoteurs.o
                0x0800363a                L6470<shield_3>::prepare_set_speed(unsigned int)
 .text._ZN5L6470I8shield_3E21prepare_set_max_speedEj
                0x08003684       0x4a ./Core/Src/BlocMoteurs.o
                0x08003684                L6470<shield_3>::prepare_set_max_speed(unsigned int)
 .text._ZN5L6470I8shield_3E21prepare_set_min_speedEj
                0x080036ce       0x4a ./Core/Src/BlocMoteurs.o
                0x080036ce                L6470<shield_3>::prepare_set_min_speed(unsigned int)
 .text._ZN5L6470I8shield_3E24prepare_set_accelerationEj
                0x08003718       0x4a ./Core/Src/BlocMoteurs.o
                0x08003718                L6470<shield_3>::prepare_set_acceleration(unsigned int)
 .text._ZN5L6470I8shield_3E24prepare_set_decelerationEj
                0x08003762       0x4a ./Core/Src/BlocMoteurs.o
                0x08003762                L6470<shield_3>::prepare_set_deceleration(unsigned int)
 .text._ZN5L6470I8shield_3E13prepare_go_toEi
                0x080037ac       0x3c ./Core/Src/BlocMoteurs.o
                0x080037ac                L6470<shield_3>::prepare_go_to(int)
 .text._ZN5L6470I8shield_3E13prepare_go_toEiN12StepperMotor11direction_tE
                0x080037e8       0x4e ./Core/Src/BlocMoteurs.o
                0x080037e8                L6470<shield_3>::prepare_go_to(int, StepperMotor::direction_t)
 .text._ZN5L6470I8shield_3E15prepare_go_homeEv
                0x08003836       0x26 ./Core/Src/BlocMoteurs.o
                0x08003836                L6470<shield_3>::prepare_go_home()
 .text._ZN5L6470I8shield_3E15prepare_go_markEv
                0x0800385c       0x26 ./Core/Src/BlocMoteurs.o
                0x0800385c                L6470<shield_3>::prepare_go_mark()
 .text._ZN5L6470I8shield_3E16prepare_go_untilE14eL6470_ActId_tN12StepperMotor11direction_tEj
                0x08003882       0x5e ./Core/Src/BlocMoteurs.o
                0x08003882                L6470<shield_3>::prepare_go_until(eL6470_ActId_t, StepperMotor::direction_t, unsigned int)
 .text._ZN5L6470I8shield_3E11prepare_runEN12StepperMotor11direction_tE
                0x080038e0       0x4c ./Core/Src/BlocMoteurs.o
                0x080038e0                L6470<shield_3>::prepare_run(StepperMotor::direction_t)
 .text._ZN5L6470I8shield_3E11prepare_runEN12StepperMotor11direction_tEj
                0x0800392c       0x5a ./Core/Src/BlocMoteurs.o
                0x0800392c                L6470<shield_3>::prepare_run(StepperMotor::direction_t, unsigned int)
 .text._ZN5L6470I8shield_3E12prepare_moveEN12StepperMotor11direction_tEj
                0x08003986       0x3a ./Core/Src/BlocMoteurs.o
                0x08003986                L6470<shield_3>::prepare_move(StepperMotor::direction_t, unsigned int)
 .text._ZN5L6470I8shield_3E17prepare_soft_stopEv
                0x080039c0       0x26 ./Core/Src/BlocMoteurs.o
                0x080039c0                L6470<shield_3>::prepare_soft_stop()
 .text._ZN5L6470I8shield_3E17prepare_hard_stopEv
                0x080039e6       0x26 ./Core/Src/BlocMoteurs.o
                0x080039e6                L6470<shield_3>::prepare_hard_stop()
 .text._ZN5L6470I8shield_3E16prepare_soft_hizEv
                0x08003a0c       0x26 ./Core/Src/BlocMoteurs.o
                0x08003a0c                L6470<shield_3>::prepare_soft_hiz()
 .text._ZN5L6470I8shield_3E16prepare_hard_hizEv
                0x08003a32       0x26 ./Core/Src/BlocMoteurs.o
                0x08003a32                L6470<shield_3>::prepare_hard_hiz()
 .text._ZN5L6470I8shield_3E18prepare_step_clockEN12StepperMotor11direction_tE
                0x08003a58       0x38 ./Core/Src/BlocMoteurs.o
                0x08003a58                L6470<shield_3>::prepare_step_clock(StepperMotor::direction_t)
 .text._ZN5L6470I8shield_3E18prepare_release_swE14eL6470_ActId_tN12StepperMotor11direction_tE
                0x08003a90       0x3c ./Core/Src/BlocMoteurs.o
                0x08003a90                L6470<shield_3>::prepare_release_sw(eL6470_ActId_t, StepperMotor::direction_t)
 .text._ZN5L6470I8shield_3E20prepare_reset_deviceEv
                0x08003acc       0x26 ./Core/Src/BlocMoteurs.o
                0x08003acc                L6470<shield_3>::prepare_reset_device()
 .text._ZN5L6470I8shield_3E24perform_prepared_actionsEv
                0x08003af2       0x20 ./Core/Src/BlocMoteurs.o
                0x08003af2                L6470<shield_3>::perform_prepared_actions()
 .text._ZN5L6470I8shield_3E19get_prepared_actionEv
                0x08003b12       0x1a ./Core/Src/BlocMoteurs.o
                0x08003b12                L6470<shield_3>::get_prepared_action()
 .text._ZN5L6470I8shield_3E10get_resultEPh
                0x08003b2c      0x220 ./Core/Src/BlocMoteurs.o
                0x08003b2c                L6470<shield_3>::get_result(unsigned char*)
 .text._ZN5L6470I8shield_3E13L6470_DISABLEEv
                0x08003d4c       0x20 ./Core/Src/BlocMoteurs.o
                0x08003d4c                L6470<shield_3>::L6470_DISABLE()
 .text._ZN5L6470I8shield_3E23L6470_AbsPos_2_PositionEm
                0x08003d6c       0x28 ./Core/Src/BlocMoteurs.o
                0x08003d6c                L6470<shield_3>::L6470_AbsPos_2_Position(unsigned long)
 .text._ZN5L6470I8shield_3E23L6470_Position_2_AbsPosEl
                0x08003d94       0x42 ./Core/Src/BlocMoteurs.o
                0x08003d94                L6470<shield_3>::L6470_Position_2_AbsPos(long)
 *fill*         0x08003dd6        0x2 
 .text._ZN5L6470I8shield_3E20L6470_Speed_2_Step_sEm
                0x08003dd8       0x30 ./Core/Src/BlocMoteurs.o
                0x08003dd8                L6470<shield_3>::L6470_Speed_2_Step_s(unsigned long)
 .text._ZN5L6470I8shield_3E20L6470_Step_s_2_SpeedEf
                0x08003e08       0x4c ./Core/Src/BlocMoteurs.o
                0x08003e08                L6470<shield_3>::L6470_Step_s_2_Speed(float)
 .text._ZN5L6470I8shield_3E19L6470_Acc_2_Step_s2Et
                0x08003e54       0x44 ./Core/Src/BlocMoteurs.o
                0x08003e54                L6470<shield_3>::L6470_Acc_2_Step_s2(unsigned short)
 .text._ZN5L6470I8shield_3E19L6470_Step_s2_2_AccEf
                0x08003e98       0x4c ./Core/Src/BlocMoteurs.o
                0x08003e98                L6470<shield_3>::L6470_Step_s2_2_Acc(float)
 .text._ZN5L6470I8shield_3E19L6470_Dec_2_Step_s2Et
                0x08003ee4       0x44 ./Core/Src/BlocMoteurs.o
                0x08003ee4                L6470<shield_3>::L6470_Dec_2_Step_s2(unsigned short)
 .text._ZN5L6470I8shield_3E19L6470_Step_s2_2_DecEf
                0x08003f28       0x4c ./Core/Src/BlocMoteurs.o
                0x08003f28                L6470<shield_3>::L6470_Step_s2_2_Dec(float)
 .text._ZN5L6470I8shield_3E23L6470_MaxSpeed_2_Step_sEt
                0x08003f74       0x44 ./Core/Src/BlocMoteurs.o
                0x08003f74                L6470<shield_3>::L6470_MaxSpeed_2_Step_s(unsigned short)
 .text._ZN5L6470I8shield_3E23L6470_Step_s_2_MaxSpeedEf
                0x08003fb8       0x4c ./Core/Src/BlocMoteurs.o
                0x08003fb8                L6470<shield_3>::L6470_Step_s_2_MaxSpeed(float)
 .text._ZN5L6470I8shield_3E23L6470_MinSpeed_2_Step_sEt
                0x08004004       0x44 ./Core/Src/BlocMoteurs.o
                0x08004004                L6470<shield_3>::L6470_MinSpeed_2_Step_s(unsigned short)
 .text._ZN5L6470I8shield_3E23L6470_Step_s_2_MinSpeedEf
                0x08004048       0x4c ./Core/Src/BlocMoteurs.o
                0x08004048                L6470<shield_3>::L6470_Step_s_2_MinSpeed(float)
 .text._ZN5L6470I8shield_3E20L6470_FsSpd_2_Step_sEt
                0x08004094       0x64 ./Core/Src/BlocMoteurs.o
                0x08004094                L6470<shield_3>::L6470_FsSpd_2_Step_s(unsigned short)
 .text._ZN5L6470I8shield_3E20L6470_Step_s_2_FsSpdEf
                0x080040f8       0x54 ./Core/Src/BlocMoteurs.o
                0x080040f8                L6470<shield_3>::L6470_Step_s_2_FsSpd(float)
 .text._ZN5L6470I8shield_3E23L6470_IntSpeed_2_Step_sEt
                0x0800414c       0x44 ./Core/Src/BlocMoteurs.o
                0x0800414c                L6470<shield_3>::L6470_IntSpeed_2_Step_s(unsigned short)
 .text._ZN5L6470I8shield_3E23L6470_Step_s_2_IntSpeedEf
                0x08004190       0x4c ./Core/Src/BlocMoteurs.o
                0x08004190                L6470<shield_3>::L6470_Step_s_2_IntSpeed(float)
 .text._ZN5L6470I8shield_3E20L6470_StSlp_2_s_StepEh
                0x080041dc       0x30 ./Core/Src/BlocMoteurs.o
                0x080041dc                L6470<shield_3>::L6470_StSlp_2_s_Step(unsigned char)
 .text._ZN5L6470I8shield_3E20L6470_s_Step_2_StSlpEf
                0x0800420c       0x50 ./Core/Src/BlocMoteurs.o
                0x0800420c                L6470<shield_3>::L6470_s_Step_2_StSlp(float)
 .text._ZN5L6470I8shield_3E23L6470_FnSlpAcc_2_s_StepEh
                0x0800425c       0x30 ./Core/Src/BlocMoteurs.o
                0x0800425c                L6470<shield_3>::L6470_FnSlpAcc_2_s_Step(unsigned char)
 .text._ZN5L6470I8shield_3E23L6470_s_Step_2_FnSlpAccEf
                0x0800428c       0x50 ./Core/Src/BlocMoteurs.o
                0x0800428c                L6470<shield_3>::L6470_s_Step_2_FnSlpAcc(float)
 .text._ZN5L6470I8shield_3E23L6470_FnSlpDec_2_s_StepEh
                0x080042dc       0x30 ./Core/Src/BlocMoteurs.o
                0x080042dc                L6470<shield_3>::L6470_FnSlpDec_2_s_Step(unsigned char)
 .text._ZN5L6470I8shield_3E23L6470_s_Step_2_FnSlpDecEf
                0x0800430c       0x50 ./Core/Src/BlocMoteurs.o
                0x0800430c                L6470<shield_3>::L6470_s_Step_2_FnSlpDec(float)
 .text._ZN5L6470I8shield_3E16L6470_OcdTh_2_mAEh
                0x0800435c       0x44 ./Core/Src/BlocMoteurs.o
                0x0800435c                L6470<shield_3>::L6470_OcdTh_2_mA(unsigned char)
 .text._ZN5L6470I8shield_3E16L6470_mA_2_OcdThEf
                0x080043a0       0xa4 ./Core/Src/BlocMoteurs.o
                0x080043a0                L6470<shield_3>::L6470_mA_2_OcdTh(float)
 .text._ZN5L6470I8shield_3E18L6470_StallTh_2_mAEh
                0x08004444       0x44 ./Core/Src/BlocMoteurs.o
                0x08004444                L6470<shield_3>::L6470_StallTh_2_mA(unsigned char)
 .text._ZN5L6470I8shield_3E18L6470_mA_2_StallThEf
                0x08004488       0xa4 ./Core/Src/BlocMoteurs.o
                0x08004488                L6470<shield_3>::L6470_mA_2_StallTh(float)
 .text._ZN5L6470I8shield_3E12L6470_ConfigEPv
                0x0800452c      0x434 ./Core/Src/BlocMoteurs.o
                0x0800452c                L6470<shield_3>::L6470_Config(void*)
 .text._ZN5L6470I8shield_3E14L6470_SetParamE14eL6470_RegId_tm
                0x08004960       0x64 ./Core/Src/BlocMoteurs.o
                0x08004960                L6470<shield_3>::L6470_SetParam(eL6470_RegId_t, unsigned long)
 .text._ZN5L6470I8shield_3E14L6470_GetParamE14eL6470_RegId_t
                0x080049c4       0x8c ./Core/Src/BlocMoteurs.o
                0x080049c4                L6470<shield_3>::L6470_GetParam(eL6470_RegId_t)
 .text._ZN5L6470I8shield_3E9L6470_RunE14eL6470_DirId_tm
                0x08004a50       0x64 ./Core/Src/BlocMoteurs.o
                0x08004a50                L6470<shield_3>::L6470_Run(eL6470_DirId_t, unsigned long)
 .text._ZN5L6470I8shield_3E15L6470_StepClockE14eL6470_DirId_t
                0x08004ab4       0x60 ./Core/Src/BlocMoteurs.o
                0x08004ab4                L6470<shield_3>::L6470_StepClock(eL6470_DirId_t)
 .text._ZN5L6470I8shield_3E10L6470_MoveE14eL6470_DirId_tm
                0x08004b14       0x64 ./Core/Src/BlocMoteurs.o
                0x08004b14                L6470<shield_3>::L6470_Move(eL6470_DirId_t, unsigned long)
 .text._ZN5L6470I8shield_3E10L6470_GoToEm
                0x08004b78       0x68 ./Core/Src/BlocMoteurs.o
                0x08004b78                L6470<shield_3>::L6470_GoTo(unsigned long)
 .text._ZN5L6470I8shield_3E13L6470_GoToDirE14eL6470_DirId_tm
                0x08004be0       0x6c ./Core/Src/BlocMoteurs.o
                0x08004be0                L6470<shield_3>::L6470_GoToDir(eL6470_DirId_t, unsigned long)
 .text._ZN5L6470I8shield_3E13L6470_GoUntilE14eL6470_ActId_t14eL6470_DirId_tm
                0x08004c4c       0x68 ./Core/Src/BlocMoteurs.o
                0x08004c4c                L6470<shield_3>::L6470_GoUntil(eL6470_ActId_t, eL6470_DirId_t, unsigned long)
 .text._ZN5L6470I8shield_3E15L6470_ReleaseSWE14eL6470_ActId_t14eL6470_DirId_t
                0x08004cb4       0x68 ./Core/Src/BlocMoteurs.o
                0x08004cb4                L6470<shield_3>::L6470_ReleaseSW(eL6470_ActId_t, eL6470_DirId_t)
 .text._ZN5L6470I8shield_3E12L6470_GoHomeEv
                0x08004d1c       0x5c ./Core/Src/BlocMoteurs.o
                0x08004d1c                L6470<shield_3>::L6470_GoHome()
 .text._ZN5L6470I8shield_3E12L6470_GoMarkEv
                0x08004d78       0x5c ./Core/Src/BlocMoteurs.o
                0x08004d78                L6470<shield_3>::L6470_GoMark()
 .text._ZN5L6470I8shield_3E14L6470_ResetPosEv
                0x08004dd4       0x5c ./Core/Src/BlocMoteurs.o
                0x08004dd4                L6470<shield_3>::L6470_ResetPos()
 .text._ZN5L6470I8shield_3E17L6470_ResetDeviceEv
                0x08004e30       0x5c ./Core/Src/BlocMoteurs.o
                0x08004e30                L6470<shield_3>::L6470_ResetDevice()
 .text._ZN5L6470I8shield_3E14L6470_SoftStopEv
                0x08004e8c       0x5c ./Core/Src/BlocMoteurs.o
                0x08004e8c                L6470<shield_3>::L6470_SoftStop()
 .text._ZN5L6470I8shield_3E14L6470_HardStopEv
                0x08004ee8       0x5c ./Core/Src/BlocMoteurs.o
                0x08004ee8                L6470<shield_3>::L6470_HardStop()
 .text._ZN5L6470I8shield_3E13L6470_SoftHiZEv
                0x08004f44       0x5c ./Core/Src/BlocMoteurs.o
                0x08004f44                L6470<shield_3>::L6470_SoftHiZ()
 .text._ZN5L6470I8shield_3E13L6470_HardHiZEv
                0x08004fa0       0x5c ./Core/Src/BlocMoteurs.o
                0x08004fa0                L6470<shield_3>::L6470_HardHiZ()
 .text._ZN5L6470I8shield_3E15L6470_GetStatusEv
                0x08004ffc       0x74 ./Core/Src/BlocMoteurs.o
                0x08004ffc                L6470<shield_3>::L6470_GetStatus()
 .text._ZN5L6470I8shield_3E21L6470_PrepareSetParamE14eL6470_RegId_tm
                0x08005070       0x38 ./Core/Src/BlocMoteurs.o
                0x08005070                L6470<shield_3>::L6470_PrepareSetParam(eL6470_RegId_t, unsigned long)
 .text._ZN5L6470I8shield_3E21L6470_PrepareGetParamE14eL6470_RegId_t
                0x080050a8       0x34 ./Core/Src/BlocMoteurs.o
                0x080050a8                L6470<shield_3>::L6470_PrepareGetParam(eL6470_RegId_t)
 .text._ZN5L6470I8shield_3E16L6470_PrepareRunE14eL6470_DirId_tm
                0x080050dc       0x38 ./Core/Src/BlocMoteurs.o
                0x080050dc                L6470<shield_3>::L6470_PrepareRun(eL6470_DirId_t, unsigned long)
 .text._ZN5L6470I8shield_3E22L6470_PrepareStepClockE14eL6470_DirId_t
                0x08005114       0x34 ./Core/Src/BlocMoteurs.o
                0x08005114                L6470<shield_3>::L6470_PrepareStepClock(eL6470_DirId_t)
 .text._ZN5L6470I8shield_3E17L6470_PrepareMoveE14eL6470_DirId_tm
                0x08005148       0x38 ./Core/Src/BlocMoteurs.o
                0x08005148                L6470<shield_3>::L6470_PrepareMove(eL6470_DirId_t, unsigned long)
 .text._ZN5L6470I8shield_3E17L6470_PrepareGoToEm
                0x08005180       0x34 ./Core/Src/BlocMoteurs.o
                0x08005180                L6470<shield_3>::L6470_PrepareGoTo(unsigned long)
 .text._ZN5L6470I8shield_3E20L6470_PrepareGoToDirE14eL6470_DirId_tm
                0x080051b4       0x38 ./Core/Src/BlocMoteurs.o
                0x080051b4                L6470<shield_3>::L6470_PrepareGoToDir(eL6470_DirId_t, unsigned long)
 .text._ZN5L6470I8shield_3E20L6470_PrepareGoUntilE14eL6470_ActId_t14eL6470_DirId_tm
                0x080051ec       0x3c ./Core/Src/BlocMoteurs.o
                0x080051ec                L6470<shield_3>::L6470_PrepareGoUntil(eL6470_ActId_t, eL6470_DirId_t, unsigned long)
 .text._ZN5L6470I8shield_3E22L6470_PrepareReleaseSWE14eL6470_ActId_t14eL6470_DirId_t
                0x08005228       0x3c ./Core/Src/BlocMoteurs.o
                0x08005228                L6470<shield_3>::L6470_PrepareReleaseSW(eL6470_ActId_t, eL6470_DirId_t)
 .text._ZN5L6470I8shield_3E19L6470_PrepareGoHomeEv
                0x08005264       0x30 ./Core/Src/BlocMoteurs.o
                0x08005264                L6470<shield_3>::L6470_PrepareGoHome()
 .text._ZN5L6470I8shield_3E19L6470_PrepareGoMarkEv
                0x08005294       0x30 ./Core/Src/BlocMoteurs.o
                0x08005294                L6470<shield_3>::L6470_PrepareGoMark()
 .text._ZN5L6470I8shield_3E21L6470_PrepareResetPosEv
                0x080052c4       0x30 ./Core/Src/BlocMoteurs.o
                0x080052c4                L6470<shield_3>::L6470_PrepareResetPos()
 .text._ZN5L6470I8shield_3E24L6470_PrepareResetDeviceEv
                0x080052f4       0x30 ./Core/Src/BlocMoteurs.o
                0x080052f4                L6470<shield_3>::L6470_PrepareResetDevice()
 .text._ZN5L6470I8shield_3E21L6470_PrepareSoftStopEv
                0x08005324       0x30 ./Core/Src/BlocMoteurs.o
                0x08005324                L6470<shield_3>::L6470_PrepareSoftStop()
 .text._ZN5L6470I8shield_3E21L6470_PrepareHardStopEv
                0x08005354       0x30 ./Core/Src/BlocMoteurs.o
                0x08005354                L6470<shield_3>::L6470_PrepareHardStop()
 .text._ZN5L6470I8shield_3E20L6470_PrepareSoftHiZEv
                0x08005384       0x30 ./Core/Src/BlocMoteurs.o
                0x08005384                L6470<shield_3>::L6470_PrepareSoftHiZ()
 .text._ZN5L6470I8shield_3E20L6470_PrepareHardHiZEv
                0x080053b4       0x30 ./Core/Src/BlocMoteurs.o
                0x080053b4                L6470<shield_3>::L6470_PrepareHardHiZ()
 .text._ZN5L6470I8shield_3E22L6470_PrepareGetStatusEv
                0x080053e4       0x30 ./Core/Src/BlocMoteurs.o
                0x080053e4                L6470<shield_3>::L6470_PrepareGetStatus()
 .text._ZN5L6470I8shield_3E39L6470_PerformPreparedApplicationCommandEv
                0x08005414       0x44 ./Core/Src/BlocMoteurs.o
                0x08005414                L6470<shield_3>::L6470_PerformPreparedApplicationCommand()
 .text._ZN5L6470I8shield_3E23L6470_DaisyChainCommandEPhS2_
                0x08005458       0x70 ./Core/Src/BlocMoteurs.o
                0x08005458                L6470<shield_3>::L6470_DaisyChainCommand(unsigned char*, unsigned char*)
 .text._ZN5L6470I8shield_3E25L6470_ExtractReturnedDataEPhh
                0x080054c8       0x5a ./Core/Src/BlocMoteurs.o
                0x080054c8                L6470<shield_3>::L6470_ExtractReturnedData(unsigned char*, unsigned char)
 *fill*         0x08005522        0x2 
 .text._ZN5L6470I8shield_3E29L6470_CheckStatusRegisterFlagEh
                0x08005524      0x170 ./Core/Src/BlocMoteurs.o
                0x08005524                L6470<shield_3>::L6470_CheckStatusRegisterFlag(unsigned char)
 .text._ZN5L6470I8shield_3E21L6470_GetRegisterNameEh
                0x08005694       0x34 ./Core/Src/BlocMoteurs.o
                0x08005694                L6470<shield_3>::L6470_GetRegisterName(unsigned char)
 .text._ZN5L6470I8shield_3E20L6470_ResetAppCmdPkgEP18sL6470_AppCmdPkg_t
                0x080056c8       0x5a ./Core/Src/BlocMoteurs.o
                0x080056c8                L6470<shield_3>::L6470_ResetAppCmdPkg(sL6470_AppCmdPkg_t*)
 .text._ZN5L6470I8shield_3E19L6470_FillAppCmdPkgEP18sL6470_AppCmdPkg_t17eL6470_AppCmdId_tmmm
                0x08005722       0x54 ./Core/Src/BlocMoteurs.o
                0x08005722                L6470<shield_3>::L6470_FillAppCmdPkg(sL6470_AppCmdPkg_t*, eL6470_AppCmdId_t, unsigned long, unsigned long, unsigned long)
 *fill*         0x08005776        0x2 
 .text._ZN5L6470I8shield_3E22L6470_PrepareAppCmdPkgEP18sL6470_AppCmdPkg_t17eL6470_AppCmdId_tmmm
                0x08005778       0x58 ./Core/Src/BlocMoteurs.o
                0x08005778                L6470<shield_3>::L6470_PrepareAppCmdPkg(sL6470_AppCmdPkg_t*, eL6470_AppCmdId_t, unsigned long, unsigned long, unsigned long)
 .text._ZN5L6470I8shield_3E30L6470_PrepareDaisyChainCommandEP18sL6470_AppCmdPkg_tPh
                0x080057d0      0x444 ./Core/Src/BlocMoteurs.o
                0x080057d0                L6470<shield_3>::L6470_PrepareDaisyChainCommand(sL6470_AppCmdPkg_t*, unsigned char*)
 .text._ZN5L6470I8shield_3E11L6470_roundEf
                0x08005c14       0x9a ./Core/Src/BlocMoteurs.o
                0x08005c14                L6470<shield_3>::L6470_round(float)
 .text._ZN5L6470I8shield_3E4ReadEPht
                0x08005cae       0x54 ./Core/Src/BlocMoteurs.o
                0x08005cae                L6470<shield_3>::Read(unsigned char*, unsigned short)
 .text._ZN5L6470I8shield_3E5WriteEPht
                0x08005d02       0x54 ./Core/Src/BlocMoteurs.o
                0x08005d02                L6470<shield_3>::Write(unsigned char*, unsigned short)
 .text._ZN5L6470I8shield_3E9ReadWriteEPhS2_t
                0x08005d56       0x6a ./Core/Src/BlocMoteurs.o
                0x08005d56                L6470<shield_3>::ReadWrite(unsigned char*, unsigned char*, unsigned short)
 .text._ZN5L6470I8shield_3E23L6470_SPI_CommunicationEPhS2_tm
                0x08005dc0       0x2a ./Core/Src/BlocMoteurs.o
                0x08005dc0                L6470<shield_3>::L6470_SPI_Communication(unsigned char*, unsigned char*, unsigned short, unsigned long)
 .text._ZN5L6470I8shield_2E4initEPv
                0x08005dea       0x24 ./Core/Src/BlocMoteurs.o
                0x08005dea                L6470<shield_2>::init(void*)
 .text._ZN5L6470I8shield_2E10get_statusEv
                0x08005e0e       0x20 ./Core/Src/BlocMoteurs.o
                0x08005e0e                L6470<shield_2>::get_status()
 .text._ZN5L6470I8shield_2E13get_parameterEj
                0x08005e2e       0x28 ./Core/Src/BlocMoteurs.o
                0x08005e2e                L6470<shield_2>::get_parameter(unsigned int)
 .text._ZN5L6470I8shield_2E12get_positionEv
                0x08005e56       0x34 ./Core/Src/BlocMoteurs.o
                0x08005e56                L6470<shield_2>::get_position()
 .text._ZN5L6470I8shield_2E8get_markEv
                0x08005e8a       0x34 ./Core/Src/BlocMoteurs.o
                0x08005e8a                L6470<shield_2>::get_mark()
 .text._ZN5L6470I8shield_2E9get_speedEv
                0x08005ebe       0x4a ./Core/Src/BlocMoteurs.o
                0x08005ebe                L6470<shield_2>::get_speed()
 .text._ZN5L6470I8shield_2E13get_max_speedEv
                0x08005f08       0x4c ./Core/Src/BlocMoteurs.o
                0x08005f08                L6470<shield_2>::get_max_speed()
 .text._ZN5L6470I8shield_2E13get_min_speedEv
                0x08005f54       0x4c ./Core/Src/BlocMoteurs.o
                0x08005f54                L6470<shield_2>::get_min_speed()
 .text._ZN5L6470I8shield_2E16get_accelerationEv
                0x08005fa0       0x4c ./Core/Src/BlocMoteurs.o
                0x08005fa0                L6470<shield_2>::get_acceleration()
 .text._ZN5L6470I8shield_2E16get_decelerationEv
                0x08005fec       0x4c ./Core/Src/BlocMoteurs.o
                0x08005fec                L6470<shield_2>::get_deceleration()
 .text._ZN5L6470I8shield_2E13get_directionEv
                0x08006038       0x2c ./Core/Src/BlocMoteurs.o
                0x08006038                L6470<shield_2>::get_direction()
 .text._ZN5L6470I8shield_2E13set_parameterEjj
                0x08006064       0x28 ./Core/Src/BlocMoteurs.o
                0x08006064                L6470<shield_2>::set_parameter(unsigned int, unsigned int)
 .text._ZN5L6470I8shield_2E8set_homeEv
                0x0800608c       0x1e ./Core/Src/BlocMoteurs.o
                0x0800608c                L6470<shield_2>::set_home()
 .text._ZN5L6470I8shield_2E8set_markEv
                0x080060aa       0x34 ./Core/Src/BlocMoteurs.o
                0x080060aa                L6470<shield_2>::set_mark()
 .text._ZN5L6470I8shield_2E8set_markEi
                0x080060de       0x36 ./Core/Src/BlocMoteurs.o
                0x080060de                L6470<shield_2>::set_mark(int)
 .text._ZN5L6470I8shield_2E13set_max_speedEj
                0x08006114       0x44 ./Core/Src/BlocMoteurs.o
                0x08006114                L6470<shield_2>::set_max_speed(unsigned int)
 .text._ZN5L6470I8shield_2E13set_min_speedEj
                0x08006158       0x44 ./Core/Src/BlocMoteurs.o
                0x08006158                L6470<shield_2>::set_min_speed(unsigned int)
 .text._ZN5L6470I8shield_2E16set_accelerationEj
                0x0800619c       0x44 ./Core/Src/BlocMoteurs.o
                0x0800619c                L6470<shield_2>::set_acceleration(unsigned int)
 .text._ZN5L6470I8shield_2E16set_decelerationEj
                0x080061e0       0x44 ./Core/Src/BlocMoteurs.o
                0x080061e0                L6470<shield_2>::set_deceleration(unsigned int)
 .text._ZN5L6470I8shield_2E13set_step_modeEN12StepperMotor11step_mode_tE
                0x08006224       0x3e ./Core/Src/BlocMoteurs.o
                0x08006224                L6470<shield_2>::set_step_mode(StepperMotor::step_mode_t)
 .text._ZN5L6470I8shield_2E5go_toEi
                0x08006262       0x34 ./Core/Src/BlocMoteurs.o
                0x08006262                L6470<shield_2>::go_to(int)
 .text._ZN5L6470I8shield_2E5go_toEiN12StepperMotor11direction_tE
                0x08006296       0x46 ./Core/Src/BlocMoteurs.o
                0x08006296                L6470<shield_2>::go_to(int, StepperMotor::direction_t)
 .text._ZN5L6470I8shield_2E7go_homeEv
                0x080062dc       0x1e ./Core/Src/BlocMoteurs.o
                0x080062dc                L6470<shield_2>::go_home()
 .text._ZN5L6470I8shield_2E7go_markEv
                0x080062fa       0x1e ./Core/Src/BlocMoteurs.o
                0x080062fa                L6470<shield_2>::go_mark()
 .text._ZN5L6470I8shield_2E8go_untilE14eL6470_ActId_tN12StepperMotor11direction_tEj
                0x08006318       0x56 ./Core/Src/BlocMoteurs.o
                0x08006318                L6470<shield_2>::go_until(eL6470_ActId_t, StepperMotor::direction_t, unsigned int)
 .text._ZN5L6470I8shield_2E3runEN12StepperMotor11direction_tE
                0x0800636e       0x44 ./Core/Src/BlocMoteurs.o
                0x0800636e                L6470<shield_2>::run(StepperMotor::direction_t)
 .text._ZN5L6470I8shield_2E3runEN12StepperMotor11direction_tEj
                0x080063b2       0x52 ./Core/Src/BlocMoteurs.o
                0x080063b2                L6470<shield_2>::run(StepperMotor::direction_t, unsigned int)
 .text._ZN5L6470I8shield_2E4moveEN12StepperMotor11direction_tEj
                0x08006404       0x32 ./Core/Src/BlocMoteurs.o
                0x08006404                L6470<shield_2>::move(StepperMotor::direction_t, unsigned int)
 .text._ZN5L6470I8shield_2E9soft_stopEv
                0x08006436       0x1e ./Core/Src/BlocMoteurs.o
                0x08006436                L6470<shield_2>::soft_stop()
 .text._ZN5L6470I8shield_2E9hard_stopEv
                0x08006454       0x1e ./Core/Src/BlocMoteurs.o
                0x08006454                L6470<shield_2>::hard_stop()
 .text._ZN5L6470I8shield_2E8soft_hizEv
                0x08006472       0x1e ./Core/Src/BlocMoteurs.o
                0x08006472                L6470<shield_2>::soft_hiz()
 .text._ZN5L6470I8shield_2E8hard_hizEv
                0x08006490       0x1e ./Core/Src/BlocMoteurs.o
                0x08006490                L6470<shield_2>::hard_hiz()
 .text._ZN5L6470I8shield_2E17wait_while_activeEv
                0x080064ae       0x34 ./Core/Src/BlocMoteurs.o
                0x080064ae                L6470<shield_2>::wait_while_active()
 .text._ZN5L6470I8shield_2E10step_clockEN12StepperMotor11direction_tE
                0x080064e2       0x3c ./Core/Src/BlocMoteurs.o
                0x080064e2                L6470<shield_2>::step_clock(StepperMotor::direction_t)
 .text._ZN5L6470I8shield_2E10release_swE14eL6470_ActId_tN12StepperMotor11direction_tE
                0x0800651e       0x34 ./Core/Src/BlocMoteurs.o
                0x0800651e                L6470<shield_2>::release_sw(eL6470_ActId_t, StepperMotor::direction_t)
 .text._ZN5L6470I8shield_2E12reset_deviceEv
                0x08006552       0x1e ./Core/Src/BlocMoteurs.o
                0x08006552                L6470<shield_2>::reset_device()
 .text._ZN5L6470I8shield_2E18prepare_get_statusEv
                0x08006570       0x26 ./Core/Src/BlocMoteurs.o
                0x08006570                L6470<shield_2>::prepare_get_status()
 .text._ZN5L6470I8shield_2E21prepare_get_parameterEj
                0x08006596       0x2e ./Core/Src/BlocMoteurs.o
                0x08006596                L6470<shield_2>::prepare_get_parameter(unsigned int)
 .text._ZN5L6470I8shield_2E20prepare_get_positionEv
                0x080065c4       0x28 ./Core/Src/BlocMoteurs.o
                0x080065c4                L6470<shield_2>::prepare_get_position()
 .text._ZN5L6470I8shield_2E16prepare_get_markEv
                0x080065ec       0x28 ./Core/Src/BlocMoteurs.o
                0x080065ec                L6470<shield_2>::prepare_get_mark()
 .text._ZN5L6470I8shield_2E17prepare_get_speedEv
                0x08006614       0x28 ./Core/Src/BlocMoteurs.o
                0x08006614                L6470<shield_2>::prepare_get_speed()
 .text._ZN5L6470I8shield_2E21prepare_get_max_speedEv
                0x0800663c       0x28 ./Core/Src/BlocMoteurs.o
                0x0800663c                L6470<shield_2>::prepare_get_max_speed()
 .text._ZN5L6470I8shield_2E21prepare_get_min_speedEv
                0x08006664       0x28 ./Core/Src/BlocMoteurs.o
                0x08006664                L6470<shield_2>::prepare_get_min_speed()
 .text._ZN5L6470I8shield_2E24prepare_get_accelerationEv
                0x0800668c       0x28 ./Core/Src/BlocMoteurs.o
                0x0800668c                L6470<shield_2>::prepare_get_acceleration()
 .text._ZN5L6470I8shield_2E24prepare_get_decelerationEv
                0x080066b4       0x28 ./Core/Src/BlocMoteurs.o
                0x080066b4                L6470<shield_2>::prepare_get_deceleration()
 .text._ZN5L6470I8shield_2E21prepare_get_directionEv
                0x080066dc       0x40 ./Core/Src/BlocMoteurs.o
                0x080066dc                L6470<shield_2>::prepare_get_direction()
 .text._ZN5L6470I8shield_2E21prepare_set_parameterEjj
                0x0800671c       0x30 ./Core/Src/BlocMoteurs.o
                0x0800671c                L6470<shield_2>::prepare_set_parameter(unsigned int, unsigned int)
 .text._ZN5L6470I8shield_2E16prepare_set_homeEv
                0x0800674c       0x26 ./Core/Src/BlocMoteurs.o
                0x0800674c                L6470<shield_2>::prepare_set_home()
 .text._ZN5L6470I8shield_2E16prepare_set_markEv
                0x08006772       0x2a ./Core/Src/BlocMoteurs.o
                0x08006772                L6470<shield_2>::prepare_set_mark()
 .text._ZN5L6470I8shield_2E16prepare_set_markEi
                0x0800679c       0x3e ./Core/Src/BlocMoteurs.o
                0x0800679c                L6470<shield_2>::prepare_set_mark(int)
 .text._ZN5L6470I8shield_2E17prepare_set_speedEj
                0x080067da       0x4a ./Core/Src/BlocMoteurs.o
                0x080067da                L6470<shield_2>::prepare_set_speed(unsigned int)
 .text._ZN5L6470I8shield_2E21prepare_set_max_speedEj
                0x08006824       0x4a ./Core/Src/BlocMoteurs.o
                0x08006824                L6470<shield_2>::prepare_set_max_speed(unsigned int)
 .text._ZN5L6470I8shield_2E21prepare_set_min_speedEj
                0x0800686e       0x4a ./Core/Src/BlocMoteurs.o
                0x0800686e                L6470<shield_2>::prepare_set_min_speed(unsigned int)
 .text._ZN5L6470I8shield_2E24prepare_set_accelerationEj
                0x080068b8       0x4a ./Core/Src/BlocMoteurs.o
                0x080068b8                L6470<shield_2>::prepare_set_acceleration(unsigned int)
 .text._ZN5L6470I8shield_2E24prepare_set_decelerationEj
                0x08006902       0x4a ./Core/Src/BlocMoteurs.o
                0x08006902                L6470<shield_2>::prepare_set_deceleration(unsigned int)
 .text._ZN5L6470I8shield_2E13prepare_go_toEi
                0x0800694c       0x3c ./Core/Src/BlocMoteurs.o
                0x0800694c                L6470<shield_2>::prepare_go_to(int)
 .text._ZN5L6470I8shield_2E13prepare_go_toEiN12StepperMotor11direction_tE
                0x08006988       0x4e ./Core/Src/BlocMoteurs.o
                0x08006988                L6470<shield_2>::prepare_go_to(int, StepperMotor::direction_t)
 .text._ZN5L6470I8shield_2E15prepare_go_homeEv
                0x080069d6       0x26 ./Core/Src/BlocMoteurs.o
                0x080069d6                L6470<shield_2>::prepare_go_home()
 .text._ZN5L6470I8shield_2E15prepare_go_markEv
                0x080069fc       0x26 ./Core/Src/BlocMoteurs.o
                0x080069fc                L6470<shield_2>::prepare_go_mark()
 .text._ZN5L6470I8shield_2E16prepare_go_untilE14eL6470_ActId_tN12StepperMotor11direction_tEj
                0x08006a22       0x5e ./Core/Src/BlocMoteurs.o
                0x08006a22                L6470<shield_2>::prepare_go_until(eL6470_ActId_t, StepperMotor::direction_t, unsigned int)
 .text._ZN5L6470I8shield_2E11prepare_runEN12StepperMotor11direction_tE
                0x08006a80       0x4c ./Core/Src/BlocMoteurs.o
                0x08006a80                L6470<shield_2>::prepare_run(StepperMotor::direction_t)
 .text._ZN5L6470I8shield_2E11prepare_runEN12StepperMotor11direction_tEj
                0x08006acc       0x5a ./Core/Src/BlocMoteurs.o
                0x08006acc                L6470<shield_2>::prepare_run(StepperMotor::direction_t, unsigned int)
 .text._ZN5L6470I8shield_2E12prepare_moveEN12StepperMotor11direction_tEj
                0x08006b26       0x3a ./Core/Src/BlocMoteurs.o
                0x08006b26                L6470<shield_2>::prepare_move(StepperMotor::direction_t, unsigned int)
 .text._ZN5L6470I8shield_2E17prepare_soft_stopEv
                0x08006b60       0x26 ./Core/Src/BlocMoteurs.o
                0x08006b60                L6470<shield_2>::prepare_soft_stop()
 .text._ZN5L6470I8shield_2E17prepare_hard_stopEv
                0x08006b86       0x26 ./Core/Src/BlocMoteurs.o
                0x08006b86                L6470<shield_2>::prepare_hard_stop()
 .text._ZN5L6470I8shield_2E16prepare_soft_hizEv
                0x08006bac       0x26 ./Core/Src/BlocMoteurs.o
                0x08006bac                L6470<shield_2>::prepare_soft_hiz()
 .text._ZN5L6470I8shield_2E16prepare_hard_hizEv
                0x08006bd2       0x26 ./Core/Src/BlocMoteurs.o
                0x08006bd2                L6470<shield_2>::prepare_hard_hiz()
 .text._ZN5L6470I8shield_2E18prepare_step_clockEN12StepperMotor11direction_tE
                0x08006bf8       0x38 ./Core/Src/BlocMoteurs.o
                0x08006bf8                L6470<shield_2>::prepare_step_clock(StepperMotor::direction_t)
 .text._ZN5L6470I8shield_2E18prepare_release_swE14eL6470_ActId_tN12StepperMotor11direction_tE
                0x08006c30       0x3c ./Core/Src/BlocMoteurs.o
                0x08006c30                L6470<shield_2>::prepare_release_sw(eL6470_ActId_t, StepperMotor::direction_t)
 .text._ZN5L6470I8shield_2E20prepare_reset_deviceEv
                0x08006c6c       0x26 ./Core/Src/BlocMoteurs.o
                0x08006c6c                L6470<shield_2>::prepare_reset_device()
 .text._ZN5L6470I8shield_2E24perform_prepared_actionsEv
                0x08006c92       0x20 ./Core/Src/BlocMoteurs.o
                0x08006c92                L6470<shield_2>::perform_prepared_actions()
 .text._ZN5L6470I8shield_2E19get_prepared_actionEv
                0x08006cb2       0x1a ./Core/Src/BlocMoteurs.o
                0x08006cb2                L6470<shield_2>::get_prepared_action()
 .text._ZN5L6470I8shield_2E10get_resultEPh
                0x08006ccc      0x220 ./Core/Src/BlocMoteurs.o
                0x08006ccc                L6470<shield_2>::get_result(unsigned char*)
 .text._ZN5L6470I8shield_2E13L6470_DISABLEEv
                0x08006eec       0x20 ./Core/Src/BlocMoteurs.o
                0x08006eec                L6470<shield_2>::L6470_DISABLE()
 .text._ZN5L6470I8shield_2E23L6470_AbsPos_2_PositionEm
                0x08006f0c       0x28 ./Core/Src/BlocMoteurs.o
                0x08006f0c                L6470<shield_2>::L6470_AbsPos_2_Position(unsigned long)
 .text._ZN5L6470I8shield_2E23L6470_Position_2_AbsPosEl
                0x08006f34       0x42 ./Core/Src/BlocMoteurs.o
                0x08006f34                L6470<shield_2>::L6470_Position_2_AbsPos(long)
 *fill*         0x08006f76        0x2 
 .text._ZN5L6470I8shield_2E20L6470_Speed_2_Step_sEm
                0x08006f78       0x30 ./Core/Src/BlocMoteurs.o
                0x08006f78                L6470<shield_2>::L6470_Speed_2_Step_s(unsigned long)
 .text._ZN5L6470I8shield_2E20L6470_Step_s_2_SpeedEf
                0x08006fa8       0x4c ./Core/Src/BlocMoteurs.o
                0x08006fa8                L6470<shield_2>::L6470_Step_s_2_Speed(float)
 .text._ZN5L6470I8shield_2E19L6470_Acc_2_Step_s2Et
                0x08006ff4       0x44 ./Core/Src/BlocMoteurs.o
                0x08006ff4                L6470<shield_2>::L6470_Acc_2_Step_s2(unsigned short)
 .text._ZN5L6470I8shield_2E19L6470_Step_s2_2_AccEf
                0x08007038       0x4c ./Core/Src/BlocMoteurs.o
                0x08007038                L6470<shield_2>::L6470_Step_s2_2_Acc(float)
 .text._ZN5L6470I8shield_2E19L6470_Dec_2_Step_s2Et
                0x08007084       0x44 ./Core/Src/BlocMoteurs.o
                0x08007084                L6470<shield_2>::L6470_Dec_2_Step_s2(unsigned short)
 .text._ZN5L6470I8shield_2E19L6470_Step_s2_2_DecEf
                0x080070c8       0x4c ./Core/Src/BlocMoteurs.o
                0x080070c8                L6470<shield_2>::L6470_Step_s2_2_Dec(float)
 .text._ZN5L6470I8shield_2E23L6470_MaxSpeed_2_Step_sEt
                0x08007114       0x44 ./Core/Src/BlocMoteurs.o
                0x08007114                L6470<shield_2>::L6470_MaxSpeed_2_Step_s(unsigned short)
 .text._ZN5L6470I8shield_2E23L6470_Step_s_2_MaxSpeedEf
                0x08007158       0x4c ./Core/Src/BlocMoteurs.o
                0x08007158                L6470<shield_2>::L6470_Step_s_2_MaxSpeed(float)
 .text._ZN5L6470I8shield_2E23L6470_MinSpeed_2_Step_sEt
                0x080071a4       0x44 ./Core/Src/BlocMoteurs.o
                0x080071a4                L6470<shield_2>::L6470_MinSpeed_2_Step_s(unsigned short)
 .text._ZN5L6470I8shield_2E23L6470_Step_s_2_MinSpeedEf
                0x080071e8       0x4c ./Core/Src/BlocMoteurs.o
                0x080071e8                L6470<shield_2>::L6470_Step_s_2_MinSpeed(float)
 .text._ZN5L6470I8shield_2E20L6470_FsSpd_2_Step_sEt
                0x08007234       0x64 ./Core/Src/BlocMoteurs.o
                0x08007234                L6470<shield_2>::L6470_FsSpd_2_Step_s(unsigned short)
 .text._ZN5L6470I8shield_2E20L6470_Step_s_2_FsSpdEf
                0x08007298       0x54 ./Core/Src/BlocMoteurs.o
                0x08007298                L6470<shield_2>::L6470_Step_s_2_FsSpd(float)
 .text._ZN5L6470I8shield_2E23L6470_IntSpeed_2_Step_sEt
                0x080072ec       0x44 ./Core/Src/BlocMoteurs.o
                0x080072ec                L6470<shield_2>::L6470_IntSpeed_2_Step_s(unsigned short)
 .text._ZN5L6470I8shield_2E23L6470_Step_s_2_IntSpeedEf
                0x08007330       0x4c ./Core/Src/BlocMoteurs.o
                0x08007330                L6470<shield_2>::L6470_Step_s_2_IntSpeed(float)
 .text._ZN5L6470I8shield_2E20L6470_StSlp_2_s_StepEh
                0x0800737c       0x30 ./Core/Src/BlocMoteurs.o
                0x0800737c                L6470<shield_2>::L6470_StSlp_2_s_Step(unsigned char)
 .text._ZN5L6470I8shield_2E20L6470_s_Step_2_StSlpEf
                0x080073ac       0x50 ./Core/Src/BlocMoteurs.o
                0x080073ac                L6470<shield_2>::L6470_s_Step_2_StSlp(float)
 .text._ZN5L6470I8shield_2E23L6470_FnSlpAcc_2_s_StepEh
                0x080073fc       0x30 ./Core/Src/BlocMoteurs.o
                0x080073fc                L6470<shield_2>::L6470_FnSlpAcc_2_s_Step(unsigned char)
 .text._ZN5L6470I8shield_2E23L6470_s_Step_2_FnSlpAccEf
                0x0800742c       0x50 ./Core/Src/BlocMoteurs.o
                0x0800742c                L6470<shield_2>::L6470_s_Step_2_FnSlpAcc(float)
 .text._ZN5L6470I8shield_2E23L6470_FnSlpDec_2_s_StepEh
                0x0800747c       0x30 ./Core/Src/BlocMoteurs.o
                0x0800747c                L6470<shield_2>::L6470_FnSlpDec_2_s_Step(unsigned char)
 .text._ZN5L6470I8shield_2E23L6470_s_Step_2_FnSlpDecEf
                0x080074ac       0x50 ./Core/Src/BlocMoteurs.o
                0x080074ac                L6470<shield_2>::L6470_s_Step_2_FnSlpDec(float)
 .text._ZN5L6470I8shield_2E16L6470_OcdTh_2_mAEh
                0x080074fc       0x44 ./Core/Src/BlocMoteurs.o
                0x080074fc                L6470<shield_2>::L6470_OcdTh_2_mA(unsigned char)
 .text._ZN5L6470I8shield_2E16L6470_mA_2_OcdThEf
                0x08007540       0xa4 ./Core/Src/BlocMoteurs.o
                0x08007540                L6470<shield_2>::L6470_mA_2_OcdTh(float)
 .text._ZN5L6470I8shield_2E18L6470_StallTh_2_mAEh
                0x080075e4       0x44 ./Core/Src/BlocMoteurs.o
                0x080075e4                L6470<shield_2>::L6470_StallTh_2_mA(unsigned char)
 .text._ZN5L6470I8shield_2E18L6470_mA_2_StallThEf
                0x08007628       0xa4 ./Core/Src/BlocMoteurs.o
                0x08007628                L6470<shield_2>::L6470_mA_2_StallTh(float)
 .text._ZN5L6470I8shield_2E12L6470_ConfigEPv
                0x080076cc      0x434 ./Core/Src/BlocMoteurs.o
                0x080076cc                L6470<shield_2>::L6470_Config(void*)
 .text._ZN5L6470I8shield_2E14L6470_SetParamE14eL6470_RegId_tm
                0x08007b00       0x64 ./Core/Src/BlocMoteurs.o
                0x08007b00                L6470<shield_2>::L6470_SetParam(eL6470_RegId_t, unsigned long)
 .text._ZN5L6470I8shield_2E14L6470_GetParamE14eL6470_RegId_t
                0x08007b64       0x8c ./Core/Src/BlocMoteurs.o
                0x08007b64                L6470<shield_2>::L6470_GetParam(eL6470_RegId_t)
 .text._ZN5L6470I8shield_2E9L6470_RunE14eL6470_DirId_tm
                0x08007bf0       0x64 ./Core/Src/BlocMoteurs.o
                0x08007bf0                L6470<shield_2>::L6470_Run(eL6470_DirId_t, unsigned long)
 .text._ZN5L6470I8shield_2E15L6470_StepClockE14eL6470_DirId_t
                0x08007c54       0x60 ./Core/Src/BlocMoteurs.o
                0x08007c54                L6470<shield_2>::L6470_StepClock(eL6470_DirId_t)
 .text._ZN5L6470I8shield_2E10L6470_MoveE14eL6470_DirId_tm
                0x08007cb4       0x64 ./Core/Src/BlocMoteurs.o
                0x08007cb4                L6470<shield_2>::L6470_Move(eL6470_DirId_t, unsigned long)
 .text._ZN5L6470I8shield_2E10L6470_GoToEm
                0x08007d18       0x68 ./Core/Src/BlocMoteurs.o
                0x08007d18                L6470<shield_2>::L6470_GoTo(unsigned long)
 .text._ZN5L6470I8shield_2E13L6470_GoToDirE14eL6470_DirId_tm
                0x08007d80       0x6c ./Core/Src/BlocMoteurs.o
                0x08007d80                L6470<shield_2>::L6470_GoToDir(eL6470_DirId_t, unsigned long)
 .text._ZN5L6470I8shield_2E13L6470_GoUntilE14eL6470_ActId_t14eL6470_DirId_tm
                0x08007dec       0x68 ./Core/Src/BlocMoteurs.o
                0x08007dec                L6470<shield_2>::L6470_GoUntil(eL6470_ActId_t, eL6470_DirId_t, unsigned long)
 .text._ZN5L6470I8shield_2E15L6470_ReleaseSWE14eL6470_ActId_t14eL6470_DirId_t
                0x08007e54       0x68 ./Core/Src/BlocMoteurs.o
                0x08007e54                L6470<shield_2>::L6470_ReleaseSW(eL6470_ActId_t, eL6470_DirId_t)
 .text._ZN5L6470I8shield_2E12L6470_GoHomeEv
                0x08007ebc       0x5c ./Core/Src/BlocMoteurs.o
                0x08007ebc                L6470<shield_2>::L6470_GoHome()
 .text._ZN5L6470I8shield_2E12L6470_GoMarkEv
                0x08007f18       0x5c ./Core/Src/BlocMoteurs.o
                0x08007f18                L6470<shield_2>::L6470_GoMark()
 .text._ZN5L6470I8shield_2E14L6470_ResetPosEv
                0x08007f74       0x5c ./Core/Src/BlocMoteurs.o
                0x08007f74                L6470<shield_2>::L6470_ResetPos()
 .text._ZN5L6470I8shield_2E17L6470_ResetDeviceEv
                0x08007fd0       0x5c ./Core/Src/BlocMoteurs.o
                0x08007fd0                L6470<shield_2>::L6470_ResetDevice()
 .text._ZN5L6470I8shield_2E14L6470_SoftStopEv
                0x0800802c       0x5c ./Core/Src/BlocMoteurs.o
                0x0800802c                L6470<shield_2>::L6470_SoftStop()
 .text._ZN5L6470I8shield_2E14L6470_HardStopEv
                0x08008088       0x5c ./Core/Src/BlocMoteurs.o
                0x08008088                L6470<shield_2>::L6470_HardStop()
 .text._ZN5L6470I8shield_2E13L6470_SoftHiZEv
                0x080080e4       0x5c ./Core/Src/BlocMoteurs.o
                0x080080e4                L6470<shield_2>::L6470_SoftHiZ()
 .text._ZN5L6470I8shield_2E13L6470_HardHiZEv
                0x08008140       0x5c ./Core/Src/BlocMoteurs.o
                0x08008140                L6470<shield_2>::L6470_HardHiZ()
 .text._ZN5L6470I8shield_2E15L6470_GetStatusEv
                0x0800819c       0x74 ./Core/Src/BlocMoteurs.o
                0x0800819c                L6470<shield_2>::L6470_GetStatus()
 .text._ZN5L6470I8shield_2E21L6470_PrepareSetParamE14eL6470_RegId_tm
                0x08008210       0x38 ./Core/Src/BlocMoteurs.o
                0x08008210                L6470<shield_2>::L6470_PrepareSetParam(eL6470_RegId_t, unsigned long)
 .text._ZN5L6470I8shield_2E21L6470_PrepareGetParamE14eL6470_RegId_t
                0x08008248       0x34 ./Core/Src/BlocMoteurs.o
                0x08008248                L6470<shield_2>::L6470_PrepareGetParam(eL6470_RegId_t)
 .text._ZN5L6470I8shield_2E16L6470_PrepareRunE14eL6470_DirId_tm
                0x0800827c       0x38 ./Core/Src/BlocMoteurs.o
                0x0800827c                L6470<shield_2>::L6470_PrepareRun(eL6470_DirId_t, unsigned long)
 .text._ZN5L6470I8shield_2E22L6470_PrepareStepClockE14eL6470_DirId_t
                0x080082b4       0x34 ./Core/Src/BlocMoteurs.o
                0x080082b4                L6470<shield_2>::L6470_PrepareStepClock(eL6470_DirId_t)
 .text._ZN5L6470I8shield_2E17L6470_PrepareMoveE14eL6470_DirId_tm
                0x080082e8       0x38 ./Core/Src/BlocMoteurs.o
                0x080082e8                L6470<shield_2>::L6470_PrepareMove(eL6470_DirId_t, unsigned long)
 .text._ZN5L6470I8shield_2E17L6470_PrepareGoToEm
                0x08008320       0x34 ./Core/Src/BlocMoteurs.o
                0x08008320                L6470<shield_2>::L6470_PrepareGoTo(unsigned long)
 .text._ZN5L6470I8shield_2E20L6470_PrepareGoToDirE14eL6470_DirId_tm
                0x08008354       0x38 ./Core/Src/BlocMoteurs.o
                0x08008354                L6470<shield_2>::L6470_PrepareGoToDir(eL6470_DirId_t, unsigned long)
 .text._ZN5L6470I8shield_2E20L6470_PrepareGoUntilE14eL6470_ActId_t14eL6470_DirId_tm
                0x0800838c       0x3c ./Core/Src/BlocMoteurs.o
                0x0800838c                L6470<shield_2>::L6470_PrepareGoUntil(eL6470_ActId_t, eL6470_DirId_t, unsigned long)
 .text._ZN5L6470I8shield_2E22L6470_PrepareReleaseSWE14eL6470_ActId_t14eL6470_DirId_t
                0x080083c8       0x3c ./Core/Src/BlocMoteurs.o
                0x080083c8                L6470<shield_2>::L6470_PrepareReleaseSW(eL6470_ActId_t, eL6470_DirId_t)
 .text._ZN5L6470I8shield_2E19L6470_PrepareGoHomeEv
                0x08008404       0x30 ./Core/Src/BlocMoteurs.o
                0x08008404                L6470<shield_2>::L6470_PrepareGoHome()
 .text._ZN5L6470I8shield_2E19L6470_PrepareGoMarkEv
                0x08008434       0x30 ./Core/Src/BlocMoteurs.o
                0x08008434                L6470<shield_2>::L6470_PrepareGoMark()
 .text._ZN5L6470I8shield_2E21L6470_PrepareResetPosEv
                0x08008464       0x30 ./Core/Src/BlocMoteurs.o
                0x08008464                L6470<shield_2>::L6470_PrepareResetPos()
 .text._ZN5L6470I8shield_2E24L6470_PrepareResetDeviceEv
                0x08008494       0x30 ./Core/Src/BlocMoteurs.o
                0x08008494                L6470<shield_2>::L6470_PrepareResetDevice()
 .text._ZN5L6470I8shield_2E21L6470_PrepareSoftStopEv
                0x080084c4       0x30 ./Core/Src/BlocMoteurs.o
                0x080084c4                L6470<shield_2>::L6470_PrepareSoftStop()
 .text._ZN5L6470I8shield_2E21L6470_PrepareHardStopEv
                0x080084f4       0x30 ./Core/Src/BlocMoteurs.o
                0x080084f4                L6470<shield_2>::L6470_PrepareHardStop()
 .text._ZN5L6470I8shield_2E20L6470_PrepareSoftHiZEv
                0x08008524       0x30 ./Core/Src/BlocMoteurs.o
                0x08008524                L6470<shield_2>::L6470_PrepareSoftHiZ()
 .text._ZN5L6470I8shield_2E20L6470_PrepareHardHiZEv
                0x08008554       0x30 ./Core/Src/BlocMoteurs.o
                0x08008554                L6470<shield_2>::L6470_PrepareHardHiZ()
 .text._ZN5L6470I8shield_2E22L6470_PrepareGetStatusEv
                0x08008584       0x30 ./Core/Src/BlocMoteurs.o
                0x08008584                L6470<shield_2>::L6470_PrepareGetStatus()
 .text._ZN5L6470I8shield_2E39L6470_PerformPreparedApplicationCommandEv
                0x080085b4       0x44 ./Core/Src/BlocMoteurs.o
                0x080085b4                L6470<shield_2>::L6470_PerformPreparedApplicationCommand()
 .text._ZN5L6470I8shield_2E23L6470_DaisyChainCommandEPhS2_
                0x080085f8       0x70 ./Core/Src/BlocMoteurs.o
                0x080085f8                L6470<shield_2>::L6470_DaisyChainCommand(unsigned char*, unsigned char*)
 .text._ZN5L6470I8shield_2E25L6470_ExtractReturnedDataEPhh
                0x08008668       0x5a ./Core/Src/BlocMoteurs.o
                0x08008668                L6470<shield_2>::L6470_ExtractReturnedData(unsigned char*, unsigned char)
 *fill*         0x080086c2        0x2 
 .text._ZN5L6470I8shield_2E29L6470_CheckStatusRegisterFlagEh
                0x080086c4      0x170 ./Core/Src/BlocMoteurs.o
                0x080086c4                L6470<shield_2>::L6470_CheckStatusRegisterFlag(unsigned char)
 .text._ZN5L6470I8shield_2E21L6470_GetRegisterNameEh
                0x08008834       0x34 ./Core/Src/BlocMoteurs.o
                0x08008834                L6470<shield_2>::L6470_GetRegisterName(unsigned char)
 .text._ZN5L6470I8shield_2E20L6470_ResetAppCmdPkgEP18sL6470_AppCmdPkg_t
                0x08008868       0x5a ./Core/Src/BlocMoteurs.o
                0x08008868                L6470<shield_2>::L6470_ResetAppCmdPkg(sL6470_AppCmdPkg_t*)
 .text._ZN5L6470I8shield_2E19L6470_FillAppCmdPkgEP18sL6470_AppCmdPkg_t17eL6470_AppCmdId_tmmm
                0x080088c2       0x54 ./Core/Src/BlocMoteurs.o
                0x080088c2                L6470<shield_2>::L6470_FillAppCmdPkg(sL6470_AppCmdPkg_t*, eL6470_AppCmdId_t, unsigned long, unsigned long, unsigned long)
 *fill*         0x08008916        0x2 
 .text._ZN5L6470I8shield_2E22L6470_PrepareAppCmdPkgEP18sL6470_AppCmdPkg_t17eL6470_AppCmdId_tmmm
                0x08008918       0x58 ./Core/Src/BlocMoteurs.o
                0x08008918                L6470<shield_2>::L6470_PrepareAppCmdPkg(sL6470_AppCmdPkg_t*, eL6470_AppCmdId_t, unsigned long, unsigned long, unsigned long)
 .text._ZN5L6470I8shield_2E30L6470_PrepareDaisyChainCommandEP18sL6470_AppCmdPkg_tPh
                0x08008970      0x444 ./Core/Src/BlocMoteurs.o
                0x08008970                L6470<shield_2>::L6470_PrepareDaisyChainCommand(sL6470_AppCmdPkg_t*, unsigned char*)
 .text._ZN5L6470I8shield_2E11L6470_roundEf
                0x08008db4       0x9a ./Core/Src/BlocMoteurs.o
                0x08008db4                L6470<shield_2>::L6470_round(float)
 .text._ZN5L6470I8shield_2E4ReadEPht
                0x08008e4e       0x54 ./Core/Src/BlocMoteurs.o
                0x08008e4e                L6470<shield_2>::Read(unsigned char*, unsigned short)
 .text._ZN5L6470I8shield_2E5WriteEPht
                0x08008ea2       0x54 ./Core/Src/BlocMoteurs.o
                0x08008ea2                L6470<shield_2>::Write(unsigned char*, unsigned short)
 .text._ZN5L6470I8shield_2E9ReadWriteEPhS2_t
                0x08008ef6       0x6a ./Core/Src/BlocMoteurs.o
                0x08008ef6                L6470<shield_2>::ReadWrite(unsigned char*, unsigned char*, unsigned short)
 .text._ZN5L6470I8shield_2E23L6470_SPI_CommunicationEPhS2_tm
                0x08008f60       0x2a ./Core/Src/BlocMoteurs.o
                0x08008f60                L6470<shield_2>::L6470_SPI_Communication(unsigned char*, unsigned char*, unsigned short, unsigned long)
 .text._ZN5L6470I8shield_1E4initEPv
                0x08008f8a       0x24 ./Core/Src/BlocMoteurs.o
                0x08008f8a                L6470<shield_1>::init(void*)
 .text._ZN5L6470I8shield_1E10get_statusEv
                0x08008fae       0x20 ./Core/Src/BlocMoteurs.o
                0x08008fae                L6470<shield_1>::get_status()
 .text._ZN5L6470I8shield_1E13get_parameterEj
                0x08008fce       0x28 ./Core/Src/BlocMoteurs.o
                0x08008fce                L6470<shield_1>::get_parameter(unsigned int)
 .text._ZN5L6470I8shield_1E12get_positionEv
                0x08008ff6       0x34 ./Core/Src/BlocMoteurs.o
                0x08008ff6                L6470<shield_1>::get_position()
 .text._ZN5L6470I8shield_1E8get_markEv
                0x0800902a       0x34 ./Core/Src/BlocMoteurs.o
                0x0800902a                L6470<shield_1>::get_mark()
 .text._ZN5L6470I8shield_1E9get_speedEv
                0x0800905e       0x4a ./Core/Src/BlocMoteurs.o
                0x0800905e                L6470<shield_1>::get_speed()
 .text._ZN5L6470I8shield_1E13get_max_speedEv
                0x080090a8       0x4c ./Core/Src/BlocMoteurs.o
                0x080090a8                L6470<shield_1>::get_max_speed()
 .text._ZN5L6470I8shield_1E13get_min_speedEv
                0x080090f4       0x4c ./Core/Src/BlocMoteurs.o
                0x080090f4                L6470<shield_1>::get_min_speed()
 .text._ZN5L6470I8shield_1E16get_accelerationEv
                0x08009140       0x4c ./Core/Src/BlocMoteurs.o
                0x08009140                L6470<shield_1>::get_acceleration()
 .text._ZN5L6470I8shield_1E16get_decelerationEv
                0x0800918c       0x4c ./Core/Src/BlocMoteurs.o
                0x0800918c                L6470<shield_1>::get_deceleration()
 .text._ZN5L6470I8shield_1E13get_directionEv
                0x080091d8       0x2c ./Core/Src/BlocMoteurs.o
                0x080091d8                L6470<shield_1>::get_direction()
 .text._ZN5L6470I8shield_1E13set_parameterEjj
                0x08009204       0x28 ./Core/Src/BlocMoteurs.o
                0x08009204                L6470<shield_1>::set_parameter(unsigned int, unsigned int)
 .text._ZN5L6470I8shield_1E8set_homeEv
                0x0800922c       0x1e ./Core/Src/BlocMoteurs.o
                0x0800922c                L6470<shield_1>::set_home()
 .text._ZN5L6470I8shield_1E8set_markEv
                0x0800924a       0x34 ./Core/Src/BlocMoteurs.o
                0x0800924a                L6470<shield_1>::set_mark()
 .text._ZN5L6470I8shield_1E8set_markEi
                0x0800927e       0x36 ./Core/Src/BlocMoteurs.o
                0x0800927e                L6470<shield_1>::set_mark(int)
 .text._ZN5L6470I8shield_1E13set_max_speedEj
                0x080092b4       0x44 ./Core/Src/BlocMoteurs.o
                0x080092b4                L6470<shield_1>::set_max_speed(unsigned int)
 .text._ZN5L6470I8shield_1E13set_min_speedEj
                0x080092f8       0x44 ./Core/Src/BlocMoteurs.o
                0x080092f8                L6470<shield_1>::set_min_speed(unsigned int)
 .text._ZN5L6470I8shield_1E16set_accelerationEj
                0x0800933c       0x44 ./Core/Src/BlocMoteurs.o
                0x0800933c                L6470<shield_1>::set_acceleration(unsigned int)
 .text._ZN5L6470I8shield_1E16set_decelerationEj
                0x08009380       0x44 ./Core/Src/BlocMoteurs.o
                0x08009380                L6470<shield_1>::set_deceleration(unsigned int)
 .text._ZN5L6470I8shield_1E13set_step_modeEN12StepperMotor11step_mode_tE
                0x080093c4       0x3e ./Core/Src/BlocMoteurs.o
                0x080093c4                L6470<shield_1>::set_step_mode(StepperMotor::step_mode_t)
 .text._ZN5L6470I8shield_1E5go_toEi
                0x08009402       0x34 ./Core/Src/BlocMoteurs.o
                0x08009402                L6470<shield_1>::go_to(int)
 .text._ZN5L6470I8shield_1E5go_toEiN12StepperMotor11direction_tE
                0x08009436       0x46 ./Core/Src/BlocMoteurs.o
                0x08009436                L6470<shield_1>::go_to(int, StepperMotor::direction_t)
 .text._ZN5L6470I8shield_1E7go_homeEv
                0x0800947c       0x1e ./Core/Src/BlocMoteurs.o
                0x0800947c                L6470<shield_1>::go_home()
 .text._ZN5L6470I8shield_1E7go_markEv
                0x0800949a       0x1e ./Core/Src/BlocMoteurs.o
                0x0800949a                L6470<shield_1>::go_mark()
 .text._ZN5L6470I8shield_1E8go_untilE14eL6470_ActId_tN12StepperMotor11direction_tEj
                0x080094b8       0x56 ./Core/Src/BlocMoteurs.o
                0x080094b8                L6470<shield_1>::go_until(eL6470_ActId_t, StepperMotor::direction_t, unsigned int)
 .text._ZN5L6470I8shield_1E3runEN12StepperMotor11direction_tE
                0x0800950e       0x44 ./Core/Src/BlocMoteurs.o
                0x0800950e                L6470<shield_1>::run(StepperMotor::direction_t)
 .text._ZN5L6470I8shield_1E3runEN12StepperMotor11direction_tEj
                0x08009552       0x52 ./Core/Src/BlocMoteurs.o
                0x08009552                L6470<shield_1>::run(StepperMotor::direction_t, unsigned int)
 .text._ZN5L6470I8shield_1E4moveEN12StepperMotor11direction_tEj
                0x080095a4       0x32 ./Core/Src/BlocMoteurs.o
                0x080095a4                L6470<shield_1>::move(StepperMotor::direction_t, unsigned int)
 .text._ZN5L6470I8shield_1E9soft_stopEv
                0x080095d6       0x1e ./Core/Src/BlocMoteurs.o
                0x080095d6                L6470<shield_1>::soft_stop()
 .text._ZN5L6470I8shield_1E9hard_stopEv
                0x080095f4       0x1e ./Core/Src/BlocMoteurs.o
                0x080095f4                L6470<shield_1>::hard_stop()
 .text._ZN5L6470I8shield_1E8soft_hizEv
                0x08009612       0x1e ./Core/Src/BlocMoteurs.o
                0x08009612                L6470<shield_1>::soft_hiz()
 .text._ZN5L6470I8shield_1E8hard_hizEv
                0x08009630       0x1e ./Core/Src/BlocMoteurs.o
                0x08009630                L6470<shield_1>::hard_hiz()
 .text._ZN5L6470I8shield_1E17wait_while_activeEv
                0x0800964e       0x34 ./Core/Src/BlocMoteurs.o
                0x0800964e                L6470<shield_1>::wait_while_active()
 .text._ZN5L6470I8shield_1E10step_clockEN12StepperMotor11direction_tE
                0x08009682       0x3c ./Core/Src/BlocMoteurs.o
                0x08009682                L6470<shield_1>::step_clock(StepperMotor::direction_t)
 .text._ZN5L6470I8shield_1E10release_swE14eL6470_ActId_tN12StepperMotor11direction_tE
                0x080096be       0x34 ./Core/Src/BlocMoteurs.o
                0x080096be                L6470<shield_1>::release_sw(eL6470_ActId_t, StepperMotor::direction_t)
 .text._ZN5L6470I8shield_1E12reset_deviceEv
                0x080096f2       0x1e ./Core/Src/BlocMoteurs.o
                0x080096f2                L6470<shield_1>::reset_device()
 .text._ZN5L6470I8shield_1E18prepare_get_statusEv
                0x08009710       0x26 ./Core/Src/BlocMoteurs.o
                0x08009710                L6470<shield_1>::prepare_get_status()
 .text._ZN5L6470I8shield_1E21prepare_get_parameterEj
                0x08009736       0x2e ./Core/Src/BlocMoteurs.o
                0x08009736                L6470<shield_1>::prepare_get_parameter(unsigned int)
 .text._ZN5L6470I8shield_1E20prepare_get_positionEv
                0x08009764       0x28 ./Core/Src/BlocMoteurs.o
                0x08009764                L6470<shield_1>::prepare_get_position()
 .text._ZN5L6470I8shield_1E16prepare_get_markEv
                0x0800978c       0x28 ./Core/Src/BlocMoteurs.o
                0x0800978c                L6470<shield_1>::prepare_get_mark()
 .text._ZN5L6470I8shield_1E17prepare_get_speedEv
                0x080097b4       0x28 ./Core/Src/BlocMoteurs.o
                0x080097b4                L6470<shield_1>::prepare_get_speed()
 .text._ZN5L6470I8shield_1E21prepare_get_max_speedEv
                0x080097dc       0x28 ./Core/Src/BlocMoteurs.o
                0x080097dc                L6470<shield_1>::prepare_get_max_speed()
 .text._ZN5L6470I8shield_1E21prepare_get_min_speedEv
                0x08009804       0x28 ./Core/Src/BlocMoteurs.o
                0x08009804                L6470<shield_1>::prepare_get_min_speed()
 .text._ZN5L6470I8shield_1E24prepare_get_accelerationEv
                0x0800982c       0x28 ./Core/Src/BlocMoteurs.o
                0x0800982c                L6470<shield_1>::prepare_get_acceleration()
 .text._ZN5L6470I8shield_1E24prepare_get_decelerationEv
                0x08009854       0x28 ./Core/Src/BlocMoteurs.o
                0x08009854                L6470<shield_1>::prepare_get_deceleration()
 .text._ZN5L6470I8shield_1E21prepare_get_directionEv
                0x0800987c       0x40 ./Core/Src/BlocMoteurs.o
                0x0800987c                L6470<shield_1>::prepare_get_direction()
 .text._ZN5L6470I8shield_1E21prepare_set_parameterEjj
                0x080098bc       0x30 ./Core/Src/BlocMoteurs.o
                0x080098bc                L6470<shield_1>::prepare_set_parameter(unsigned int, unsigned int)
 .text._ZN5L6470I8shield_1E16prepare_set_homeEv
                0x080098ec       0x26 ./Core/Src/BlocMoteurs.o
                0x080098ec                L6470<shield_1>::prepare_set_home()
 .text._ZN5L6470I8shield_1E16prepare_set_markEv