Archive member included to satisfy reference by file (symbol)

C:/Program Files/ST/STM32CubeIDE_1.16.0/STM32CubeIDE/plugins/com.st.stm32cube.ide.mcu.externaltools.gnu-tools-for-stm32.12.3.rel1.win32_1.0.200.202406191623/tools/bin/../lib/gcc/arm-none-eabi/12.3.1/../../../../arm-none-eabi/lib/thumb/v7e-m+fp/hard\libstdc++_nano.a(class_type_info.o)
                              ./Core/Src/abstractL6470.o (vtable for __cxxabiv1::__class_type_info)
C:/Program Files/ST/STM32CubeIDE_1.16.0/STM32CubeIDE/plugins/com.st.stm32cube.ide.mcu.externaltools.gnu-tools-for-stm32.12.3.rel1.win32_1.0.200.202406191623/tools/bin/../lib/gcc/arm-none-eabi/12.3.1/../../../../arm-none-eabi/lib/thumb/v7e-m+fp/hard\libstdc++_nano.a(del_ops.o)
                              ./Core/Src/BlocMoteurs.o (operator delete(void*, unsigned int))
C:/Program Files/ST/STM32CubeIDE_1.16.0/STM32CubeIDE/plugins/com.st.stm32cube.ide.mcu.externaltools.gnu-tools-for-stm32.12.3.rel1.win32_1.0.200.202406191623/tools/bin/../lib/gcc/arm-none-eabi/12.3.1/../../../../arm-none-eabi/lib/thumb/v7e-m+fp/hard\libstdc++_nano.a(del_opv.o)
                              ./Core/Src/BlocMoteurs.o (operator delete[](void*))
C:/Program Files/ST/STM32CubeIDE_1.16.0/STM32CubeIDE/plugins/com.st.stm32cube.ide.mcu.externaltools.gnu-tools-for-stm32.12.3.rel1.win32_1.0.200.202406191623/tools/bin/../lib/gcc/arm-none-eabi/12.3.1/../../../../arm-none-eabi/lib/thumb/v7e-m+fp/hard\libstdc++_nano.a(eh_arm.o)
                              ./Core/Src/BlocMoteurs.o (__cxa_end_cleanup)
C:/Program Files/ST/STM32CubeIDE_1.16.0/STM32CubeIDE/plugins/com.st.stm32cube.ide.mcu.externaltools.gnu-tools-for-stm32.12.3.rel1.win32_1.0.200.202406191623/tools/bin/../lib/gcc/arm-none-eabi/12.3.1/../../../../arm-none-eabi/lib/thumb/v7e-m+fp/hard\libstdc++_nano.a(eh_exception.o)
                              C:/Program Files/ST/STM32CubeIDE_1.16.0/STM32CubeIDE/plugins/com.st.stm32cube.ide.mcu.externaltools.gnu-tools-for-stm32.12.3.rel1.win32_1.0.200.202406191623/tools/bin/../lib/gcc/arm-none-eabi/12.3.1/../../../../arm-none-eabi/lib/thumb/v7e-m+fp/hard\libstdc++_nano.a(eh_arm.o) (typeinfo for __cxxabiv1::__forced_unwind)
C:/Program Files/ST/STM32CubeIDE_1.16.0/STM32CubeIDE/plugins/com.st.stm32cube.ide.mcu.externaltools.gnu-tools-for-stm32.12.3.rel1.win32_1.0.200.202406191623/tools/bin/../lib/gcc/arm-none-eabi/12.3.1/../../../../arm-none-eabi/lib/thumb/v7e-m+fp/hard\libstdc++_nano.a(eh_globals.o)
                              C:/Program Files/ST/STM32CubeIDE_1.16.0/STM32CubeIDE/plugins/com.st.stm32cube.ide.mcu.externaltools.gnu-tools-for-stm32.12.3.rel1.win32_1.0.200.202406191623/tools/bin/../lib/gcc/arm-none-eabi/12.3.1/../../../../arm-none-eabi/lib/thumb/v7e-m+fp/hard\libstdc++_nano.a(eh_arm.o) (__cxa_get_globals)
C:/Program Files/ST/STM32CubeIDE_1.16.0/STM32CubeIDE/plugins/com.st.stm32cube.ide.mcu.externaltools.gnu-tools-for-stm32.12.3.rel1.win32_1.0.200.202406191623/tools/bin/../lib/gcc/arm-none-eabi/12.3.1/../../../../arm-none-eabi/lib/thumb/v7e-m+fp/hard\libstdc++_nano.a(eh_personality.o)
                              ./Core/Src/BlocMoteurs.o (__gxx_personality_v0)
C:/Program Files/ST/STM32CubeIDE_1.16.0/STM32CubeIDE/plugins/com.st.stm32cube.ide.mcu.externaltools.gnu-tools-for-stm32.12.3.rel1.win32_1.0.200.202406191623/tools/bin/../lib/gcc/arm-none-eabi/12.3.1/../../../../arm-none-eabi/lib/thumb/v7e-m+fp/hard\libstdc++_nano.a(eh_terminate.o)
                              C:/Program Files/ST/STM32CubeIDE_1.16.0/STM32CubeIDE/plugins/com.st.stm32cube.ide.mcu.externaltools.gnu-tools-for-stm32.12.3.rel1.win32_1.0.200.202406191623/tools/bin/../lib/gcc/arm-none-eabi/12.3.1/../../../../arm-none-eabi/lib/thumb/v7e-m+fp/hard\libstdc++_nano.a(eh_arm.o) (std::terminate())
C:/Program Files/ST/STM32CubeIDE_1.16.0/STM32CubeIDE/plugins/com.st.stm32cube.ide.mcu.externaltools.gnu-tools-for-stm32.12.3.rel1.win32_1.0.200.202406191623/tools/bin/../lib/gcc/arm-none-eabi/12.3.1/../../../../arm-none-eabi/lib/thumb/v7e-m+fp/hard\libstdc++_nano.a(eh_unex_handler.o)
                              C:/Program Files/ST/STM32CubeIDE_1.16.0/STM32CubeIDE/plugins/com.st.stm32cube.ide.mcu.externaltools.gnu-tools-for-stm32.12.3.rel1.win32_1.0.200.202406191623/tools/bin/../lib/gcc/arm-none-eabi/12.3.1/../../../../arm-none-eabi/lib/thumb/v7e-m+fp/hard\libstdc++_nano.a(eh_terminate.o) (__cxxabiv1::__unexpected_handler)
C:/Program Files/ST/STM32CubeIDE_1.16.0/STM32CubeIDE/plugins/com.st.stm32cube.ide.mcu.externaltools.gnu-tools-for-stm32.12.3.rel1.win32_1.0.200.202406191623/tools/bin/../lib/gcc/arm-none-eabi/12.3.1/../../../../arm-none-eabi/lib/thumb/v7e-m+fp/hard\libstdc++_nano.a(new_op.o)
                              ./Core/Src/BlocMoteurs.o (operator new(unsigned int))
[...]
Memory Configuration

Name             Origin             Length             Attributes
RAM              0x20000000         0x00020000         xrw
FLASH            0x08000000         0x00080000         xr
*default*        0x00000000         0xffffffff

Linker script and memory map

LOAD C:/Program Files/ST/STM32CubeIDE_1.16.0/STM32CubeIDE/plugins/com.st.stm32cube.ide.mcu.externaltools.gnu-tools-for-stm32.12.3.rel1.win32_1.0.200.202406191623/tools/bin/../lib/gcc/arm-none-eabi/12.3.1/thumb/v7e-m+fp/hard/crti.o
LOAD C:/Program Files/ST/STM32CubeIDE_1.16.0/STM32CubeIDE/plugins/com.st.stm32cube.ide.mcu.externaltools.gnu-tools-for-stm32.12.3.rel1.win32_1.0.200.202406191623/tools/bin/../lib/gcc/arm-none-eabi/12.3.1/thumb/v7e-m+fp/hard/crtbegin.o
LOAD C:/Program Files/ST/STM32CubeIDE_1.16.0/STM32CubeIDE/plugins/com.st.stm32cube.ide.mcu.externaltools.gnu-tools-for-stm32.12.3.rel1.win32_1.0.200.202406191623/tools/bin/../lib/gcc/arm-none-eabi/12.3.1/../../../../arm-none-eabi/lib/thumb/v7e-m+fp/hard/crt0.o
LOAD ./Core/Src/BlocMoteurs.o
LOAD ./Core/Src/abstractL6470.o
LOAD ./Core/Src/commandParser.o
LOAD ./Core/Src/main.o
LOAD ./Core/Src/stm32f4xx_hal_msp.o
LOAD ./Core/Src/stm32f4xx_it.o
LOAD ./Core/Src/syscalls.o
LOAD ./Core/Src/sysmem.o
LOAD ./Core/Src/system_stm32f4xx.o
LOAD ./Core/Startup/startup_stm32f446retx.o
LOAD ./Drivers/STM32F4xx_HAL_Driver/Src/stm32f4xx_hal.o
LOAD ./Drivers/STM32F4xx_HAL_Driver/Src/stm32f4xx_hal_cortex.o
LOAD ./Drivers/STM32F4xx_HAL_Driver/Src/stm32f4xx_hal_dma.o
LOAD ./Drivers/STM32F4xx_HAL_Driver/Src/stm32f4xx_hal_dma_ex.o
LOAD ./Drivers/STM32F4xx_HAL_Driver/Src/stm32f4xx_hal_exti.o
LOAD ./Drivers/STM32F4xx_HAL_Driver/Src/stm32f4xx_hal_flash.o
LOAD ./Drivers/STM32F4xx_HAL_Driver/Src/stm32f4xx_hal_flash_ex.o
LOAD ./Drivers/STM32F4xx_HAL_Driver/Src/stm32f4xx_hal_flash_ramfunc.o
LOAD ./Drivers/STM32F4xx_HAL_Driver/Src/stm32f4xx_hal_gpio.o
LOAD ./Drivers/STM32F4xx_HAL_Driver/Src/stm32f4xx_hal_pwr.o
LOAD ./Drivers/STM32F4xx_HAL_Driver/Src/stm32f4xx_hal_pwr_ex.o
LOAD ./Drivers/STM32F4xx_HAL_Driver/Src/stm32f4xx_hal_rcc.o
LOAD ./Drivers/STM32F4xx_HAL_Driver/Src/stm32f4xx_hal_rcc_ex.o
LOAD ./Drivers/STM32F4xx_HAL_Driver/Src/stm32f4xx_hal_spi.o
LOAD ./Drivers/STM32F4xx_HAL_Driver/Src/stm32f4xx_hal_tim.o
LOAD ./Drivers/STM32F4xx_HAL_Driver/Src/stm32f4xx_hal_tim_ex.o
LOAD ./Drivers/STM32F4xx_HAL_Driver/Src/stm32f4xx_hal_uart.o
START GROUP
LOAD C:/Program Files/ST/STM32CubeIDE_1.16.0/STM32CubeIDE/plugins/com.st.stm32cube.ide.mcu.externaltools.gnu-tools-for-stm32.12.3.rel1.win32_1.0.200.202406191623/tools/bin/../lib/gcc/arm-none-eabi/12.3.1/../../../../arm-none-eabi/lib/thumb/v7e-m+fp/hard\libstdc++_nano.a
LOAD C:/Program Files/ST/STM32CubeIDE_1.16.0/STM32CubeIDE/plugins/com.st.stm32cube.ide.mcu.externaltools.gnu-tools-for-stm32.12.3.rel1.win32_1.0.200.202406191623/tools/bin/../lib/gcc/arm-none-eabi/12.3.1/../../../../arm-none-eabi/lib/thumb/v7e-m+fp/hard\libsupc++_nano.a
END GROUP
LOAD C:/Program Files/ST/STM32CubeIDE_1.16.0/STM32CubeIDE/plugins/com.st.stm32cube.ide.mcu.externaltools.gnu-tools-for-stm32.12.3.rel1.win32_1.0.200.202406191623/tools/bin/../lib/gcc/arm-none-eabi/12.3.1/../../../../arm-none-eabi/lib/thumb/v7e-m+fp/hard\libstdc++_nano.a
LOAD C:/Program Files/ST/STM32CubeIDE_1.16.0/STM32CubeIDE/plugins/com.st.stm32cube.ide.mcu.externaltools.gnu-tools-for-stm32.12.3.rel1.win32_1.0.200.202406191623/tools/bin/../lib/gcc/arm-none-eabi/12.3.1/../../../../arm-none-eabi/lib/thumb/v7e-m+fp/hard\libm.a
LOAD C:/Program Files/ST/STM32CubeIDE_1.16.0/STM32CubeIDE/plugins/com.st.stm32cube.ide.mcu.externaltools.gnu-tools-for-stm32.12.3.rel1.win32_1.0.200.202406191623/tools/bin/../lib/gcc/arm-none-eabi/12.3.1/../../../../arm-none-eabi/lib/thumb/v7e-m+fp/hard\libc_nano.a
START GROUP
LOAD C:/Program Files/ST/STM32CubeIDE_1.16.0/STM32CubeIDE/plugins/com.st.stm32cube.ide.mcu.externaltools.gnu-tools-for-stm32.12.3.rel1.win32_1.0.200.202406191623/tools/bin/../lib/gcc/arm-none-eabi/12.3.1/thumb/v7e-m+fp/hard\libgcc.a
LOAD C:/Program Files/ST/STM32CubeIDE_1.16.0/STM32CubeIDE/plugins/com.st.stm32cube.ide.mcu.externaltools.gnu-tools-for-stm32.12.3.rel1.win32_1.0.200.202406191623/tools/bin/../lib/gcc/arm-none-eabi/12.3.1/../../../../arm-none-eabi/lib/thumb/v7e-m+fp/hard\libc_nano.a
END GROUP
START GROUP
LOAD C:/Program Files/ST/STM32CubeIDE_1.16.0/STM32CubeIDE/plugins/com.st.stm32cube.ide.mcu.externaltools.gnu-tools-for-stm32.12.3.rel1.win32_1.0.200.202406191623/tools/bin/../lib/gcc/arm-none-eabi/12.3.1/thumb/v7e-m+fp/hard\libgcc.a
LOAD C:/Program Files/ST/STM32CubeIDE_1.16.0/STM32CubeIDE/plugins/com.st.stm32cube.ide.mcu.externaltools.gnu-tools-for-stm32.12.3.rel1.win32_1.0.200.202406191623/tools/bin/../lib/gcc/arm-none-eabi/12.3.1/../../../../arm-none-eabi/lib/thumb/v7e-m+fp/hard\libc_nano.a
END GROUP
LOAD C:/Program Files/ST/STM32CubeIDE_1.16.0/STM32CubeIDE/plugins/com.st.stm32cube.ide.mcu.externaltools.gnu-tools-for-stm32.12.3.rel1.win32_1.0.200.202406191623/tools/bin/../lib/gcc/arm-none-eabi/12.3.1/thumb/v7e-m+fp/hard/crtend.o
LOAD C:/Program Files/ST/STM32CubeIDE_1.16.0/STM32CubeIDE/plugins/com.st.stm32cube.ide.mcu.externaltools.gnu-tools-for-stm32.12.3.rel1.win32_1.0.200.202406191623/tools/bin/../lib/gcc/arm-none-eabi/12.3.1/thumb/v7e-m+fp/hard/crtn.o
                0x20020000                        _estack = (ORIGIN (RAM) + LENGTH (RAM))
                0x00000200                        _Min_Heap_Size = 0x200
                0x00000400                        _Min_Stack_Size = 0x400

.isr_vector     0x08000000      0x1c4
                0x08000000                        . = ALIGN (0x4)
 *(.isr_vector)
 .isr_vector    0x08000000      0x1c4 ./Core/Startup/startup_stm32f446retx.o
                0x08000000                g_pfnVectors
                0x080001c4                        . = ALIGN (0x4)

.text           0x080001d0    0x15fe8
                0x080001d0                        . = ALIGN (0x4)
 *(.text)
 .text          0x080001d0       0x40 C:/Program Files/ST/STM32CubeIDE_1.16.0/STM32CubeIDE/plugins/com.st.stm32cube.ide.mcu.externaltools.gnu-tools-for-stm32.12.3.rel1.win32_1.0.200.202406191623/tools/bin/../lib/gcc/arm-none-eabi/12.3.1/thumb/v7e-m+fp/hard/crtbegin.o
 .text          0x08000210       0x14 C:/Program Files/ST/STM32CubeIDE_1.16.0/STM32CubeIDE/plugins/com.st.stm32cube.ide.mcu.externaltools.gnu-tools-for-stm32.12.3.rel1.win32_1.0.200.202406191623/tools/bin/../lib/gcc/arm-none-eabi/12.3.1/../../../../arm-none-eabi/lib/thumb/v7e-m+fp/hard\libc_nano.a(libc_a-strcmp.o)
                0x08000210                strcmp
 *fill*         0x08000224        0xc 
 .text          0x08000230       0xa0 C:/Program Files/ST/STM32CubeIDE_1.16.0/STM32CubeIDE/plugins/com.st.stm32cube.ide.mcu.externaltools.gnu-tools-for-stm32.12.3.rel1.win32_1.0.200.202406191623/tools/bin/../lib/gcc/arm-none-eabi/12.3.1/../../../../arm-none-eabi/lib/thumb/v7e-m+fp/hard\libc_nano.a(libc_a-memchr.o)
                0x08000230                memchr
 .text          0x080002d0       0x10 C:/Program Files/ST/STM32CubeIDE_1.16.0/STM32CubeIDE/plugins/com.st.stm32cube.ide.mcu.externaltools.gnu-tools-for-stm32.12.3.rel1.win32_1.0.200.202406191623/tools/bin/../lib/gcc/arm-none-eabi/12.3.1/../../../../arm-none-eabi/lib/thumb/v7e-m+fp/hard\libc_nano.a(libc_a-strlen.o)
                0x080002d0                strlen
 .text          0x080002e0      0x378 C:/Program Files/ST/STM32CubeIDE_1.16.0/STM32CubeIDE/plugins/com.st.stm32cube.ide.mcu.externaltools.gnu-tools-for-stm32.12.3.rel1.win32_1.0.200.202406191623/tools/bin/../lib/gcc/arm-none-eabi/12.3.1/thumb/v7e-m+fp/hard\libgcc.a(_arm_addsubdf3.o)
                0x080002e0                __aeabi_drsub
                0x080002e8                __aeabi_dsub
                0x080002e8                __subdf3
                0x080002ec                __aeabi_dadd
                0x080002ec                __adddf3
                0x08000564                __floatunsidf
                0x08000564                __aeabi_ui2d
                0x08000584                __floatsidf
                0x08000584                __aeabi_i2d
                0x080005a8                __aeabi_f2d
                0x080005a8                __extendsfdf2
                0x080005ec                __floatundidf
                0x080005ec                __aeabi_ul2d
                0x080005fc                __floatdidf
                0x080005fc                __aeabi_l2d
 .text          0x08000658      0x424 C:/Program Files/ST/STM32CubeIDE_1.16.0/STM32CubeIDE/plugins/com.st.stm32cube.ide.mcu.externaltools.gnu-tools-for-stm32.12.3.rel1.win32_1.0.200.202406191623/tools/bin/../lib/gcc/arm-none-eabi/12.3.1/thumb/v7e-m+fp/hard\libgcc.a(_arm_muldivdf3.o)
                0x08000658                __aeabi_dmul
                0x08000658                __muldf3
                0x080008ac                __divdf3
                0x080008ac                __aeabi_ddiv
 .text          0x08000a7c      0x110 C:/Program Files/ST/STM32CubeIDE_1.16.0/STM32CubeIDE/plugins/com.st.stm32cube.ide.mcu.externaltools.gnu-tools-for-stm32.12.3.rel1.win32_1.0.200.202406191623/tools/bin/../lib/gcc/arm-none-eabi/12.3.1/thumb/v7e-m+fp/hard\libgcc.a(_arm_cmpdf2.o)
                0x08000a7c                __gtdf2
                0x08000a7c                __gedf2
                0x08000a84                __ltdf2
                0x08000a84                __ledf2
                0x08000a8c                __nedf2
                0x08000a8c                __eqdf2
                0x08000a8c                __cmpdf2
                0x08000b08                __aeabi_cdrcmple
                0x08000b18                __aeabi_cdcmpeq
                0x08000b18                __aeabi_cdcmple
                0x08000b28                __aeabi_dcmpeq
                0x08000b3c                __aeabi_dcmplt
                0x08000b50                __aeabi_dcmple
                0x08000b64                __aeabi_dcmpge
                0x08000b78                __aeabi_dcmpgt
 .text          0x08000b8c       0x2c C:/Program Files/ST/STM32CubeIDE_1.16.0/STM32CubeIDE/plugins/com.st.stm32cube.ide.mcu.externaltools.gnu-tools-for-stm32.12.3.rel1.win32_1.0.200.202406191623/tools/bin/../lib/gcc/arm-none-eabi/12.3.1/thumb/v7e-m+fp/hard\libgcc.a(_arm_unorddf2.o)
                0x08000b8c                __unorddf2
                0x08000b8c                __aeabi_dcmpun
 .text          0x08000bb8       0x50 C:/Program Files/ST/STM32CubeIDE_1.16.0/STM32CubeIDE/plugins/com.st.stm32cube.ide.mcu.externaltools.gnu-tools-for-stm32.12.3.rel1.win32_1.0.200.202406191623/tools/bin/../lib/gcc/arm-none-eabi/12.3.1/thumb/v7e-m+fp/hard\libgcc.a(_arm_fixdfsi.o)
                0x08000bb8                __aeabi_d2iz
                0x08000bb8                __fixdfsi
 .text          0x08000c08       0xa0 C:/Program Files/ST/STM32CubeIDE_1.16.0/STM32CubeIDE/plugins/com.st.stm32cube.ide.mcu.externaltools.gnu-tools-for-stm32.12.3.rel1.win32_1.0.200.202406191623/tools/bin/../lib/gcc/arm-none-eabi/12.3.1/thumb/v7e-m+fp/hard\libgcc.a(_arm_truncdfsf2.o)
                0x08000c08                __truncdfsf2
                0x08000c08                __aeabi_d2f
 .text          0x08000ca8       0x30 C:/Program Files/ST/STM32CubeIDE_1.16.0/STM32CubeIDE/plugins/com.st.stm32cube.ide.mcu.externaltools.gnu-tools-for-stm32.12.3.rel1.win32_1.0.200.202406191623/tools/bin/../lib/gcc/arm-none-eabi/12.3.1/thumb/v7e-m+fp/hard\libgcc.a(_aeabi_uldivmod.o)
                0x08000ca8                __aeabi_uldivmod
 .text          0x08000cd8      0x2bc C:/Program Files/ST/STM32CubeIDE_1.16.0/STM32CubeIDE/plugins/com.st.stm32cube.ide.mcu.externaltools.gnu-tools-for-stm32.12.3.rel1.win32_1.0.200.202406191623/tools/bin/../lib/gcc/arm-none-eabi/12.3.1/thumb/v7e-m+fp/hard\libgcc.a(_udivmoddi4.o)
                0x08000cd8                __udivmoddi4
 .text          0x08000f94      0x9f4 C:/Program Files/ST/STM32CubeIDE_1.16.0/STM32CubeIDE/plugins/com.st.stm32cube.ide.mcu.externaltools.gnu-tools-for-stm32.12.3.rel1.win32_1.0.200.202406191623/tools/bin/../lib/gcc/arm-none-eabi/12.3.1/thumb/v7e-m+fp/hard\libgcc.a(unwind-arm.o)
                0x08001244                _Unwind_GetCFA
                0x08001248                __gnu_Unwind_RaiseException
                0x080012b0                __gnu_Unwind_ForcedUnwind
                0x080012c0                __gnu_Unwind_Resume
                0x08001304                __gnu_Unwind_Resume_or_Rethrow
                0x08001314                _Unwind_Complete
                0x08001318                _Unwind_DeleteException
                0x08001324                _Unwind_VRS_Get
                0x08001370                _Unwind_VRS_Set
                0x080013b8                __gnu_Unwind_Backtrace
                0x080016d4                __aeabi_unwind_cpp_pr0
                0x080016d8                __aeabi_unwind_cpp_pr1
                0x080016dc                __aeabi_unwind_cpp_pr2
                0x080016e0                _Unwind_VRS_Pop
 .text          0x08001988      0x1ac C:/Program Files/ST/STM32CubeIDE_1.16.0/STM32CubeIDE/plugins/com.st.stm32cube.ide.mcu.externaltools.gnu-tools-for-stm32.12.3.rel1.win32_1.0.200.202406191623/tools/bin/../lib/gcc/arm-none-eabi/12.3.1/thumb/v7e-m+fp/hard\libgcc.a(libunwind.o)
                0x08001988                __restore_core_regs
                0x08001988                restore_core_regs
                0x080019a0                __gnu_Unwind_Restore_VFP
                0x080019a8                __gnu_Unwind_Save_VFP
                0x080019b0                __gnu_Unwind_Restore_VFP_D
                0x080019b8                __gnu_Unwind_Save_VFP_D
                0x080019c0                __gnu_Unwind_Restore_VFP_D_16_to_31
                0x080019c8                __gnu_Unwind_Save_VFP_D_16_to_31
                0x080019d0                __gnu_Unwind_Restore_WMMXD
                0x08001a14                __gnu_Unwind_Save_WMMXD
                0x08001a58                __gnu_Unwind_Restore_WMMXC
                0x08001a6c                __gnu_Unwind_Save_WMMXC
                0x08001a80                ___Unwind_RaiseException
                0x08001a80                _Unwind_RaiseException
                0x08001aa4                _Unwind_Resume
                0x08001aa4                ___Unwind_Resume
                0x08001ac8                _Unwind_Resume_or_Rethrow
                0x08001ac8                ___Unwind_Resume_or_Rethrow
                0x08001aec                _Unwind_ForcedUnwind
                0x08001aec                ___Unwind_ForcedUnwind
                0x08001b10                ___Unwind_Backtrace
                0x08001b10                _Unwind_Backtrace
 .text          0x08001b34      0x378 C:/Program Files/ST/STM32CubeIDE_1.16.0/STM32CubeIDE/plugins/com.st.stm32cube.ide.mcu.externaltools.gnu-tools-for-stm32.12.3.rel1.win32_1.0.200.202406191623/tools/bin/../lib/gcc/arm-none-eabi/12.3.1/thumb/v7e-m+fp/hard\libgcc.a(pr-support.o)
                0x08001b8c                __gnu_unwind_execute
                0x08001e60                __gnu_unwind_frame
                0x08001e8c                _Unwind_GetRegionStart
                0x08001e98                _Unwind_GetLanguageSpecificData
 .text          0x08001eac        0x4 C:/Program Files/ST/STM32CubeIDE_1.16.0/STM32CubeIDE/plugins/com.st.stm32cube.ide.mcu.externaltools.gnu-tools-for-stm32.12.3.rel1.win32_1.0.200.202406191623/tools/bin/../lib/gcc/arm-none-eabi/12.3.1/thumb/v7e-m+fp/hard\libgcc.a(_dvmd_tls.o)
                0x08001eac                __aeabi_idiv0
                0x08001eac                __aeabi_ldiv0
 *(.text*)
 .text._ZN14XNucleoIHM02A1C2EP12L6470_init_tS1_P19__SPI_HandleTypeDefP12GPIO_TypeDeftS5_t
                0x08001eb0      0x188 ./Core/Src/BlocMoteurs.o
                0x08001eb0                XNucleoIHM02A1::XNucleoIHM02A1(L6470_init_t*, L6470_init_t*, __SPI_HandleTypeDef*, GPIO_TypeDef*, unsigned short, GPIO_TypeDef*, unsigned short)
                0x08001eb0                XNucleoIHM02A1::XNucleoIHM02A1(L6470_init_t*, L6470_init_t*, __SPI_HandleTypeDef*, GPIO_TypeDef*, unsigned short, GPIO_TypeDef*, unsigned short)
 .text._ZNK14XNucleoIHM02A14initEv
                0x08002038       0x44 ./Core/Src/BlocMoteurs.o
                0x08002038                XNucleoIHM02A1::init() const
 .text._ZNK14XNucleoIHM02A117get_motor_driversEv
                0x0800207c       0x18 ./Core/Src/BlocMoteurs.o
                0x0800207c                XNucleoIHM02A1::get_motor_drivers() const
 .text._ZN14XNucleoIHM02A124perform_prepared_actionsEv
                0x08002094      0x102 ./Core/Src/BlocMoteurs.o
                0x08002094                XNucleoIHM02A1::perform_prepared_actions()
 .text._ZNK14XNucleoIHM02A122init_all_motor_driversEv
                0x08002196       0x64 ./Core/Src/BlocMoteurs.o
                0x08002196                XNucleoIHM02A1::init_all_motor_drivers() const
 *fill*         0x080021fa        0x2 
 .text._ZN11BlocMoteursC2EP19__SPI_HandleTypeDefP12GPIO_TypeDeftS3_tS3_tS3_t
                0x080021fc      0x148 ./Core/Src/BlocMoteurs.o
                0x080021fc                BlocMoteurs::BlocMoteurs(__SPI_HandleTypeDef*, GPIO_TypeDef*, unsigned short, GPIO_TypeDef*, unsigned short, GPIO_TypeDef*, unsigned short, GPIO_TypeDef*, unsigned short)
                0x080021fc                BlocMoteurs::BlocMoteurs(__SPI_HandleTypeDef*, GPIO_TypeDef*, unsigned short, GPIO_TypeDef*, unsigned short, GPIO_TypeDef*, unsigned short, GPIO_TypeDef*, unsigned short)
 .text._ZN11BlocMoteurs11rad_to_stepEf
                0x08002344       0x30 ./Core/Src/BlocMoteurs.o
                0x08002344                BlocMoteurs::rad_to_step(float)
 .text._ZN11BlocMoteurs29commande_vitesses_normaliseesEffff
                0x08002374      0x254 ./Core/Src/BlocMoteurs.o
                0x08002374                BlocMoteurs::commande_vitesses_normalisees(float, float, float, float)
 .text._ZN11BlocMoteurs18set_vitesse_moteurEjN12StepperMotor11direction_tE11_id_moteurs
                0x080025c8       0x76 ./Core/Src/BlocMoteurs.o
                0x080025c8                BlocMoteurs::set_vitesse_moteur(unsigned int, StepperMotor::direction_t, _id_moteurs)
 .text._ZN11BlocMoteurs26commande_vitesses_absoluesEffff
                0x0800263e       0xb6 ./Core/Src/BlocMoteurs.o
                0x0800263e                BlocMoteurs::commande_vitesses_absolues(float, float, float, float)
 .text._ZN11BlocMoteurs9motors_onEv
                0x080026f4       0x1a ./Core/Src/BlocMoteurs.o
                0x080026f4                BlocMoteurs::motors_on()
 .text._ZN11BlocMoteurs16motors_stop_hardEv
                0x0800270e       0x60 ./Core/Src/BlocMoteurs.o
                0x0800270e                BlocMoteurs::motors_stop_hard()
 .text._ZSt3powIiiEN9__gnu_cxx11__promote_2IT_T0_NS0_9__promoteIS2_XsrSt12__is_integerIS2_E7__valueEE6__typeENS4_IS3_XsrS5_IS3_E7__valueEE6__typeEE6__typeES2_S3_
                0x0800276e       0x40 ./Core/Src/BlocMoteurs.o
                0x0800276e                __gnu_cxx::__promote_2<int, int, __gnu_cxx::__promote<int, std::__is_integer<int>::__value>::__type, __gnu_cxx::__promote<int, std::__is_integer<int>::__value>::__type>::__type std::pow<int, int>(int, int)
 *fill*         0x080027ae        0x2 
 .text._ZN11BlocMoteurs17mesure_pas_ecouleEv
                0x080027b0      0x1dc ./Core/Src/BlocMoteurs.o
                0x080027b0                BlocMoteurs::mesure_pas_ecoule()
 .text._ZN11BlocMoteurs22set_microstepping_modeEN12StepperMotor11step_mode_tE
                0x0800298c       0x80 ./Core/Src/BlocMoteurs.o
                0x0800298c                BlocMoteurs::set_microstepping_mode(StepperMotor::step_mode_t)
 .text._ZN5L6470I8shield_1EC2EP12GPIO_TypeDeftS3_tP19__SPI_HandleTypeDef
                0x08002a0c       0xe4 ./Core/Src/BlocMoteurs.o
                0x08002a0c                L6470<shield_1>::L6470(GPIO_TypeDef*, unsigned short, GPIO_TypeDef*, unsigned short, __SPI_HandleTypeDef*)
                0x08002a0c                L6470<shield_1>::L6470(GPIO_TypeDef*, unsigned short, GPIO_TypeDef*, unsigned short, __SPI_HandleTypeDef*)
 .text._ZN5L6470I8shield_2EC2EP12GPIO_TypeDeftS3_tP19__SPI_HandleTypeDef
                0x08002af0       0xe4 ./Core/Src/BlocMoteurs.o
                0x08002af0                L6470<shield_2>::L6470(GPIO_TypeDef*, unsigned short, GPIO_TypeDef*, unsigned short, __SPI_HandleTypeDef*)
                0x08002af0                L6470<shield_2>::L6470(GPIO_TypeDef*, unsigned short, GPIO_TypeDef*, unsigned short, __SPI_HandleTypeDef*)
 .text._ZN5L6470I8shield_3EC2EP12GPIO_TypeDeftS3_tP19__SPI_HandleTypeDef
                0x08002bd4       0xe4 ./Core/Src/BlocMoteurs.o
                0x08002bd4                L6470<shield_3>::L6470(GPIO_TypeDef*, unsigned short, GPIO_TypeDef*, unsigned short, __SPI_HandleTypeDef*)
                0x08002bd4                L6470<shield_3>::L6470(GPIO_TypeDef*, unsigned short, GPIO_TypeDef*, unsigned short, __SPI_HandleTypeDef*)
 .text._ZSt3minIfERKT_S2_S2_
                0x08002cb8       0x32 ./Core/Src/BlocMoteurs.o
                0x08002cb8                float const& std::min<float>(float const&, float const&)
 .text._ZSt3maxIfERKT_S2_S2_
                0x08002cea       0x32 ./Core/Src/BlocMoteurs.o
                0x08002cea                float const& std::max<float>(float const&, float const&)
 .text._ZN5L6470I8shield_3ED2Ev
                0x08002d1c       0x24 ./Core/Src/BlocMoteurs.o
                0x08002d1c                L6470<shield_3>::~L6470()
                0x08002d1c                L6470<shield_3>::~L6470()
 .text._ZN5L6470I8shield_3ED0Ev
                0x08002d40       0x20 ./Core/Src/BlocMoteurs.o
                0x08002d40                L6470<shield_3>::~L6470()
 .text._ZN5L6470I8shield_2ED2Ev
                0x08002d60       0x24 ./Core/Src/BlocMoteurs.o
                0x08002d60                L6470<shield_2>::~L6470()
                0x08002d60                L6470<shield_2>::~L6470()
 .text._ZN5L6470I8shield_2ED0Ev
                0x08002d84       0x20 ./Core/Src/BlocMoteurs.o
                0x08002d84                L6470<shield_2>::~L6470()
 .text._ZN5L6470I8shield_1ED2Ev
                0x08002da4       0x24 ./Core/Src/BlocMoteurs.o
                0x08002da4                L6470<shield_1>::~L6470()
                0x08002da4                L6470<shield_1>::~L6470()
 .text._ZN5L6470I8shield_1ED0Ev
                0x08002dc8       0x20 ./Core/Src/BlocMoteurs.o
                0x08002dc8                L6470<shield_1>::~L6470()
 .text._ZN5L6470I8shield_3E4initEPv
                0x08002de8       0x24 ./Core/Src/BlocMoteurs.o
                0x08002de8                L6470<shield_3>::init(void*)
 .text._ZN5L6470I8shield_3E10get_statusEv
                0x08002e0c       0x20 ./Core/Src/BlocMoteurs.o
                0x08002e0c                L6470<shield_3>::get_status()
 .text._ZN5L6470I8shield_3E13get_parameterEj
                0x08002e2c       0x28 ./Core/Src/BlocMoteurs.o
                0x08002e2c                L6470<shield_3>::get_parameter(unsigned int)
 .text._ZN5L6470I8shield_3E12get_positionEv
                0x08002e54       0x34 ./Core/Src/BlocMoteurs.o
                0x08002e54                L6470<shield_3>::get_position()
 .text._ZN5L6470I8shield_3E8get_markEv
                0x08002e88       0x34 ./Core/Src/BlocMoteurs.o
                0x08002e88                L6470<shield_3>::get_mark()
 .text._ZN5L6470I8shield_3E9get_speedEv
                0x08002ebc       0x4a ./Core/Src/BlocMoteurs.o
                0x08002ebc                L6470<shield_3>::get_speed()
 .text._ZN5L6470I8shield_3E13get_max_speedEv
                0x08002f06       0x4c ./Core/Src/BlocMoteurs.o
                0x08002f06                L6470<shield_3>::get_max_speed()
 .text._ZN5L6470I8shield_3E13get_min_speedEv
                0x08002f52       0x4c ./Core/Src/BlocMoteurs.o
                0x08002f52                L6470<shield_3>::get_min_speed()
 .text._ZN5L6470I8shield_3E16get_accelerationEv
                0x08002f9e       0x4c ./Core/Src/BlocMoteurs.o
                0x08002f9e                L6470<shield_3>::get_acceleration()
 .text._ZN5L6470I8shield_3E16get_decelerationEv
                0x08002fea       0x4c ./Core/Src/BlocMoteurs.o
                0x08002fea                L6470<shield_3>::get_deceleration()
 .text._ZN5L6470I8shield_3E13get_directionEv
                0x08003036       0x2c ./Core/Src/BlocMoteurs.o
                0x08003036                L6470<shield_3>::get_direction()
 .text._ZN5L6470I8shield_3E13set_parameterEjj
                0x08003062       0x28 ./Core/Src/BlocMoteurs.o
                0x08003062                L6470<shield_3>::set_parameter(unsigned int, unsigned int)
 .text._ZN5L6470I8shield_3E8set_homeEv
                0x0800308a       0x1e ./Core/Src/BlocMoteurs.o
                0x0800308a                L6470<shield_3>::set_home()
 .text._ZN5L6470I8shield_3E8set_markEv
                0x080030a8       0x34 ./Core/Src/BlocMoteurs.o
                0x080030a8                L6470<shield_3>::set_mark()
 .text._ZN5L6470I8shield_3E8set_markEi
                0x080030dc       0x36 ./Core/Src/BlocMoteurs.o
                0x080030dc                L6470<shield_3>::set_mark(int)
 .text._ZN5L6470I8shield_3E13set_max_speedEj
                0x08003112       0x44 ./Core/Src/BlocMoteurs.o
                0x08003112                L6470<shield_3>::set_max_speed(unsigned int)
 .text._ZN5L6470I8shield_3E13set_min_speedEj
                0x08003156       0x44 ./Core/Src/BlocMoteurs.o
                0x08003156                L6470<shield_3>::set_min_speed(unsigned int)
 .text._ZN5L6470I8shield_3E16set_accelerationEj
                0x0800319a       0x44 ./Core/Src/BlocMoteurs.o
                0x0800319a                L6470<shield_3>::set_acceleration(unsigned int)
 .text._ZN5L6470I8shield_3E16set_decelerationEj
                0x080031de       0x44 ./Core/Src/BlocMoteurs.o
                0x080031de                L6470<shield_3>::set_deceleration(unsigned int)
 .text._ZN5L6470I8shield_3E13set_step_modeEN12StepperMotor11step_mode_tE
                0x08003222       0x3e ./Core/Src/BlocMoteurs.o
                0x08003222                L6470<shield_3>::set_step_mode(StepperMotor::step_mode_t)
 .text._ZN5L6470I8shield_3E5go_toEi
                0x08003260       0x34 ./Core/Src/BlocMoteurs.o
                0x08003260                L6470<shield_3>::go_to(int)
 .text._ZN5L6470I8shield_3E5go_toEiN12StepperMotor11direction_tE
                0x08003294       0x46 ./Core/Src/BlocMoteurs.o
                0x08003294                L6470<shield_3>::go_to(int, StepperMotor::direction_t)
 .text._ZN5L6470I8shield_3E7go_homeEv
                0x080032da       0x1e ./Core/Src/BlocMoteurs.o
                0x080032da                L6470<shield_3>::go_home()
 .text._ZN5L6470I8shield_3E7go_markEv
                0x080032f8       0x1e ./Core/Src/BlocMoteurs.o
                0x080032f8                L6470<shield_3>::go_mark()
 .text._ZN5L6470I8shield_3E8go_untilE14eL6470_ActId_tN12StepperMotor11direction_tEj
                0x08003316       0x56 ./Core/Src/BlocMoteurs.o
                0x08003316                L6470<shield_3>::go_until(eL6470_ActId_t, StepperMotor::direction_t, unsigned int)
 .text._ZN5L6470I8shield_3E3runEN12StepperMotor11direction_tE
                0x0800336c       0x44 ./Core/Src/BlocMoteurs.o
                0x0800336c                L6470<shield_3>::run(StepperMotor::direction_t)
 .text._ZN5L6470I8shield_3E3runEN12StepperMotor11direction_tEj
                0x080033b0       0x52 ./Core/Src/BlocMoteurs.o
                0x080033b0                L6470<shield_3>::run(StepperMotor::direction_t, unsigned int)
 .text._ZN5L6470I8shield_3E4moveEN12StepperMotor11direction_tEj
                0x08003402       0x32 ./Core/Src/BlocMoteurs.o
                0x08003402                L6470<shield_3>::move(StepperMotor::direction_t, unsigned int)
 .text._ZN5L6470I8shield_3E9soft_stopEv
                0x08003434       0x1e ./Core/Src/BlocMoteurs.o
                0x08003434                L6470<shield_3>::soft_stop()
 .text._ZN5L6470I8shield_3E9hard_stopEv
                0x08003452       0x1e ./Core/Src/BlocMoteurs.o
                0x08003452                L6470<shield_3>::hard_stop()
 .text._ZN5L6470I8shield_3E8soft_hizEv
                0x08003470       0x1e ./Core/Src/BlocMoteurs.o
                0x08003470                L6470<shield_3>::soft_hiz()
 .text._ZN5L6470I8shield_3E8hard_hizEv
                0x0800348e       0x1e ./Core/Src/BlocMoteurs.o
                0x0800348e                L6470<shield_3>::hard_hiz()
 .text._ZN5L6470I8shield_3E17wait_while_activeEv
                0x080034ac       0x34 ./Core/Src/BlocMoteurs.o
                0x080034ac                L6470<shield_3>::wait_while_active()
 .text._ZN5L6470I8shield_3E10step_clockEN12StepperMotor11direction_tE
                0x080034e0       0x3c ./Core/Src/BlocMoteurs.o
                0x080034e0                L6470<shield_3>::step_clock(StepperMotor::direction_t)
 .text._ZN5L6470I8shield_3E10release_swE14eL6470_ActId_tN12StepperMotor11direction_tE
                0x0800351c       0x34 ./Core/Src/BlocMoteurs.o
                0x0800351c                L6470<shield_3>::release_sw(eL6470_ActId_t, StepperMotor::direction_t)
 .text._ZN5L6470I8shield_3E12reset_deviceEv
                0x08003550       0x1e ./Core/Src/BlocMoteurs.o
                0x08003550                L6470<shield_3>::reset_device()
 .text._ZN5L6470I8shield_3E18prepare_get_statusEv
                0x0800356e       0x26 ./Core/Src/BlocMoteurs.o
                0x0800356e                L6470<shield_3>::prepare_get_status()
 .text._ZN5L6470I8shield_3E21prepare_get_parameterEj
                0x08003594       0x2e ./Core/Src/BlocMoteurs.o
                0x08003594                L6470<shield_3>::prepare_get_parameter(unsigned int)
 .text._ZN5L6470I8shield_3E20prepare_get_positionEv
                0x080035c2       0x28 ./Core/Src/BlocMoteurs.o
                0x080035c2                L6470<shield_3>::prepare_get_position()
 .text._ZN5L6470I8shield_3E16prepare_get_markEv
                0x080035ea       0x28 ./Core/Src/BlocMoteurs.o
                0x080035ea                L6470<shield_3>::prepare_get_mark()
 .text._ZN5L6470I8shield_3E17prepare_get_speedEv
                0x08003612       0x28 ./Core/Src/BlocMoteurs.o
                0x08003612                L6470<shield_3>::prepare_get_speed()
 .text._ZN5L6470I8shield_3E21prepare_get_max_speedEv
                0x0800363a       0x28 ./Core/Src/BlocMoteurs.o
                0x0800363a                L6470<shield_3>::prepare_get_max_speed()
 .text._ZN5L6470I8shield_3E21prepare_get_min_speedEv
                0x08003662       0x28 ./Core/Src/BlocMoteurs.o
                0x08003662                L6470<shield_3>::prepare_get_min_speed()
 .text._ZN5L6470I8shield_3E24prepare_get_accelerationEv
                0x0800368a       0x28 ./Core/Src/BlocMoteurs.o
                0x0800368a                L6470<shield_3>::prepare_get_acceleration()
 .text._ZN5L6470I8shield_3E24prepare_get_decelerationEv
                0x080036b2       0x28 ./Core/Src/BlocMoteurs.o
                0x080036b2                L6470<shield_3>::prepare_get_deceleration()
 *fill*         0x080036da        0x2 
 .text._ZN5L6470I8shield_3E21prepare_get_directionEv
                0x080036dc       0x40 ./Core/Src/BlocMoteurs.o
                0x080036dc                L6470<shield_3>::prepare_get_direction()
 .text._ZN5L6470I8shield_3E21prepare_set_parameterEjj
                0x0800371c       0x30 ./Core/Src/BlocMoteurs.o
                0x0800371c                L6470<shield_3>::prepare_set_parameter(unsigned int, unsigned int)
 .text._ZN5L6470I8shield_3E16prepare_set_homeEv
                0x0800374c       0x26 ./Core/Src/BlocMoteurs.o
                0x0800374c                L6470<shield_3>::prepare_set_home()
 .text._ZN5L6470I8shield_3E16prepare_set_markEv
                0x08003772       0x2a ./Core/Src/BlocMoteurs.o
                0x08003772                L6470<shield_3>::prepare_set_mark()
 .text._ZN5L6470I8shield_3E16prepare_set_markEi
                0x0800379c       0x3e ./Core/Src/BlocMoteurs.o
                0x0800379c                L6470<shield_3>::prepare_set_mark(int)
 .text._ZN5L6470I8shield_3E17prepare_set_speedEj
                0x080037da       0x4a ./Core/Src/BlocMoteurs.o
                0x080037da                L6470<shield_3>::prepare_set_speed(unsigned int)
 .text._ZN5L6470I8shield_3E21prepare_set_max_speedEj
                0x08003824       0x4a ./Core/Src/BlocMoteurs.o
                0x08003824                L6470<shield_3>::prepare_set_max_speed(unsigned int)
 .text._ZN5L6470I8shield_3E21prepare_set_min_speedEj
                0x0800386e       0x4a ./Core/Src/BlocMoteurs.o
                0x0800386e                L6470<shield_3>::prepare_set_min_speed(unsigned int)
 .text._ZN5L6470I8shield_3E24prepare_set_accelerationEj
                0x080038b8       0x4a ./Core/Src/BlocMoteurs.o
                0x080038b8                L6470<shield_3>::prepare_set_acceleration(unsigned int)
 .text._ZN5L6470I8shield_3E24prepare_set_decelerationEj
                0x08003902       0x4a ./Core/Src/BlocMoteurs.o
                0x08003902                L6470<shield_3>::prepare_set_deceleration(unsigned int)
 .text._ZN5L6470I8shield_3E13prepare_go_toEi
                0x0800394c       0x3c ./Core/Src/BlocMoteurs.o
                0x0800394c                L6470<shield_3>::prepare_go_to(int)
 .text._ZN5L6470I8shield_3E13prepare_go_toEiN12StepperMotor11direction_tE
                0x08003988       0x4e ./Core/Src/BlocMoteurs.o
                0x08003988                L6470<shield_3>::prepare_go_to(int, StepperMotor::direction_t)
 .text._ZN5L6470I8shield_3E15prepare_go_homeEv
                0x080039d6       0x26 ./Core/Src/BlocMoteurs.o
                0x080039d6                L6470<shield_3>::prepare_go_home()
 .text._ZN5L6470I8shield_3E15prepare_go_markEv
                0x080039fc       0x26 ./Core/Src/BlocMoteurs.o
                0x080039fc                L6470<shield_3>::prepare_go_mark()
 .text._ZN5L6470I8shield_3E16prepare_go_untilE14eL6470_ActId_tN12StepperMotor11direction_tEj
                0x08003a22       0x5e ./Core/Src/BlocMoteurs.o
                0x08003a22                L6470<shield_3>::prepare_go_until(eL6470_ActId_t, StepperMotor::direction_t, unsigned int)
 .text._ZN5L6470I8shield_3E11prepare_runEN12StepperMotor11direction_tE
                0x08003a80       0x4c ./Core/Src/BlocMoteurs.o
                0x08003a80                L6470<shield_3>::prepare_run(StepperMotor::direction_t)
 .text._ZN5L6470I8shield_3E11prepare_runEN12StepperMotor11direction_tEj
                0x08003acc       0x5a ./Core/Src/BlocMoteurs.o
                0x08003acc                L6470<shield_3>::prepare_run(StepperMotor::direction_t, unsigned int)
 .text._ZN5L6470I8shield_3E12prepare_moveEN12StepperMotor11direction_tEj
                0x08003b26       0x3a ./Core/Src/BlocMoteurs.o
                0x08003b26                L6470<shield_3>::prepare_move(StepperMotor::direction_t, unsigned int)
 .text._ZN5L6470I8shield_3E17prepare_soft_stopEv
                0x08003b60       0x26 ./Core/Src/BlocMoteurs.o
                0x08003b60                L6470<shield_3>::prepare_soft_stop()
 .text._ZN5L6470I8shield_3E17prepare_hard_stopEv
                0x08003b86       0x26 ./Core/Src/BlocMoteurs.o
                0x08003b86                L6470<shield_3>::prepare_hard_stop()
 .text._ZN5L6470I8shield_3E16prepare_soft_hizEv
                0x08003bac       0x26 ./Core/Src/BlocMoteurs.o
                0x08003bac                L6470<shield_3>::prepare_soft_hiz()
 .text._ZN5L6470I8shield_3E16prepare_hard_hizEv
                0x08003bd2       0x26 ./Core/Src/BlocMoteurs.o
                0x08003bd2                L6470<shield_3>::prepare_hard_hiz()
 .text._ZN5L6470I8shield_3E18prepare_step_clockEN12StepperMotor11direction_tE
                0x08003bf8       0x38 ./Core/Src/BlocMoteurs.o
                0x08003bf8                L6470<shield_3>::prepare_step_clock(StepperMotor::direction_t)
 .text._ZN5L6470I8shield_3E18prepare_release_swE14eL6470_ActId_tN12StepperMotor11direction_tE
                0x08003c30       0x3c ./Core/Src/BlocMoteurs.o
                0x08003c30                L6470<shield_3>::prepare_release_sw(eL6470_ActId_t, StepperMotor::direction_t)
 .text._ZN5L6470I8shield_3E20prepare_reset_deviceEv
                0x08003c6c       0x26 ./Core/Src/BlocMoteurs.o
                0x08003c6c                L6470<shield_3>::prepare_reset_device()
 .text._ZN5L6470I8shield_3E24perform_prepared_actionsEv
                0x08003c92       0x20 ./Core/Src/BlocMoteurs.o
                0x08003c92                L6470<shield_3>::perform_prepared_actions()
 .text._ZN5L6470I8shield_3E19get_prepared_actionEv
                0x08003cb2       0x1a ./Core/Src/BlocMoteurs.o
                0x08003cb2                L6470<shield_3>::get_prepared_action()
 .text._ZN5L6470I8shield_3E10get_resultEPh
                0x08003ccc      0x220 ./Core/Src/BlocMoteurs.o
                0x08003ccc                L6470<shield_3>::get_result(unsigned char*)
 .text._ZN5L6470I8shield_3E13L6470_DISABLEEv
                0x08003eec       0x20 ./Core/Src/BlocMoteurs.o
                0x08003eec                L6470<shield_3>::L6470_DISABLE()
 .text._ZN5L6470I8shield_3E23L6470_AbsPos_2_PositionEm
                0x08003f0c       0x28 ./Core/Src/BlocMoteurs.o
                0x08003f0c                L6470<shield_3>::L6470_AbsPos_2_Position(unsigned long)
 .text._ZN5L6470I8shield_3E23L6470_Position_2_AbsPosEl
                0x08003f34       0x42 ./Core/Src/BlocMoteurs.o
                0x08003f34                L6470<shield_3>::L6470_Position_2_AbsPos(long)
 *fill*         0x08003f76        0x2 
 .text._ZN5L6470I8shield_3E20L6470_Speed_2_Step_sEm
                0x08003f78       0x30 ./Core/Src/BlocMoteurs.o
                0x08003f78                L6470<shield_3>::L6470_Speed_2_Step_s(unsigned long)
 .text._ZN5L6470I8shield_3E20L6470_Step_s_2_SpeedEf
                0x08003fa8       0x4c ./Core/Src/BlocMoteurs.o
                0x08003fa8                L6470<shield_3>::L6470_Step_s_2_Speed(float)
 .text._ZN5L6470I8shield_3E19L6470_Acc_2_Step_s2Et
                0x08003ff4       0x44 ./Core/Src/BlocMoteurs.o
                0x08003ff4                L6470<shield_3>::L6470_Acc_2_Step_s2(unsigned short)
 .text._ZN5L6470I8shield_3E19L6470_Step_s2_2_AccEf
                0x08004038       0x4c ./Core/Src/BlocMoteurs.o
                0x08004038                L6470<shield_3>::L6470_Step_s2_2_Acc(float)
 .text._ZN5L6470I8shield_3E19L6470_Dec_2_Step_s2Et
                0x08004084       0x44 ./Core/Src/BlocMoteurs.o
                0x08004084                L6470<shield_3>::L6470_Dec_2_Step_s2(unsigned short)
 .text._ZN5L6470I8shield_3E19L6470_Step_s2_2_DecEf
                0x080040c8       0x4c ./Core/Src/BlocMoteurs.o
                0x080040c8                L6470<shield_3>::L6470_Step_s2_2_Dec(float)
 .text._ZN5L6470I8shield_3E23L6470_MaxSpeed_2_Step_sEt
                0x08004114       0x44 ./Core/Src/BlocMoteurs.o
                0x08004114                L6470<shield_3>::L6470_MaxSpeed_2_Step_s(unsigned short)
 .text._ZN5L6470I8shield_3E23L6470_Step_s_2_MaxSpeedEf
                0x08004158       0x4c ./Core/Src/BlocMoteurs.o
                0x08004158                L6470<shield_3>::L6470_Step_s_2_MaxSpeed(float)
 .text._ZN5L6470I8shield_3E23L6470_MinSpeed_2_Step_sEt
                0x080041a4       0x44 ./Core/Src/BlocMoteurs.o
                0x080041a4                L6470<shield_3>::L6470_MinSpeed_2_Step_s(unsigned short)
 .text._ZN5L6470I8shield_3E23L6470_Step_s_2_MinSpeedEf
                0x080041e8       0x4c ./Core/Src/BlocMoteurs.o
                0x080041e8                L6470<shield_3>::L6470_Step_s_2_MinSpeed(float)
 .text._ZN5L6470I8shield_3E20L6470_FsSpd_2_Step_sEt
                0x08004234       0x64 ./Core/Src/BlocMoteurs.o
                0x08004234                L6470<shield_3>::L6470_FsSpd_2_Step_s(unsigned short)
 .text._ZN5L6470I8shield_3E20L6470_Step_s_2_FsSpdEf
                0x08004298       0x54 ./Core/Src/BlocMoteurs.o
                0x08004298                L6470<shield_3>::L6470_Step_s_2_FsSpd(float)
 .text._ZN5L6470I8shield_3E23L6470_IntSpeed_2_Step_sEt
                0x080042ec       0x44 ./Core/Src/BlocMoteurs.o
                0x080042ec                L6470<shield_3>::L6470_IntSpeed_2_Step_s(unsigned short)
 .text._ZN5L6470I8shield_3E23L6470_Step_s_2_IntSpeedEf
                0x08004330       0x4c ./Core/Src/BlocMoteurs.o
                0x08004330                L6470<shield_3>::L6470_Step_s_2_IntSpeed(float)
 .text._ZN5L6470I8shield_3E20L6470_StSlp_2_s_StepEh
                0x0800437c       0x30 ./Core/Src/BlocMoteurs.o
                0x0800437c                L6470<shield_3>::L6470_StSlp_2_s_Step(unsigned char)
 .text._ZN5L6470I8shield_3E20L6470_s_Step_2_StSlpEf
                0x080043ac       0x50 ./Core/Src/BlocMoteurs.o
                0x080043ac                L6470<shield_3>::L6470_s_Step_2_StSlp(float)
 .text._ZN5L6470I8shield_3E23L6470_FnSlpAcc_2_s_StepEh
                0x080043fc       0x30 ./Core/Src/BlocMoteurs.o
                0x080043fc                L6470<shield_3>::L6470_FnSlpAcc_2_s_Step(unsigned char)
 .text._ZN5L6470I8shield_3E23L6470_s_Step_2_FnSlpAccEf
                0x0800442c       0x50 ./Core/Src/BlocMoteurs.o
                0x0800442c                L6470<shield_3>::L6470_s_Step_2_FnSlpAcc(float)
 .text._ZN5L6470I8shield_3E23L6470_FnSlpDec_2_s_StepEh
                0x0800447c       0x30 ./Core/Src/BlocMoteurs.o
                0x0800447c                L6470<shield_3>::L6470_FnSlpDec_2_s_Step(unsigned char)
 .text._ZN5L6470I8shield_3E23L6470_s_Step_2_FnSlpDecEf
                0x080044ac       0x50 ./Core/Src/BlocMoteurs.o
                0x080044ac                L6470<shield_3>::L6470_s_Step_2_FnSlpDec(float)
 .text._ZN5L6470I8shield_3E16L6470_OcdTh_2_mAEh
                0x080044fc       0x44 ./Core/Src/BlocMoteurs.o
                0x080044fc                L6470<shield_3>::L6470_OcdTh_2_mA(unsigned char)
 .text._ZN5L6470I8shield_3E16L6470_mA_2_OcdThEf
                0x08004540       0xa4 ./Core/Src/BlocMoteurs.o
                0x08004540                L6470<shield_3>::L6470_mA_2_OcdTh(float)
 .text._ZN5L6470I8shield_3E18L6470_StallTh_2_mAEh
                0x080045e4       0x44 ./Core/Src/BlocMoteurs.o
                0x080045e4                L6470<shield_3>::L6470_StallTh_2_mA(unsigned char)
 .text._ZN5L6470I8shield_3E18L6470_mA_2_StallThEf
                0x08004628       0xa4 ./Core/Src/BlocMoteurs.o
                0x08004628                L6470<shield_3>::L6470_mA_2_StallTh(float)
 .text._ZN5L6470I8shield_3E12L6470_ConfigEPv
                0x080046cc      0x434 ./Core/Src/BlocMoteurs.o
                0x080046cc                L6470<shield_3>::L6470_Config(void*)
 .text._ZN5L6470I8shield_3E14L6470_SetParamE14eL6470_RegId_tm
                0x08004b00       0x64 ./Core/Src/BlocMoteurs.o
                0x08004b00                L6470<shield_3>::L6470_SetParam(eL6470_RegId_t, unsigned long)
 .text._ZN5L6470I8shield_3E14L6470_GetParamE14eL6470_RegId_t
                0x08004b64       0x8c ./Core/Src/BlocMoteurs.o
                0x08004b64                L6470<shield_3>::L6470_GetParam(eL6470_RegId_t)
 .text._ZN5L6470I8shield_3E9L6470_RunE14eL6470_DirId_tm
                0x08004bf0       0x64 ./Core/Src/BlocMoteurs.o
                0x08004bf0                L6470<shield_3>::L6470_Run(eL6470_DirId_t, unsigned long)
 .text._ZN5L6470I8shield_3E15L6470_StepClockE14eL6470_DirId_t
                0x08004c54       0x60 ./Core/Src/BlocMoteurs.o
                0x08004c54                L6470<shield_3>::L6470_StepClock(eL6470_DirId_t)
 .text._ZN5L6470I8shield_3E10L6470_MoveE14eL6470_DirId_tm
                0x08004cb4       0x64 ./Core/Src/BlocMoteurs.o
                0x08004cb4                L6470<shield_3>::L6470_Move(eL6470_DirId_t, unsigned long)
 .text._ZN5L6470I8shield_3E10L6470_GoToEm
                0x08004d18       0x68 ./Core/Src/BlocMoteurs.o
                0x08004d18                L6470<shield_3>::L6470_GoTo(unsigned long)
 .text._ZN5L6470I8shield_3E13L6470_GoToDirE14eL6470_DirId_tm
                0x08004d80       0x6c ./Core/Src/BlocMoteurs.o
                0x08004d80                L6470<shield_3>::L6470_GoToDir(eL6470_DirId_t, unsigned long)
 .text._ZN5L6470I8shield_3E13L6470_GoUntilE14eL6470_ActId_t14eL6470_DirId_tm
                0x08004dec       0x68 ./Core/Src/BlocMoteurs.o
                0x08004dec                L6470<shield_3>::L6470_GoUntil(eL6470_ActId_t, eL6470_DirId_t, unsigned long)
 .text._ZN5L6470I8shield_3E15L6470_ReleaseSWE14eL6470_ActId_t14eL6470_DirId_t
                0x08004e54       0x68 ./Core/Src/BlocMoteurs.o
                0x08004e54                L6470<shield_3>::L6470_ReleaseSW(eL6470_ActId_t, eL6470_DirId_t)
 .text._ZN5L6470I8shield_3E12L6470_GoHomeEv
                0x08004ebc       0x5c ./Core/Src/BlocMoteurs.o
                0x08004ebc                L6470<shield_3>::L6470_GoHome()
 .text._ZN5L6470I8shield_3E12L6470_GoMarkEv
                0x08004f18       0x5c ./Core/Src/BlocMoteurs.o
                0x08004f18                L6470<shield_3>::L6470_GoMark()
 .text._ZN5L6470I8shield_3E14L6470_ResetPosEv
                0x08004f74       0x5c ./Core/Src/BlocMoteurs.o
                0x08004f74                L6470<shield_3>::L6470_ResetPos()
 .text._ZN5L6470I8shield_3E17L6470_ResetDeviceEv
                0x08004fd0       0x5c ./Core/Src/BlocMoteurs.o
                0x08004fd0                L6470<shield_3>::L6470_ResetDevice()
 .text._ZN5L6470I8shield_3E14L6470_SoftStopEv
                0x0800502c       0x5c ./Core/Src/BlocMoteurs.o
                0x0800502c                L6470<shield_3>::L6470_SoftStop()
 .text._ZN5L6470I8shield_3E14L6470_HardStopEv
                0x08005088       0x5c ./Core/Src/BlocMoteurs.o
                0x08005088                L6470<shield_3>::L6470_HardStop()
 .text._ZN5L6470I8shield_3E13L6470_SoftHiZEv
                0x080050e4       0x5c ./Core/Src/BlocMoteurs.o
                0x080050e4                L6470<shield_3>::L6470_SoftHiZ()
 .text._ZN5L6470I8shield_3E13L6470_HardHiZEv
                0x08005140       0x5c ./Core/Src/BlocMoteurs.o
                0x08005140                L6470<shield_3>::L6470_HardHiZ()
 .text._ZN5L6470I8shield_3E15L6470_GetStatusEv
                0x0800519c       0x74 ./Core/Src/BlocMoteurs.o
                0x0800519c                L6470<shield_3>::L6470_GetStatus()
 .text._ZN5L6470I8shield_3E21L6470_PrepareSetParamE14eL6470_RegId_tm
                0x08005210       0x38 ./Core/Src/BlocMoteurs.o
                0x08005210                L6470<shield_3>::L6470_PrepareSetParam(eL6470_RegId_t, unsigned long)
 .text._ZN5L6470I8shield_3E21L6470_PrepareGetParamE14eL6470_RegId_t
                0x08005248       0x34 ./Core/Src/BlocMoteurs.o
                0x08005248                L6470<shield_3>::L6470_PrepareGetParam(eL6470_RegId_t)
 .text._ZN5L6470I8shield_3E16L6470_PrepareRunE14eL6470_DirId_tm
                0x0800527c       0x38 ./Core/Src/BlocMoteurs.o
                0x0800527c                L6470<shield_3>::L6470_PrepareRun(eL6470_DirId_t, unsigned long)
 .text._ZN5L6470I8shield_3E22L6470_PrepareStepClockE14eL6470_DirId_t
                0x080052b4       0x34 ./Core/Src/BlocMoteurs.o
                0x080052b4                L6470<shield_3>::L6470_PrepareStepClock(eL6470_DirId_t)
 .text._ZN5L6470I8shield_3E17L6470_PrepareMoveE14eL6470_DirId_tm
                0x080052e8       0x38 ./Core/Src/BlocMoteurs.o
                0x080052e8                L6470<shield_3>::L6470_PrepareMove(eL6470_DirId_t, unsigned long)
 .text._ZN5L6470I8shield_3E17L6470_PrepareGoToEm
                0x08005320       0x34 ./Core/Src/BlocMoteurs.o
                0x08005320                L6470<shield_3>::L6470_PrepareGoTo(unsigned long)
 .text._ZN5L6470I8shield_3E20L6470_PrepareGoToDirE14eL6470_DirId_tm
                0x08005354       0x38 ./Core/Src/BlocMoteurs.o
                0x08005354                L6470<shield_3>::L6470_PrepareGoToDir(eL6470_DirId_t, unsigned long)
 .text._ZN5L6470I8shield_3E20L6470_PrepareGoUntilE14eL6470_ActId_t14eL6470_DirId_tm
                0x0800538c       0x3c ./Core/Src/BlocMoteurs.o
                0x0800538c                L6470<shield_3>::L6470_PrepareGoUntil(eL6470_ActId_t, eL6470_DirId_t, unsigned long)
 .text._ZN5L6470I8shield_3E22L6470_PrepareReleaseSWE14eL6470_ActId_t14eL6470_DirId_t
                0x080053c8       0x3c ./Core/Src/BlocMoteurs.o
                0x080053c8                L6470<shield_3>::L6470_PrepareReleaseSW(eL6470_ActId_t, eL6470_DirId_t)
 .text._ZN5L6470I8shield_3E19L6470_PrepareGoHomeEv
                0x08005404       0x30 ./Core/Src/BlocMoteurs.o
                0x08005404                L6470<shield_3>::L6470_PrepareGoHome()
 .text._ZN5L6470I8shield_3E19L6470_PrepareGoMarkEv
                0x08005434       0x30 ./Core/Src/BlocMoteurs.o
                0x08005434                L6470<shield_3>::L6470_PrepareGoMark()
 .text._ZN5L6470I8shield_3E21L6470_PrepareResetPosEv
                0x08005464       0x30 ./Core/Src/BlocMoteurs.o
                0x08005464                L6470<shield_3>::L6470_PrepareResetPos()
 .text._ZN5L6470I8shield_3E24L6470_PrepareResetDeviceEv
                0x08005494       0x30 ./Core/Src/BlocMoteurs.o
                0x08005494                L6470<shield_3>::L6470_PrepareResetDevice()
 .text._ZN5L6470I8shield_3E21L6470_PrepareSoftStopEv
                0x080054c4       0x30 ./Core/Src/BlocMoteurs.o
                0x080054c4                L6470<shield_3>::L6470_PrepareSoftStop()
 .text._ZN5L6470I8shield_3E21L6470_PrepareHardStopEv
                0x080054f4       0x30 ./Core/Src/BlocMoteurs.o
                0x080054f4                L6470<shield_3>::L6470_PrepareHardStop()
 .text._ZN5L6470I8shield_3E20L6470_PrepareSoftHiZEv
                0x08005524       0x30 ./Core/Src/BlocMoteurs.o
                0x08005524                L6470<shield_3>::L6470_PrepareSoftHiZ()
 .text._ZN5L6470I8shield_3E20L6470_PrepareHardHiZEv
                0x08005554       0x30 ./Core/Src/BlocMoteurs.o
                0x08005554                L6470<shield_3>::L6470_PrepareHardHiZ()
 .text._ZN5L6470I8shield_3E22L6470_PrepareGetStatusEv
                0x08005584       0x30 ./Core/Src/BlocMoteurs.o
                0x08005584                L6470<shield_3>::L6470_PrepareGetStatus()
 .text._ZN5L6470I8shield_3E39L6470_PerformPreparedApplicationCommandEv
                0x080055b4       0x44 ./Core/Src/BlocMoteurs.o
                0x080055b4                L6470<shield_3>::L6470_PerformPreparedApplicationCommand()
 .text._ZN5L6470I8shield_3E23L6470_DaisyChainCommandEPhS2_
                0x080055f8       0x70 ./Core/Src/BlocMoteurs.o
                0x080055f8                L6470<shield_3>::L6470_DaisyChainCommand(unsigned char*, unsigned char*)
 .text._ZN5L6470I8shield_3E25L6470_ExtractReturnedDataEPhh
                0x08005668       0x5a ./Core/Src/BlocMoteurs.o
                0x08005668                L6470<shield_3>::L6470_ExtractReturnedData(unsigned char*, unsigned char)
 *fill*         0x080056c2        0x2 
 .text._ZN5L6470I8shield_3E29L6470_CheckStatusRegisterFlagEh
                0x080056c4      0x170 ./Core/Src/BlocMoteurs.o
                0x080056c4                L6470<shield_3>::L6470_CheckStatusRegisterFlag(unsigned char)
 .text._ZN5L6470I8shield_3E21L6470_GetRegisterNameEh
                0x08005834       0x34 ./Core/Src/BlocMoteurs.o
                0x08005834                L6470<shield_3>::L6470_GetRegisterName(unsigned char)
 .text._ZN5L6470I8shield_3E20L6470_ResetAppCmdPkgEP18sL6470_AppCmdPkg_t
                0x08005868       0x5a ./Core/Src/BlocMoteurs.o
                0x08005868                L6470<shield_3>::L6470_ResetAppCmdPkg(sL6470_AppCmdPkg_t*)
 .text._ZN5L6470I8shield_3E19L6470_FillAppCmdPkgEP18sL6470_AppCmdPkg_t17eL6470_AppCmdId_tmmm
                0x080058c2       0x54 ./Core/Src/BlocMoteurs.o
                0x080058c2                L6470<shield_3>::L6470_FillAppCmdPkg(sL6470_AppCmdPkg_t*, eL6470_AppCmdId_t, unsigned long, unsigned long, unsigned long)
 *fill*         0x08005916        0x2 
 .text._ZN5L6470I8shield_3E22L6470_PrepareAppCmdPkgEP18sL6470_AppCmdPkg_t17eL6470_AppCmdId_tmmm
                0x08005918       0x58 ./Core/Src/BlocMoteurs.o
                0x08005918                L6470<shield_3>::L6470_PrepareAppCmdPkg(sL6470_AppCmdPkg_t*, eL6470_AppCmdId_t, unsigned long, unsigned long, unsigned long)
 .text._ZN5L6470I8shield_3E30L6470_PrepareDaisyChainCommandEP18sL6470_AppCmdPkg_tPh
                0x08005970      0x444 ./Core/Src/BlocMoteurs.o
                0x08005970                L6470<shield_3>::L6470_PrepareDaisyChainCommand(sL6470_AppCmdPkg_t*, unsigned char*)
 .text._ZN5L6470I8shield_3E11L6470_roundEf
                0x08005db4       0x9a ./Core/Src/BlocMoteurs.o
                0x08005db4                L6470<shield_3>::L6470_round(float)
 .text._ZN5L6470I8shield_3E4ReadEPht
                0x08005e4e       0x54 ./Core/Src/BlocMoteurs.o
                0x08005e4e                L6470<shield_3>::Read(unsigned char*, unsigned short)
 .text._ZN5L6470I8shield_3E5WriteEPht
                0x08005ea2       0x54 ./Core/Src/BlocMoteurs.o
                0x08005ea2                L6470<shield_3>::Write(unsigned char*, unsigned short)
 .text._ZN5L6470I8shield_3E9ReadWriteEPhS2_t
                0x08005ef6       0x6a ./Core/Src/BlocMoteurs.o
                0x08005ef6                L6470<shield_3>::ReadWrite(unsigned char*, unsigned char*, unsigned short)
 .text._ZN5L6470I8shield_3E23L6470_SPI_CommunicationEPhS2_tm
                0x08005f60       0x2a ./Core/Src/BlocMoteurs.o
                0x08005f60                L6470<shield_3>::L6470_SPI_Communication(unsigned char*, unsigned char*, unsigned short, unsigned long)
 .text._ZN5L6470I8shield_2E4initEPv
                0x08005f8a       0x24 ./Core/Src/BlocMoteurs.o
                0x08005f8a                L6470<shield_2>::init(void*)
 .text._ZN5L6470I8shield_2E10get_statusEv
                0x08005fae       0x20 ./Core/Src/BlocMoteurs.o
                0x08005fae                L6470<shield_2>::get_status()
 .text._ZN5L6470I8shield_2E13get_parameterEj
                0x08005fce       0x28 ./Core/Src/BlocMoteurs.o
                0x08005fce                L6470<shield_2>::get_parameter(unsigned int)
 .text._ZN5L6470I8shield_2E12get_positionEv
                0x08005ff6       0x34 ./Core/Src/BlocMoteurs.o
                0x08005ff6                L6470<shield_2>::get_position()
 .text._ZN5L6470I8shield_2E8get_markEv
                0x0800602a       0x34 ./Core/Src/BlocMoteurs.o
                0x0800602a                L6470<shield_2>::get_mark()
 .text._ZN5L6470I8shield_2E9get_speedEv
                0x0800605e       0x4a ./Core/Src/BlocMoteurs.o
                0x0800605e                L6470<shield_2>::get_speed()
 .text._ZN5L6470I8shield_2E13get_max_speedEv
                0x080060a8       0x4c ./Core/Src/BlocMoteurs.o
                0x080060a8                L6470<shield_2>::get_max_speed()
 .text._ZN5L6470I8shield_2E13get_min_speedEv
                0x080060f4       0x4c ./Core/Src/BlocMoteurs.o
                0x080060f4                L6470<shield_2>::get_min_speed()
 .text._ZN5L6470I8shield_2E16get_accelerationEv
                0x08006140       0x4c ./Core/Src/BlocMoteurs.o
                0x08006140                L6470<shield_2>::get_acceleration()
 .text._ZN5L6470I8shield_2E16get_decelerationEv
                0x0800618c       0x4c ./Core/Src/BlocMoteurs.o
                0x0800618c                L6470<shield_2>::get_deceleration()
 .text._ZN5L6470I8shield_2E13get_directionEv
                0x080061d8       0x2c ./Core/Src/BlocMoteurs.o
                0x080061d8                L6470<shield_2>::get_direction()
 .text._ZN5L6470I8shield_2E13set_parameterEjj
                0x08006204       0x28 ./Core/Src/BlocMoteurs.o
                0x08006204                L6470<shield_2>::set_parameter(unsigned int, unsigned int)
 .text._ZN5L6470I8shield_2E8set_homeEv
                0x0800622c       0x1e ./Core/Src/BlocMoteurs.o
                0x0800622c                L6470<shield_2>::set_home()
 .text._ZN5L6470I8shield_2E8set_markEv
                0x0800624a       0x34 ./Core/Src/BlocMoteurs.o
                0x0800624a                L6470<shield_2>::set_mark()
 .text._ZN5L6470I8shield_2E8set_markEi
                0x0800627e       0x36 ./Core/Src/BlocMoteurs.o
                0x0800627e                L6470<shield_2>::set_mark(int)
 .text._ZN5L6470I8shield_2E13set_max_speedEj
                0x080062b4       0x44 ./Core/Src/BlocMoteurs.o
                0x080062b4                L6470<shield_2>::set_max_speed(unsigned int)
 .text._ZN5L6470I8shield_2E13set_min_speedEj
                0x080062f8       0x44 ./Core/Src/BlocMoteurs.o
                0x080062f8                L6470<shield_2>::set_min_speed(unsigned int)
 .text._ZN5L6470I8shield_2E16set_accelerationEj
                0x0800633c       0x44 ./Core/Src/BlocMoteurs.o
                0x0800633c                L6470<shield_2>::set_acceleration(unsigned int)
 .text._ZN5L6470I8shield_2E16set_decelerationEj
                0x08006380       0x44 ./Core/Src/BlocMoteurs.o
                0x08006380                L6470<shield_2>::set_deceleration(unsigned int)
 .text._ZN5L6470I8shield_2E13set_step_modeEN12StepperMotor11step_mode_tE
                0x080063c4       0x3e ./Core/Src/BlocMoteurs.o
                0x080063c4                L6470<shield_2>::set_step_mode(StepperMotor::step_mode_t)
 .text._ZN5L6470I8shield_2E5go_toEi
                0x08006402       0x34 ./Core/Src/BlocMoteurs.o
                0x08006402                L6470<shield_2>::go_to(int)
 .text._ZN5L6470I8shield_2E5go_toEiN12StepperMotor11direction_tE
                0x08006436       0x46 ./Core/Src/BlocMoteurs.o
                0x08006436                L6470<shield_2>::go_to(int, StepperMotor::direction_t)
 .text._ZN5L6470I8shield_2E7go_homeEv
                0x0800647c       0x1e ./Core/Src/BlocMoteurs.o
                0x0800647c                L6470<shield_2>::go_home()
 .text._ZN5L6470I8shield_2E7go_markEv
                0x0800649a       0x1e ./Core/Src/BlocMoteurs.o
                0x0800649a                L6470<shield_2>::go_mark()
 .text._ZN5L6470I8shield_2E8go_untilE14eL6470_ActId_tN12StepperMotor11direction_tEj
                0x080064b8       0x56 ./Core/Src/BlocMoteurs.o
                0x080064b8                L6470<shield_2>::go_until(eL6470_ActId_t, StepperMotor::direction_t, unsigned int)
 .text._ZN5L6470I8shield_2E3runEN12StepperMotor11direction_tE
                0x0800650e       0x44 ./Core/Src/BlocMoteurs.o
                0x0800650e                L6470<shield_2>::run(StepperMotor::direction_t)
 .text._ZN5L6470I8shield_2E3runEN12StepperMotor11direction_tEj
                0x08006552       0x52 ./Core/Src/BlocMoteurs.o
                0x08006552                L6470<shield_2>::run(StepperMotor::direction_t, unsigned int)
 .text._ZN5L6470I8shield_2E4moveEN12StepperMotor11direction_tEj
                0x080065a4       0x32 ./Core/Src/BlocMoteurs.o
                0x080065a4                L6470<shield_2>::move(StepperMotor::direction_t, unsigned int)
 .text._ZN5L6470I8shield_2E9soft_stopEv
                0x080065d6       0x1e ./Core/Src/BlocMoteurs.o
                0x080065d6                L6470<shield_2>::soft_stop()
 .text._ZN5L6470I8shield_2E9hard_stopEv
                0x080065f4       0x1e ./Core/Src/BlocMoteurs.o
                0x080065f4                L6470<shield_2>::hard_stop()
 .text._ZN5L6470I8shield_2E8soft_hizEv
                0x08006612       0x1e ./Core/Src/BlocMoteurs.o
                0x08006612                L6470<shield_2>::soft_hiz()
 .text._ZN5L6470I8shield_2E8hard_hizEv
                0x08006630       0x1e ./Core/Src/BlocMoteurs.o
                0x08006630                L6470<shield_2>::hard_hiz()
 .text._ZN5L6470I8shield_2E17wait_while_activeEv
                0x0800664e       0x34 ./Core/Src/BlocMoteurs.o
                0x0800664e                L6470<shield_2>::wait_while_active()
 .text._ZN5L6470I8shield_2E10step_clockEN12StepperMotor11direction_tE
                0x08006682       0x3c ./Core/Src/BlocMoteurs.o
                0x08006682                L6470<shield_2>::step_clock(StepperMotor::direction_t)
 .text._ZN5L6470I8shield_2E10release_swE14eL6470_ActId_tN12StepperMotor11direction_tE
                0x080066be       0x34 ./Core/Src/BlocMoteurs.o
                0x080066be                L6470<shield_2>::release_sw(eL6470_ActId_t, StepperMotor::direction_t)
 .text._ZN5L6470I8shield_2E12reset_deviceEv
                0x080066f2       0x1e ./Core/Src/BlocMoteurs.o
                0x080066f2                L6470<shield_2>::reset_device()
 .text._ZN5L6470I8shield_2E18prepare_get_statusEv
                0x08006710       0x26 ./Core/Src/BlocMoteurs.o
                0x08006710                L6470<shield_2>::prepare_get_status()
 .text._ZN5L6470I8shield_2E21prepare_get_parameterEj
                0x08006736       0x2e ./Core/Src/BlocMoteurs.o
                0x08006736                L6470<shield_2>::prepare_get_parameter(unsigned int)
 .text._ZN5L6470I8shield_2E20prepare_get_positionEv
                0x08006764       0x28 ./Core/Src/BlocMoteurs.o
                0x08006764                L6470<shield_2>::prepare_get_position()
 .text._ZN5L6470I8shield_2E16prepare_get_markEv
                0x0800678c       0x28 ./Core/Src/BlocMoteurs.o
                0x0800678c                L6470<shield_2>::prepare_get_mark()
 .text._ZN5L6470I8shield_2E17prepare_get_speedEv
                0x080067b4       0x28 ./Core/Src/BlocMoteurs.o
                0x080067b4                L6470<shield_2>::prepare_get_speed()
 .text._ZN5L6470I8shield_2E21prepare_get_max_speedEv
                0x080067dc       0x28 ./Core/Src/BlocMoteurs.o
                0x080067dc                L6470<shield_2>::prepare_get_max_speed()
 .text._ZN5L6470I8shield_2E21prepare_get_min_speedEv
                0x08006804       0x28 ./Core/Src/BlocMoteurs.o
                0x08006804                L6470<shield_2>::prepare_get_min_speed()
 .text._ZN5L6470I8shield_2E24prepare_get_accelerationEv
                0x0800682c       0x28 ./Core/Src/BlocMoteurs.o
                0x0800682c                L6470<shield_2>::prepare_get_acceleration()
 .text._ZN5L6470I8shield_2E24prepare_get_decelerationEv
                0x08006854       0x28 ./Core/Src/BlocMoteurs.o
                0x08006854                L6470<shield_2>::prepare_get_deceleration()
 .text._ZN5L6470I8shield_2E21prepare_get_directionEv
                0x0800687c       0x40 ./Core/Src/BlocMoteurs.o
                0x0800687c                L6470<shield_2>::prepare_get_direction()
 .text._ZN5L6470I8shield_2E21prepare_set_parameterEjj
                0x080068bc       0x30 ./Core/Src/BlocMoteurs.o
                0x080068bc                L6470<shield_2>::prepare_set_parameter(unsigned int, unsigned int)
 .text._ZN5L6470I8shield_2E16prepare_set_homeEv
                0x080068ec       0x26 ./Core/Src/BlocMoteurs.o
                0x080068ec                L6470<shield_2>::prepare_set_home()
 .text._ZN5L6470I8shield_2E16prepare_set_markEv
                0x08006912       0x2a ./Core/Src/BlocMoteurs.o
                0x08006912                L6470<shield_2>::prepare_set_mark()
 .text._ZN5L6470I8shield_2E16prepare_set_markEi
                0x0800693c       0x3e ./Core/Src/BlocMoteurs.o
                0x0800693c                L6470<shield_2>::prepare_set_mark(int)
 .text._ZN5L6470I8shield_2E17prepare_set_speedEj
                0x0800697a       0x4a ./Core/Src/BlocMoteurs.o
                0x0800697a                L6470<shield_2>::prepare_set_speed(unsigned int)
 .text._ZN5L6470I8shield_2E21prepare_set_max_speedEj
                0x080069c4       0x4a ./Core/Src/BlocMoteurs.o
                0x080069c4                L6470<shield_2>::prepare_set_max_speed(unsigned int)
 .text._ZN5L6470I8shield_2E21prepare_set_min_speedEj
                0x08006a0e       0x4a ./Core/Src/BlocMoteurs.o
                0x08006a0e                L6470<shield_2>::prepare_set_min_speed(unsigned int)
 .text._ZN5L6470I8shield_2E24prepare_set_accelerationEj
                0x08006a58       0x4a ./Core/Src/BlocMoteurs.o
                0x08006a58                L6470<shield_2>::prepare_set_acceleration(unsigned int)
 .text._ZN5L6470I8shield_2E24prepare_set_decelerationEj
                0x08006aa2       0x4a ./Core/Src/BlocMoteurs.o
                0x08006aa2                L6470<shield_2>::prepare_set_deceleration(unsigned int)
 .text._ZN5L6470I8shield_2E13prepare_go_toEi
                0x08006aec       0x3c ./Core/Src/BlocMoteurs.o
                0x08006aec                L6470<shield_2>::prepare_go_to(int)
 .text._ZN5L6470I8shield_2E13prepare_go_toEiN12StepperMotor11direction_tE
                0x08006b28       0x4e ./Core/Src/BlocMoteurs.o
                0x08006b28                L6470<shield_2>::prepare_go_to(int, StepperMotor::direction_t)
 .text._ZN5L6470I8shield_2E15prepare_go_homeEv
                0x08006b76       0x26 ./Core/Src/BlocMoteurs.o
                0x08006b76                L6470<shield_2>::prepare_go_home()
 .text._ZN5L6470I8shield_2E15prepare_go_markEv
                0x08006b9c       0x26 ./Core/Src/BlocMoteurs.o
                0x08006b9c                L6470<shield_2>::prepare_go_mark()
 .text._ZN5L6470I8shield_2E16prepare_go_untilE14eL6470_ActId_tN12StepperMotor11direction_tEj
                0x08006bc2       0x5e ./Core/Src/BlocMoteurs.o
                0x08006bc2                L6470<shield_2>::prepare_go_until(eL6470_ActId_t, StepperMotor::direction_t, unsigned int)
 .text._ZN5L6470I8shield_2E11prepare_runEN12StepperMotor11direction_tE
                0x08006c20       0x4c ./Core/Src/BlocMoteurs.o
                0x08006c20                L6470<shield_2>::prepare_run(StepperMotor::direction_t)
 .text._ZN5L6470I8shield_2E11prepare_runEN12StepperMotor11direction_tEj
                0x08006c6c       0x5a ./Core/Src/BlocMoteurs.o
                0x08006c6c                L6470<shield_2>::prepare_run(StepperMotor::direction_t, unsigned int)
 .text._ZN5L6470I8shield_2E12prepare_moveEN12StepperMotor11direction_tEj
                0x08006cc6       0x3a ./Core/Src/BlocMoteurs.o
                0x08006cc6                L6470<shield_2>::prepare_move(StepperMotor::direction_t, unsigned int)
 .text._ZN5L6470I8shield_2E17prepare_soft_stopEv
                0x08006d00       0x26 ./Core/Src/BlocMoteurs.o
                0x08006d00                L6470<shield_2>::prepare_soft_stop()
 .text._ZN5L6470I8shield_2E17prepare_hard_stopEv
                0x08006d26       0x26 ./Core/Src/BlocMoteurs.o
                0x08006d26                L6470<shield_2>::prepare_hard_stop()
 .text._ZN5L6470I8shield_2E16prepare_soft_hizEv
                0x08006d4c       0x26 ./Core/Src/BlocMoteurs.o
                0x08006d4c                L6470<shield_2>::prepare_soft_hiz()
 .text._ZN5L6470I8shield_2E16prepare_hard_hizEv
                0x08006d72       0x26 ./Core/Src/BlocMoteurs.o
                0x08006d72                L6470<shield_2>::prepare_hard_hiz()
 .text._ZN5L6470I8shield_2E18prepare_step_clockEN12StepperMotor11direction_tE
                0x08006d98       0x38 ./Core/Src/BlocMoteurs.o
                0x08006d98                L6470<shield_2>::prepare_step_clock(StepperMotor::direction_t)
 .text._ZN5L6470I8shield_2E18prepare_release_swE14eL6470_ActId_tN12StepperMotor11direction_tE
                0x08006dd0       0x3c ./Core/Src/BlocMoteurs.o
                0x08006dd0                L6470<shield_2>::prepare_release_sw(eL6470_ActId_t, StepperMotor::direction_t)
 .text._ZN5L6470I8shield_2E20prepare_reset_deviceEv
                0x08006e0c       0x26 ./Core/Src/BlocMoteurs.o
                0x08006e0c                L6470<shield_2>::prepare_reset_device()
 .text._ZN5L6470I8shield_2E24perform_prepared_actionsEv
                0x08006e32       0x20 ./Core/Src/BlocMoteurs.o
                0x08006e32                L6470<shield_2>::perform_prepared_actions()
 .text._ZN5L6470I8shield_2E19get_prepared_actionEv
                0x08006e52       0x1a ./Core/Src/BlocMoteurs.o
                0x08006e52                L6470<shield_2>::get_prepared_action()
 .text._ZN5L6470I8shield_2E10get_resultEPh
                0x08006e6c      0x220 ./Core/Src/BlocMoteurs.o
                0x08006e6c                L6470<shield_2>::get_result(unsigned char*)
 .text._ZN5L6470I8shield_2E13L6470_DISABLEEv
                0x0800708c       0x20 ./Core/Src/BlocMoteurs.o
                0x0800708c                L6470<shield_2>::L6470_DISABLE()
 .text._ZN5L6470I8shield_2E23L6470_AbsPos_2_PositionEm
                0x080070ac       0x28 ./Core/Src/BlocMoteurs.o
                0x080070ac                L6470<shield_2>::L6470_AbsPos_2_Position(unsigned long)
 .text._ZN5L6470I8shield_2E23L6470_Position_2_AbsPosEl
                0x080070d4       0x42 ./Core/Src/BlocMoteurs.o
                0x080070d4                L6470<shield_2>::L6470_Position_2_AbsPos(long)
 *fill*         0x08007116        0x2 
 .text._ZN5L6470I8shield_2E20L6470_Speed_2_Step_sEm
                0x08007118       0x30 ./Core/Src/BlocMoteurs.o
                0x08007118                L6470<shield_2>::L6470_Speed_2_Step_s(unsigned long)
 .text._ZN5L6470I8shield_2E20L6470_Step_s_2_SpeedEf
                0x08007148       0x4c ./Core/Src/BlocMoteurs.o
                0x08007148                L6470<shield_2>::L6470_Step_s_2_Speed(float)
 .text._ZN5L6470I8shield_2E19L6470_Acc_2_Step_s2Et
                0x08007194       0x44 ./Core/Src/BlocMoteurs.o
                0x08007194                L6470<shield_2>::L6470_Acc_2_Step_s2(unsigned short)
 .text._ZN5L6470I8shield_2E19L6470_Step_s2_2_AccEf
                0x080071d8       0x4c ./Core/Src/BlocMoteurs.o
                0x080071d8                L6470<shield_2>::L6470_Step_s2_2_Acc(float)
 .text._ZN5L6470I8shield_2E19L6470_Dec_2_Step_s2Et
                0x08007224       0x44 ./Core/Src/BlocMoteurs.o
                0x08007224                L6470<shield_2>::L6470_Dec_2_Step_s2(unsigned short)
 .text._ZN5L6470I8shield_2E19L6470_Step_s2_2_DecEf
                0x08007268       0x4c ./Core/Src/BlocMoteurs.o
                0x08007268                L6470<shield_2>::L6470_Step_s2_2_Dec(float)
 .text._ZN5L6470I8shield_2E23L6470_MaxSpeed_2_Step_sEt
                0x080072b4       0x44 ./Core/Src/BlocMoteurs.o
                0x080072b4                L6470<shield_2>::L6470_MaxSpeed_2_Step_s(unsigned short)
 .text._ZN5L6470I8shield_2E23L6470_Step_s_2_MaxSpeedEf
                0x080072f8       0x4c ./Core/Src/BlocMoteurs.o
                0x080072f8                L6470<shield_2>::L6470_Step_s_2_MaxSpeed(float)
 .text._ZN5L6470I8shield_2E23L6470_MinSpeed_2_Step_sEt
                0x08007344       0x44 ./Core/Src/BlocMoteurs.o
                0x08007344                L6470<shield_2>::L6470_MinSpeed_2_Step_s(unsigned short)
 .text._ZN5L6470I8shield_2E23L6470_Step_s_2_MinSpeedEf
                0x08007388       0x4c ./Core/Src/BlocMoteurs.o
                0x08007388                L6470<shield_2>::L6470_Step_s_2_MinSpeed(float)
 .text._ZN5L6470I8shield_2E20L6470_FsSpd_2_Step_sEt
                0x080073d4       0x64 ./Core/Src/BlocMoteurs.o
                0x080073d4                L6470<shield_2>::L6470_FsSpd_2_Step_s(unsigned short)
 .text._ZN5L6470I8shield_2E20L6470_Step_s_2_FsSpdEf
                0x08007438       0x54 ./Core/Src/BlocMoteurs.o
                0x08007438                L6470<shield_2>::L6470_Step_s_2_FsSpd(float)
 .text._ZN5L6470I8shield_2E23L6470_IntSpeed_2_Step_sEt
                0x0800748c       0x44 ./Core/Src/BlocMoteurs.o
                0x0800748c                L6470<shield_2>::L6470_IntSpeed_2_Step_s(unsigned short)
 .text._ZN5L6470I8shield_2E23L6470_Step_s_2_IntSpeedEf
                0x080074d0       0x4c ./Core/Src/BlocMoteurs.o
                0x080074d0                L6470<shield_2>::L6470_Step_s_2_IntSpeed(float)
 .text._ZN5L6470I8shield_2E20L6470_StSlp_2_s_StepEh
                0x0800751c       0x30 ./Core/Src/BlocMoteurs.o
                0x0800751c                L6470<shield_2>::L6470_StSlp_2_s_Step(unsigned char)
 .text._ZN5L6470I8shield_2E20L6470_s_Step_2_StSlpEf
                0x0800754c       0x50 ./Core/Src/BlocMoteurs.o
                0x0800754c                L6470<shield_2>::L6470_s_Step_2_StSlp(float)
 .text._ZN5L6470I8shield_2E23L6470_FnSlpAcc_2_s_StepEh
                0x0800759c       0x30 ./Core/Src/BlocMoteurs.o
                0x0800759c                L6470<shield_2>::L6470_FnSlpAcc_2_s_Step(unsigned char)
 .text._ZN5L6470I8shield_2E23L6470_s_Step_2_FnSlpAccEf
                0x080075cc       0x50 ./Core/Src/BlocMoteurs.o
                0x080075cc                L6470<shield_2>::L6470_s_Step_2_FnSlpAcc(float)
 .text._ZN5L6470I8shield_2E23L6470_FnSlpDec_2_s_StepEh
                0x0800761c       0x30 ./Core/Src/BlocMoteurs.o
                0x0800761c                L6470<shield_2>::L6470_FnSlpDec_2_s_Step(unsigned char)
 .text._ZN5L6470I8shield_2E23L6470_s_Step_2_FnSlpDecEf
                0x0800764c       0x50 ./Core/Src/BlocMoteurs.o
                0x0800764c                L6470<shield_2>::L6470_s_Step_2_FnSlpDec(float)
 .text._ZN5L6470I8shield_2E16L6470_OcdTh_2_mAEh
                0x0800769c       0x44 ./Core/Src/BlocMoteurs.o
                0x0800769c                L6470<shield_2>::L6470_OcdTh_2_mA(unsigned char)
 .text._ZN5L6470I8shield_2E16L6470_mA_2_OcdThEf
                0x080076e0       0xa4 ./Core/Src/BlocMoteurs.o
                0x080076e0                L6470<shield_2>::L6470_mA_2_OcdTh(float)
 .text._ZN5L6470I8shield_2E18L6470_StallTh_2_mAEh
                0x08007784       0x44 ./Core/Src/BlocMoteurs.o
                0x08007784                L6470<shield_2>::L6470_StallTh_2_mA(unsigned char)
 .text._ZN5L6470I8shield_2E18L6470_mA_2_StallThEf
                0x080077c8       0xa4 ./Core/Src/BlocMoteurs.o
                0x080077c8                L6470<shield_2>::L6470_mA_2_StallTh(float)
 .text._ZN5L6470I8shield_2E12L6470_ConfigEPv
                0x0800786c      0x434 ./Core/Src/BlocMoteurs.o
                0x0800786c                L6470<shield_2>::L6470_Config(void*)
 .text._ZN5L6470I8shield_2E14L6470_SetParamE14eL6470_RegId_tm
                0x08007ca0       0x64 ./Core/Src/BlocMoteurs.o
                0x08007ca0                L6470<shield_2>::L6470_SetParam(eL6470_RegId_t, unsigned long)
 .text._ZN5L6470I8shield_2E14L6470_GetParamE14eL6470_RegId_t
                0x08007d04       0x8c ./Core/Src/BlocMoteurs.o
                0x08007d04                L6470<shield_2>::L6470_GetParam(eL6470_RegId_t)
 .text._ZN5L6470I8shield_2E9L6470_RunE14eL6470_DirId_tm
                0x08007d90       0x64 ./Core/Src/BlocMoteurs.o
                0x08007d90                L6470<shield_2>::L6470_Run(eL6470_DirId_t, unsigned long)
 .text._ZN5L6470I8shield_2E15L6470_StepClockE14eL6470_DirId_t
                0x08007df4       0x60 ./Core/Src/BlocMoteurs.o
                0x08007df4                L6470<shield_2>::L6470_StepClock(eL6470_DirId_t)
 .text._ZN5L6470I8shield_2E10L6470_MoveE14eL6470_DirId_tm
                0x08007e54       0x64 ./Core/Src/BlocMoteurs.o
                0x08007e54                L6470<shield_2>::L6470_Move(eL6470_DirId_t, unsigned long)
 .text._ZN5L6470I8shield_2E10L6470_GoToEm
                0x08007eb8       0x68 ./Core/Src/BlocMoteurs.o
                0x08007eb8                L6470<shield_2>::L6470_GoTo(unsigned long)
 .text._ZN5L6470I8shield_2E13L6470_GoToDirE14eL6470_DirId_tm
                0x08007f20       0x6c ./Core/Src/BlocMoteurs.o
                0x08007f20                L6470<shield_2>::L6470_GoToDir(eL6470_DirId_t, unsigned long)
 .text._ZN5L6470I8shield_2E13L6470_GoUntilE14eL6470_ActId_t14eL6470_DirId_tm
                0x08007f8c       0x68 ./Core/Src/BlocMoteurs.o
                0x08007f8c                L6470<shield_2>::L6470_GoUntil(eL6470_ActId_t, eL6470_DirId_t, unsigned long)
 .text._ZN5L6470I8shield_2E15L6470_ReleaseSWE14eL6470_ActId_t14eL6470_DirId_t
                0x08007ff4       0x68 ./Core/Src/BlocMoteurs.o
                0x08007ff4                L6470<shield_2>::L6470_ReleaseSW(eL6470_ActId_t, eL6470_DirId_t)
 .text._ZN5L6470I8shield_2E12L6470_GoHomeEv
                0x0800805c       0x5c ./Core/Src/BlocMoteurs.o
                0x0800805c                L6470<shield_2>::L6470_GoHome()
 .text._ZN5L6470I8shield_2E12L6470_GoMarkEv
                0x080080b8       0x5c ./Core/Src/BlocMoteurs.o
                0x080080b8                L6470<shield_2>::L6470_GoMark()
 .text._ZN5L6470I8shield_2E14L6470_ResetPosEv
                0x08008114       0x5c ./Core/Src/BlocMoteurs.o
                0x08008114                L6470<shield_2>::L6470_ResetPos()
 .text._ZN5L6470I8shield_2E17L6470_ResetDeviceEv
                0x08008170       0x5c ./Core/Src/BlocMoteurs.o
                0x08008170                L6470<shield_2>::L6470_ResetDevice()
 .text._ZN5L6470I8shield_2E14L6470_SoftStopEv
                0x080081cc       0x5c ./Core/Src/BlocMoteurs.o
                0x080081cc                L6470<shield_2>::L6470_SoftStop()
 .text._ZN5L6470I8shield_2E14L6470_HardStopEv
                0x08008228       0x5c ./Core/Src/BlocMoteurs.o
                0x08008228                L6470<shield_2>::L6470_HardStop()
 .text._ZN5L6470I8shield_2E13L6470_SoftHiZEv
                0x08008284       0x5c ./Core/Src/BlocMoteurs.o
                0x08008284                L6470<shield_2>::L6470_SoftHiZ()
 .text._ZN5L6470I8shield_2E13L6470_HardHiZEv
                0x080082e0       0x5c ./Core/Src/BlocMoteurs.o
                0x080082e0                L6470<shield_2>::L6470_HardHiZ()
 .text._ZN5L6470I8shield_2E15L6470_GetStatusEv
                0x0800833c       0x74 ./Core/Src/BlocMoteurs.o
                0x0800833c                L6470<shield_2>::L6470_GetStatus()
 .text._ZN5L6470I8shield_2E21L6470_PrepareSetParamE14eL6470_RegId_tm
                0x080083b0       0x38 ./Core/Src/BlocMoteurs.o
                0x080083b0                L6470<shield_2>::L6470_PrepareSetParam(eL6470_RegId_t, unsigned long)
 .text._ZN5L6470I8shield_2E21L6470_PrepareGetParamE14eL6470_RegId_t
                0x080083e8       0x34 ./Core/Src/BlocMoteurs.o
                0x080083e8                L6470<shield_2>::L6470_PrepareGetParam(eL6470_RegId_t)
 .text._ZN5L6470I8shield_2E16L6470_PrepareRunE14eL6470_DirId_tm
                0x0800841c       0x38 ./Core/Src/BlocMoteurs.o
                0x0800841c                L6470<shield_2>::L6470_PrepareRun(eL6470_DirId_t, unsigned long)
 .text._ZN5L6470I8shield_2E22L6470_PrepareStepClockE14eL6470_DirId_t
                0x08008454       0x34 ./Core/Src/BlocMoteurs.o
                0x08008454                L6470<shield_2>::L6470_PrepareStepClock(eL6470_DirId_t)
 .text._ZN5L6470I8shield_2E17L6470_PrepareMoveE14eL6470_DirId_tm
                0x08008488       0x38 ./Core/Src/BlocMoteurs.o
                0x08008488                L6470<shield_2>::L6470_PrepareMove(eL6470_DirId_t, unsigned long)
 .text._ZN5L6470I8shield_2E17L6470_PrepareGoToEm
                0x080084c0       0x34 ./Core/Src/BlocMoteurs.o
                0x080084c0                L6470<shield_2>::L6470_PrepareGoTo(unsigned long)
 .text._ZN5L6470I8shield_2E20L6470_PrepareGoToDirE14eL6470_DirId_tm
                0x080084f4       0x38 ./Core/Src/BlocMoteurs.o
                0x080084f4                L6470<shield_2>::L6470_PrepareGoToDir(eL6470_DirId_t, unsigned long)
 .text._ZN5L6470I8shield_2E20L6470_PrepareGoUntilE14eL6470_ActId_t14eL6470_DirId_tm
                0x0800852c       0x3c ./Core/Src/BlocMoteurs.o
                0x0800852c                L6470<shield_2>::L6470_PrepareGoUntil(eL6470_ActId_t, eL6470_DirId_t, unsigned long)
 .text._ZN5L6470I8shield_2E22L6470_PrepareReleaseSWE14eL6470_ActId_t14eL6470_DirId_t
                0x08008568       0x3c ./Core/Src/BlocMoteurs.o
                0x08008568                L6470<shield_2>::L6470_PrepareReleaseSW(eL6470_ActId_t, eL6470_DirId_t)
 .text._ZN5L6470I8shield_2E19L6470_PrepareGoHomeEv
                0x080085a4       0x30 ./Core/Src/BlocMoteurs.o
                0x080085a4                L6470<shield_2>::L6470_PrepareGoHome()
 .text._ZN5L6470I8shield_2E19L6470_PrepareGoMarkEv
                0x080085d4       0x30 ./Core/Src/BlocMoteurs.o
                0x080085d4                L6470<shield_2>::L6470_PrepareGoMark()
 .text._ZN5L6470I8shield_2E21L6470_PrepareResetPosEv
                0x08008604       0x30 ./Core/Src/BlocMoteurs.o
                0x08008604                L6470<shield_2>::L6470_PrepareResetPos()
 .text._ZN5L6470I8shield_2E24L6470_PrepareResetDeviceEv
                0x08008634       0x30 ./Core/Src/BlocMoteurs.o
                0x08008634                L6470<shield_2>::L6470_PrepareResetDevice()
 .text._ZN5L6470I8shield_2E21L6470_PrepareSoftStopEv
                0x08008664       0x30 ./Core/Src/BlocMoteurs.o
                0x08008664                L6470<shield_2>::L6470_PrepareSoftStop()
 .text._ZN5L6470I8shield_2E21L6470_PrepareHardStopEv
                0x08008694       0x30 ./Core/Src/BlocMoteurs.o
                0x08008694                L6470<shield_2>::L6470_PrepareHardStop()
 .text._ZN5L6470I8shield_2E20L6470_PrepareSoftHiZEv
                0x080086c4       0x30 ./Core/Src/BlocMoteurs.o
                0x080086c4                L6470<shield_2>::L6470_PrepareSoftHiZ()
 .text._ZN5L6470I8shield_2E20L6470_PrepareHardHiZEv
                0x080086f4       0x30 ./Core/Src/BlocMoteurs.o
                0x080086f4                L6470<shield_2>::L6470_PrepareHardHiZ()
 .text._ZN5L6470I8shield_2E22L6470_PrepareGetStatusEv
                0x08008724       0x30 ./Core/Src/BlocMoteurs.o
                0x08008724                L6470<shield_2>::L6470_PrepareGetStatus()
 .text._ZN5L6470I8shield_2E39L6470_PerformPreparedApplicationCommandEv
                0x08008754       0x44 ./Core/Src/BlocMoteurs.o
                0x08008754                L6470<shield_2>::L6470_PerformPreparedApplicationCommand()
 .text._ZN5L6470I8shield_2E23L6470_DaisyChainCommandEPhS2_
                0x08008798       0x70 ./Core/Src/BlocMoteurs.o
                0x08008798                L6470<shield_2>::L6470_DaisyChainCommand(unsigned char*, unsigned char*)
 .text._ZN5L6470I8shield_2E25L6470_ExtractReturnedDataEPhh
                0x08008808       0x5a ./Core/Src/BlocMoteurs.o
                0x08008808                L6470<shield_2>::L6470_ExtractReturnedData(unsigned char*, unsigned char)
 *fill*         0x08008862        0x2 
 .text._ZN5L6470I8shield_2E29L6470_CheckStatusRegisterFlagEh
                0x08008864      0x170 ./Core/Src/BlocMoteurs.o
                0x08008864                L6470<shield_2>::L6470_CheckStatusRegisterFlag(unsigned char)
 .text._ZN5L6470I8shield_2E21L6470_GetRegisterNameEh
                0x080089d4       0x34 ./Core/Src/BlocMoteurs.o
                0x080089d4                L6470<shield_2>::L6470_GetRegisterName(unsigned char)
 .text._ZN5L6470I8shield_2E20L6470_ResetAppCmdPkgEP18sL6470_AppCmdPkg_t
                0x08008a08       0x5a ./Core/Src/BlocMoteurs.o
                0x08008a08                L6470<shield_2>::L6470_ResetAppCmdPkg(sL6470_AppCmdPkg_t*)
 .text._ZN5L6470I8shield_2E19L6470_FillAppCmdPkgEP18sL6470_AppCmdPkg_t17eL6470_AppCmdId_tmmm
                0x08008a62       0x54 ./Core/Src/BlocMoteurs.o
                0x08008a62                L6470<shield_2>::L6470_FillAppCmdPkg(sL6470_AppCmdPkg_t*, eL6470_AppCmdId_t, unsigned long, unsigned long, unsigned long)
 *fill*         0x08008ab6        0x2 
 .text._ZN5L6470I8shield_2E22L6470_PrepareAppCmdPkgEP18sL6470_AppCmdPkg_t17eL6470_AppCmdId_tmmm
                0x08008ab8       0x58 ./Core/Src/BlocMoteurs.o
                0x08008ab8                L6470<shield_2>::L6470_PrepareAppCmdPkg(sL6470_AppCmdPkg_t*, eL6470_AppCmdId_t, unsigned long, unsigned long, unsigned long)
 .text._ZN5L6470I8shield_2E30L6470_PrepareDaisyChainCommandEP18sL6470_AppCmdPkg_tPh
                0x08008b10      0x444 ./Core/Src/BlocMoteurs.o
                0x08008b10                L6470<shield_2>::L6470_PrepareDaisyChainCommand(sL6470_AppCmdPkg_t*, unsigned char*)
 .text._ZN5L6470I8shield_2E11L6470_roundEf
                0x08008f54       0x9a ./Core/Src/BlocMoteurs.o
                0x08008f54                L6470<shield_2>::L6470_round(float)
 .text._ZN5L6470I8shield_2E4ReadEPht
                0x08008fee       0x54 ./Core/Src/BlocMoteurs.o
                0x08008fee                L6470<shield_2>::Read(unsigned char*, unsigned short)
 .text._ZN5L6470I8shield_2E5WriteEPht
                0x08009042       0x54 ./Core/Src/BlocMoteurs.o
                0x08009042                L6470<shield_2>::Write(unsigned char*, unsigned short)
 .text._ZN5L6470I8shield_2E9ReadWriteEPhS2_t
                0x08009096       0x6a ./Core/Src/BlocMoteurs.o
                0x08009096                L6470<shield_2>::ReadWrite(unsigned char*, unsigned char*, unsigned short)
 .text._ZN5L6470I8shield_2E23L6470_SPI_CommunicationEPhS2_tm
                0x08009100       0x2a ./Core/Src/BlocMoteurs.o
                0x08009100                L6470<shield_2>::L6470_SPI_Communication(unsigned char*, unsigned char*, unsigned short, unsigned long)
 .text._ZN5L6470I8shield_1E4initEPv
                0x0800912a       0x24 ./Core/Src/BlocMoteurs.o
                0x0800912a                L6470<shield_1>::init(void*)
 .text._ZN5L6470I8shield_1E10get_statusEv
                0x0800914e       0x20 ./Core/Src/BlocMoteurs.o
                0x0800914e                L6470<shield_1>::get_status()
 .text._ZN5L6470I8shield_1E13get_parameterEj
                0x0800916e       0x28 ./Core/Src/BlocMoteurs.o
                0x0800916e                L6470<shield_1>::get_parameter(unsigned int)
 .text._ZN5L6470I8shield_1E12get_positionEv
                0x08009196       0x34 ./Core/Src/BlocMoteurs.o
                0x08009196                L6470<shield_1>::get_position()
 .text._ZN5L6470I8shield_1E8get_markEv
                0x080091ca       0x34 ./Core/Src/BlocMoteurs.o
                0x080091ca                L6470<shield_1>::get_mark()
 .text._ZN5L6470I8shield_1E9get_speedEv
                0x080091fe       0x4a ./Core/Src/BlocMoteurs.o
                0x080091fe                L6470<shield_1>::get_speed()
 .text._ZN5L6470I8shield_1E13get_max_speedEv
                0x08009248       0x4c ./Core/Src/BlocMoteurs.o
                0x08009248                L6470<shield_1>::get_max_speed()
 .text._ZN5L6470I8shield_1E13get_min_speedEv
                0x08009294       0x4c ./Core/Src/BlocMoteurs.o
                0x08009294                L6470<shield_1>::get_min_speed()
 .text._ZN5L6470I8shield_1E16get_accelerationEv
                0x080092e0       0x4c ./Core/Src/BlocMoteurs.o
                0x080092e0                L6470<shield_1>::get_acceleration()
 .text._ZN5L6470I8shield_1E16get_decelerationEv
                0x0800932c       0x4c ./Core/Src/BlocMoteurs.o
                0x0800932c                L6470<shield_1>::get_deceleration()
 .text._ZN5L6470I8shield_1E13get_directionEv
                0x08009378       0x2c ./Core/Src/BlocMoteurs.o
                0x08009378                L6470<shield_1>::get_direction()
 .text._ZN5L6470I8shield_1E13set_parameterEjj
                0x080093a4       0x28 ./Core/Src/BlocMoteurs.o
                0x080093a4                L6470<shield_1>::set_parameter(unsigned int, unsigned int)
 .text._ZN5L6470I8shield_1E8set_homeEv
                0x080093cc       0x1e ./Core/Src/BlocMoteurs.o
                0x080093cc                L6470<shield_1>::set_home()
 .text._ZN5L6470I8shield_1E8set_markEv
                0x080093ea       0x34 ./Core/Src/BlocMoteurs.o
                0x080093ea                L6470<shield_1>::set_mark()
 .text._ZN5L6470I8shield_1E8set_markEi
                0x0800941e       0x36 ./Core/Src/BlocMoteurs.o
                0x0800941e                L6470<shield_1>::set_mark(int)
 .text._ZN5L6470I8shield_1E13set_max_speedEj
                0x08009454       0x44 ./Core/Src/BlocMoteurs.o
                0x08009454                L6470<shield_1>::set_max_speed(unsigned int)
 .text._ZN5L6470I8shield_1E13set_min_speedEj
                0x08009498       0x44 ./Core/Src/BlocMoteurs.o
                0x08009498                L6470<shield_1>::set_min_speed(unsigned int)
 .text._ZN5L6470I8shield_1E16set_accelerationEj
                0x080094dc       0x44 ./Core/Src/BlocMoteurs.o
                0x080094dc                L6470<shield_1>::set_acceleration(unsigned int)
 .text._ZN5L6470I8shield_1E16set_decelerationEj
                0x08009520       0x44 ./Core/Src/BlocMoteurs.o
                0x08009520                L6470<shield_1>::set_deceleration(unsigned int)
 .text._ZN5L6470I8shield_1E13set_step_modeEN12StepperMotor11step_mode_tE
                0x08009564       0x3e ./Core/Src/BlocMoteurs.o
                0x08009564                L6470<shield_1>::set_step_mode(StepperMotor::step_mode_t)
 .text._ZN5L6470I8shield_1E5go_toEi
                0x080095a2       0x34 ./Core/Src/BlocMoteurs.o
                0x080095a2                L6470<shield_1>::go_to(int)
 .text._ZN5L6470I8shield_1E5go_toEiN12StepperMotor11direction_tE
                0x080095d6       0x46 ./Core/Src/BlocMoteurs.o
                0x080095d6                L6470<shield_1>::go_to(int, StepperMotor::direction_t)
 .text._ZN5L6470I8shield_1E7go_homeEv
                0x0800961c       0x1e ./Core/Src/BlocMoteurs.o
                0x0800961c                L6470<shield_1>::go_home()
 .text._ZN5L6470I8shield_1E7go_markEv
                0x0800963a       0x1e ./Core/Src/BlocMoteurs.o
                0x0800963a                L6470<shield_1>::go_mark()
 .text._ZN5L6470I8shield_1E8go_untilE14eL6470_ActId_tN12StepperMotor11direction_tEj
                0x08009658       0x56 ./Core/Src/BlocMoteurs.o
                0x08009658                L6470<shield_1>::go_until(eL6470_ActId_t, StepperMotor::direction_t, unsigned int)
 .text._ZN5L6470I8shield_1E3runEN12StepperMotor11direction_tE
                0x080096ae       0x44 ./Core/Src/BlocMoteurs.o
                0x080096ae                L6470<shield_1>::run(StepperMotor::direction_t)
 .text._ZN5L6470I8shield_1E3runEN12StepperMotor11direction_tEj
                0x080096f2       0x52 ./Core/Src/BlocMoteurs.o
                0x080096f2                L6470<shield_1>::run(StepperMotor::direction_t, unsigned int)
 .text._ZN5L6470I8shield_1E4moveEN12StepperMotor11direction_tEj
                0x08009744       0x32 ./Core/Src/BlocMoteurs.o
                0x08009744                L6470<shield_1>::move(StepperMotor::direction_t, unsigned int)
 .text._ZN5L6470I8shield_1E9soft_stopEv
                0x08009776       0x1e ./Core/Src/BlocMoteurs.o
                0x08009776                L6470<shield_1>::soft_stop()
 .text._ZN5L6470I8shield_1E9hard_stopEv
                0x08009794       0x1e ./Core/Src/BlocMoteurs.o
                0x08009794                L6470<shield_1>::hard_stop()
 .text._ZN5L6470I8shield_1E8soft_hizEv
                0x080097b2       0x1e ./Core/Src/BlocMoteurs.o
                0x080097b2                L6470<shield_1>::soft_hiz()
 .text._ZN5L6470I8shield_1E8hard_hizEv
                0x080097d0       0x1e ./Core/Src/BlocMoteurs.o
                0x080097d0                L6470<shield_1>::hard_hiz()
 .text._ZN5L6470I8shield_1E17wait_while_activeEv
                0x080097ee       0x34 ./Core/Src/BlocMoteurs.o
                0x080097ee                L6470<shield_1>::wait_while_active()
 .text._ZN5L6470I8shield_1E10step_clockEN12StepperMotor11direction_tE
                0x08009822       0x3c ./Core/Src/BlocMoteurs.o
                0x08009822                L6470<shield_1>::step_clock(StepperMotor::direction_t)
 .text._ZN5L6470I8shield_1E10release_swE14eL6470_ActId_tN12StepperMotor11direction_tE
                0x0800985e       0x34 ./Core/Src/BlocMoteurs.o
                0x0800985e                L6470<shield_1>::release_sw(eL6470_ActId_t, StepperMotor::direction_t)
 .text._ZN5L6470I8shield_1E12reset_deviceEv
                0x08009892       0x1e ./Core/Src/BlocMoteurs.o
                0x08009892                L6470<shield_1>::reset_device()
 .text._ZN5L6470I8shield_1E18prepare_get_statusEv
                0x080098b0       0x26 ./Core/Src/BlocMoteurs.o
                0x080098b0                L6470<shield_1>::prepare_get_status()
 .text._ZN5L6470I8shield_1E21prepare_get_parameterEj
                0x080098d6       0x2e ./Core/Src/BlocMoteurs.o
                0x080098d6                L6470<shield_1>::prepare_get_parameter(unsigned int)
 .text._ZN5L6470I8shield_1E20prepare_get_positionEv
                0x08009904       0x28 ./Core/Src/BlocMoteurs.o
                0x08009904                L6470<shield_1>::prepare_get_position()
 .text._ZN5L6470I8shield_1E16prepare_get_markEv
                0x0800992c       0x28 ./Core/Src/BlocMoteurs.o
                0x0800992c                L6470<shield_1>::prepare_get_mark()
 .text._ZN5L6470I8shield_1E17prepare_get_speedEv
                0x08009954       0x28 ./Core/Src/BlocMoteurs.o
                0x08009954                L6470<shield_1>::prepare_get_speed()
 .text._ZN5L6470I8shield_1E21prepare_get_max_speedEv
                0x0800997c       0x28 ./Core/Src/BlocMoteurs.o
                0x0800997c                L6470<shield_1>::prepare_get_max_speed()
 .text._ZN5L6470I8shield_1E21prepare_get_min_speedEv
                0x080099a4       0x28 ./Core/Src/BlocMoteurs.o
                0x080099a4                L6470<shield_1>::prepare_get_min_speed()
 .text._ZN5L6470I8shield_1E24prepare_get_accelerationEv
                0x080099cc       0x28 ./Core/Src/BlocMoteurs.o
                0x080099cc                L6470<shield_1>::prepare_get_acceleration()
 .text._ZN5L6470I8shield_1E24prepare_get_decelerationEv
                0x080099f4       0x28 ./Core/Src/BlocMoteurs.o
                0x080099f4                L6470<shield_1>::prepare_get_deceleration()
 .text._ZN5L6470I8shield_1E21prepare_get_directionEv
                0x08009a1c       0x40 ./Core/Src/BlocMoteurs.o
                0x08009a1c                L6470<shield_1>::prepare_get_direction()